Component: ARM Compiler 5.05 update 1 (build 106) Tool: armlink [4d0efa]

==============================================================================

Section Cross References

    main.o(i.AS608_get_keynum) refers to main.o(i.AS608_key_staset) for AS608_key_staset
    main.o(i.AS608_get_keynum) refers to touch.o(.data) for tp_dev
    main.o(i.AS608_get_keynum) refers to main.o(.data) for key_x
    main.o(i.AS608_key_staset) refers to lcd.o(i.LCD_Fill) for LCD_Fill
    main.o(i.AS608_key_staset) refers to text.o(i.Show_Str_Mid) for Show_Str_Mid
    main.o(i.AS608_key_staset) refers to main.o(.data) for kbd_tbl_AS608
    main.o(i.AS608_load_keyboard) refers to lcd.o(i.LCD_Fill) for LCD_Fill
    main.o(i.AS608_load_keyboard) refers to lcd.o(i.LCD_DrawRectangle) for LCD_DrawRectangle
    main.o(i.AS608_load_keyboard) refers to text.o(i.Show_Str) for Show_Str
    main.o(i.AS608_load_keyboard) refers to text.o(i.Show_Str_Mid) for Show_Str_Mid
    main.o(i.AS608_load_keyboard) refers to lcd.o(.data) for POINT_COLOR
    main.o(i.AS608_load_keyboard) refers to main.o(.data) for kbd_tbl_AS608
    main.o(i.Add_FR) refers to lcd.o(i.LCD_Fill) for LCD_Fill
    main.o(i.Add_FR) refers to text.o(i.Show_Str_Mid) for Show_Str_Mid
    main.o(i.Add_FR) refers to as608.o(i.PS_GetImage) for PS_GetImage
    main.o(i.Add_FR) refers to as608.o(i.PS_GenChar) for PS_GenChar
    main.o(i.Add_FR) refers to main.o(i.ShowErrMessage) for ShowErrMessage
    main.o(i.Add_FR) refers to as608.o(i.PS_Match) for PS_Match
    main.o(i.Add_FR) refers to delay.o(i.delay_ms) for delay_ms
    main.o(i.Add_FR) refers to as608.o(i.PS_RegModel) for PS_RegModel
    main.o(i.Add_FR) refers to main.o(i.GET_NUM) for GET_NUM
    main.o(i.Add_FR) refers to as608.o(i.PS_StoreChar) for PS_StoreChar
    main.o(i.Add_FR) refers to as608.o(i.PS_ValidTempleteNum) for PS_ValidTempleteNum
    main.o(i.Add_FR) refers to lcd.o(i.LCD_ShowNum) for LCD_ShowNum
    main.o(i.Add_FR) refers to lcd.o(.bss) for lcddev
    main.o(i.Add_FR) refers to main.o(.bss) for AS608Para
    main.o(i.Add_FR) refers to main.o(.data) for ValidN
    main.o(i.Del_FR) refers to lcd.o(i.LCD_Fill) for LCD_Fill
    main.o(i.Del_FR) refers to text.o(i.Show_Str_Mid) for Show_Str_Mid
    main.o(i.Del_FR) refers to delay.o(i.delay_ms) for delay_ms
    main.o(i.Del_FR) refers to main.o(i.AS608_load_keyboard) for AS608_load_keyboard
    main.o(i.Del_FR) refers to main.o(i.GET_NUM) for GET_NUM
    main.o(i.Del_FR) refers to as608.o(i.PS_Empty) for PS_Empty
    main.o(i.Del_FR) refers to as608.o(i.PS_DeletChar) for PS_DeletChar
    main.o(i.Del_FR) refers to main.o(i.ShowErrMessage) for ShowErrMessage
    main.o(i.Del_FR) refers to as608.o(i.PS_ValidTempleteNum) for PS_ValidTempleteNum
    main.o(i.Del_FR) refers to lcd.o(i.LCD_ShowNum) for LCD_ShowNum
    main.o(i.Del_FR) refers to lcd.o(.bss) for lcddev
    main.o(i.Del_FR) refers to main.o(.data) for kbd_delFR
    main.o(i.Del_FR) refers to main.o(.bss) for AS608Para
    main.o(i.GET_NUM) refers to main.o(i.AS608_get_keynum) for AS608_get_keynum
    main.o(i.GET_NUM) refers to lcd.o(i.LCD_ShowNum) for LCD_ShowNum
    main.o(i.ShowErrMessage) refers to lcd.o(i.LCD_Fill) for LCD_Fill
    main.o(i.ShowErrMessage) refers to as608.o(i.EnsureMessage) for EnsureMessage
    main.o(i.ShowErrMessage) refers to text.o(i.Show_Str_Mid) for Show_Str_Mid
    main.o(i.ShowErrMessage) refers to lcd.o(.bss) for lcddev
    main.o(i.main) refers to _printf_percent.o(.ARM.Collect$$_printf_percent$$00000000) for _printf_percent
    main.o(i.main) refers to _printf_d.o(.ARM.Collect$$_printf_percent$$00000009) for _printf_d
    main.o(i.main) refers to _printf_x.o(.ARM.Collect$$_printf_percent$$0000000C) for _printf_x
    main.o(i.main) refers to _printf_dec.o(.text) for _printf_int_dec
    main.o(i.main) refers to _printf_hex_int_ll_ptr.o(.text) for _printf_longlong_hex
    main.o(i.main) refers to _printf_s.o(.ARM.Collect$$_printf_percent$$00000014) for _printf_s
    main.o(i.main) refers to _printf_str.o(.text) for _printf_str
    main.o(i.main) refers to misc.o(i.NVIC_PriorityGroupConfig) for NVIC_PriorityGroupConfig
    main.o(i.main) refers to delay.o(i.delay_init) for delay_init
    main.o(i.main) refers to usart.o(i.uart_init) for uart_init
    main.o(i.main) refers to usart3.o(i.usart3_init) for usart3_init
    main.o(i.main) refers to led.o(i.LED_Init) for LED_Init
    main.o(i.main) refers to lcd.o(i.LCD_Init) for LCD_Init
    main.o(i.main) refers to key.o(i.KEY_Init) for KEY_Init
    main.o(i.main) refers to w25qxx.o(i.W25QXX_Init) for W25QXX_Init
    main.o(i.main) refers to malloc.o(i.my_mem_init) for my_mem_init
    main.o(i.main) refers to exfuns.o(i.exfuns_init) for exfuns_init
    main.o(i.main) refers to ff.o(i.f_mount) for f_mount
    main.o(i.main) refers to fontupd.o(i.font_init) for font_init
    main.o(i.main) refers to usart2.o(i.usart2_init) for usart2_init
    main.o(i.main) refers to as608.o(i.PS_StaGPIO_Init) for PS_StaGPIO_Init
[...]
    IIC_Send_Byte                            0x08003e21   Thumb Code    90  myiic.o(i.IIC_Send_Byte)
    IIC_Start                                0x08003e89   Thumb Code    64  myiic.o(i.IIC_Start)
    IIC_Stop                                 0x08003ed5   Thumb Code    62  myiic.o(i.IIC_Stop)
    IIC_Wait_Ack                             0x08003f21   Thumb Code    82  myiic.o(i.IIC_Wait_Ack)
    IsCardProgramming                        0x08003f81   Thumb Code   146  sdio_sdcard.o(i.IsCardProgramming)
    KEY_Init                                 0x080040a9   Thumb Code    60  key.o(i.KEY_Init)
    KEY_Scan                                 0x080040ed   Thumb Code   188  key.o(i.KEY_Scan)
    LCD_Clear                                0x080041b5   Thumb Code   100  lcd.o(i.LCD_Clear)
    LCD_Display_Dir                          0x08004221   Thumb Code   444  lcd.o(i.LCD_Display_Dir)
    LCD_DrawLine                             0x080043e1   Thumb Code   176  lcd.o(i.LCD_DrawLine)
    LCD_DrawPoint                            0x08004491   Thumb Code    28  lcd.o(i.LCD_DrawPoint)
    LCD_DrawRectangle                        0x080044b5   Thumb Code    60  lcd.o(i.LCD_DrawRectangle)
    LCD_Draw_Circle                          0x080044f1   Thumb Code   152  lcd.o(i.LCD_Draw_Circle)
    LCD_Fast_DrawPoint                       0x08004589   Thumb Code   374  lcd.o(i.LCD_Fast_DrawPoint)
    LCD_Fill                                 0x08004709   Thumb Code   180  lcd.o(i.LCD_Fill)
    LCD_Init                                 0x080047c1   Thumb Code 14696  lcd.o(i.LCD_Init)
    LCD_Pow                                  0x08008131   Thumb Code    22  lcd.o(i.LCD_Pow)
    LCD_RD_DATA                              0x08008149   Thumb Code    14  lcd.o(i.LCD_RD_DATA)
    LCD_ReadReg                              0x0800815d   Thumb Code    22  lcd.o(i.LCD_ReadReg)
    LCD_SSD_BackLightSet                     0x08008175   Thumb Code    88  lcd.o(i.LCD_SSD_BackLightSet)
    LCD_Scan_Dir                             0x080081d5   Thumb Code   744  lcd.o(i.LCD_Scan_Dir)
    LCD_SetCursor                            0x080084c1   Thumb Code   418  lcd.o(i.LCD_SetCursor)
    LCD_ShowChar                             0x08008669   Thumb Code   272  lcd.o(i.LCD_ShowChar)
    LCD_ShowNum                              0x08008791   Thumb Code   148  lcd.o(i.LCD_ShowNum)
    LCD_ShowString                           0x08008825   Thumb Code   102  lcd.o(i.LCD_ShowString)
    LCD_WR_DATA                              0x0800888d   Thumb Code    18  lcd.o(i.LCD_WR_DATA)
    LCD_WR_REG                               0x080088a5   Thumb Code    18  lcd.o(i.LCD_WR_REG)
    LCD_WriteRAM_Prepare                     0x080088bd   Thumb Code    10  lcd.o(i.LCD_WriteRAM_Prepare)
    LCD_WriteReg                             0x080088d1   Thumb Code    14  lcd.o(i.LCD_WriteReg)
    LED_Init                                 0x080088e5   Thumb Code    60  led.o(i.LED_Init)
    MemManage_Handler                        0x08008941   Thumb Code     4  stm32f4xx_it.o(i.MemManage_Handler)
    NMI_Handler                              0x08008945   Thumb Code     2  stm32f4xx_it.o(i.NMI_Handler)
    NVIC_Init                                0x08008949   Thumb Code   106  misc.o(i.NVIC_Init)
    NVIC_PriorityGroupConfig                 0x080089c1   Thumb Code    10  misc.o(i.NVIC_PriorityGroupConfig)
    OTT2001A_Init                            0x080089d5   Thumb Code   142  ott2001a.o(i.OTT2001A_Init)
    OTT2001A_RD_Reg                          0x08008a81   Thumb Code    98  ott2001a.o(i.OTT2001A_RD_Reg)
    OTT2001A_Scan                            0x08008ae5   Thumb Code   478  ott2001a.o(i.OTT2001A_Scan)
    OTT2001A_SensorControl                   0x08008ce9   Thumb Code    28  ott2001a.o(i.OTT2001A_SensorControl)
    OTT2001A_WR_Reg                          0x08008d05   Thumb Code    92  ott2001a.o(i.OTT2001A_WR_Reg)
    PS_DeletChar                             0x08008d61   Thumb Code   108  as608.o(i.PS_DeletChar)
    PS_Empty                                 0x08008dcd   Thumb Code    58  as608.o(i.PS_Empty)
    PS_GenChar                               0x08008e07   Thumb Code    70  as608.o(i.PS_GenChar)
    PS_GetImage                              0x08008e4d   Thumb Code    58  as608.o(i.PS_GetImage)
    PS_HandShake                             0x08008e89   Thumb Code   118  as608.o(i.PS_HandShake)
    PS_HighSpeedSearch                       0x08008f09   Thumb Code   144  as608.o(i.PS_HighSpeedSearch)
    PS_Match                                 0x08008f99   Thumb Code    58  as608.o(i.PS_Match)
    PS_ReadSysPara                           0x08008fd5   Thumb Code   168  as608.o(i.PS_ReadSysPara)
    PS_RegModel                              0x080090c5   Thumb Code    58  as608.o(i.PS_RegModel)
    PS_StaGPIO_Init                          0x08009101   Thumb Code    42  as608.o(i.PS_StaGPIO_Init)
    PS_StoreChar                             0x08009131   Thumb Code    96  as608.o(i.PS_StoreChar)
    PS_ValidTempleteNum                      0x08009191   Thumb Code   108  as608.o(i.PS_ValidTempleteNum)
    PendSV_Handler                           0x08009219   Thumb Code     2  stm32f4xx_it.o(i.PendSV_Handler)
    RCC_AHB1PeriphClockCmd                   0x0800921d   Thumb Code    26  stm32f4xx_rcc.o(i.RCC_AHB1PeriphClockCmd)
    RCC_AHB3PeriphClockCmd                   0x0800923d   Thumb Code    26  stm32f4xx_rcc.o(i.RCC_AHB3PeriphClockCmd)
    RCC_APB1PeriphClockCmd                   0x0800925d   Thumb Code    26  stm32f4xx_rcc.o(i.RCC_APB1PeriphClockCmd)
    RCC_APB1PeriphResetCmd                   0x0800927d   Thumb Code    26  stm32f4xx_rcc.o(i.RCC_APB1PeriphResetCmd)
    RCC_APB2PeriphClockCmd                   0x0800929d   Thumb Code    26  stm32f4xx_rcc.o(i.RCC_APB2PeriphClockCmd)
    RCC_APB2PeriphResetCmd                   0x080092bd   Thumb Code    26  stm32f4xx_rcc.o(i.RCC_APB2PeriphResetCmd)
    RCC_GetClocksFreq                        0x080092dd   Thumb Code   214  stm32f4xx_rcc.o(i.RCC_GetClocksFreq)
    SDEnWideBus                              0x080093c5   Thumb Code   158  sdio_sdcard.o(i.SDEnWideBus)
    SDIO_ClearFlag                           0x08009471   Thumb Code     6  stm32f4xx_sdio.o(i.SDIO_ClearFlag)
    SDIO_Clock_Set                           0x0800947d   Thumb Code    16  sdio_sdcard.o(i.SDIO_Clock_Set)
    SDIO_DataConfig                          0x08009491   Thumb Code    46  stm32f4xx_sdio.o(i.SDIO_DataConfig)
    SDIO_GetFlagStatus                       0x080094c5   Thumb Code    20  stm32f4xx_sdio.o(i.SDIO_GetFlagStatus)
    SDIO_GetPowerState                       0x080094dd   Thumb Code    10  stm32f4xx_sdio.o(i.SDIO_GetPowerState)
    SDIO_IRQHandler                          0x080094ed   Thumb Code     8  sdio_sdcard.o(i.SDIO_IRQHandler)
    SDIO_Init                                0x080094f5   Thumb Code    42  stm32f4xx_sdio.o(i.SDIO_Init)
    SDIO_Register_Deinit                     0x08009525   Thumb Code    48  sdio_sdcard.o(i.SDIO_Register_Deinit)
    SDIO_SendCommand                         0x0800955d   Thumb Code    40  stm32f4xx_sdio.o(i.SDIO_SendCommand)
    SDIO_SetPowerState                       0x08009589   Thumb Code     6  stm32f4xx_sdio.o(i.SDIO_SetPowerState)
    SD_DMA_Config                            0x08009595   Thumb Code   118  sdio_sdcard.o(i.SD_DMA_Config)
    SD_EnableWideBusOperation                0x08009615   Thumb Code    94  sdio_sdcard.o(i.SD_EnableWideBusOperation)
    SD_GetCardInfo                           0x0800967d   Thumb Code   772  sdio_sdcard.o(i.SD_GetCardInfo)
    SD_Init                                  0x08009991   Thumb Code   258  sdio_sdcard.o(i.SD_Init)
    SD_InitializeCards                       0x08009aa9   Thumb Code   330  sdio_sdcard.o(i.SD_InitializeCards)
    SD_PowerON                               0x08009c0d   Thumb Code   460  sdio_sdcard.o(i.SD_PowerON)
    SD_ProcessIRQSrc                         0x08009df1   Thumb Code   318  sdio_sdcard.o(i.SD_ProcessIRQSrc)
    SD_ReadBlock                             0x08009f45   Thumb Code   574  sdio_sdcard.o(i.SD_ReadBlock)
    SD_ReadDisk                              0x0800a1ad   Thumb Code   152  sdio_sdcard.o(i.SD_ReadDisk)
    SD_ReadMultiBlocks                       0x0800a24d   Thumb Code   710  sdio_sdcard.o(i.SD_ReadMultiBlocks)
    SD_SelectDeselect                        0x0800a541   Thumb Code    42  sdio_sdcard.o(i.SD_SelectDeselect)
    SD_SetDeviceMode                         0x0800a571   Thumb Code    20  sdio_sdcard.o(i.SD_SetDeviceMode)
    SD_WriteBlock                            0x0800a589   Thumb Code   862  sdio_sdcard.o(i.SD_WriteBlock)
    SD_WriteDisk                             0x0800a911   Thumb Code   152  sdio_sdcard.o(i.SD_WriteDisk)
    SD_WriteMultiBlocks                      0x0800a9b1   Thumb Code   934  sdio_sdcard.o(i.SD_WriteMultiBlocks)
    SPI1_Init                                0x0800ad81   Thumb Code   186  spi.o(i.SPI1_Init)
    SPI1_ReadWriteByte                       0x0800ae45   Thumb Code    50  spi.o(i.SPI1_ReadWriteByte)
    SPI1_SetSpeed                            0x0800ae7d   Thumb Code    36  spi.o(i.SPI1_SetSpeed)
    SPI_Cmd                                  0x0800aea5   Thumb Code    24  stm32f4xx_spi.o(i.SPI_Cmd)
    SPI_I2S_GetFlagStatus                    0x0800aebd   Thumb Code    18  stm32f4xx_spi.o(i.SPI_I2S_GetFlagStatus)
    SPI_I2S_ReceiveData                      0x0800aecf   Thumb Code     6  stm32f4xx_spi.o(i.SPI_I2S_ReceiveData)
    SPI_I2S_SendData                         0x0800aed5   Thumb Code     4  stm32f4xx_spi.o(i.SPI_I2S_SendData)
    SPI_Init                                 0x0800aed9   Thumb Code    60  stm32f4xx_spi.o(i.SPI_Init)
    SVC_Handler                              0x0800af15   Thumb Code     2  stm32f4xx_it.o(i.SVC_Handler)
    ShowErrMessage                           0x0800b089   Thumb Code    50  main.o(i.ShowErrMessage)
    Show_Font                                0x0800b0c1   Thumb Code   190  text.o(i.Show_Font)
    Show_Str                                 0x0800b189   Thumb Code   194  text.o(i.Show_Str)
    Show_Str_Mid                             0x0800b24d   Thumb Code   106  text.o(i.Show_Str_Mid)
    SysTick_CLKSourceConfig                  0x0800b2bd   Thumb Code    40  misc.o(i.SysTick_CLKSourceConfig)
    SysTick_Handler                          0x0800b2e5   Thumb Code     2  stm32f4xx_it.o(i.SysTick_Handler)
    SystemInit                               0x0800b2e9   Thumb Code    88  system_stm32f4xx.o(i.SystemInit)
    TIM2_IRQHandler                          0x0800b351   Thumb Code    44  timer2.o(i.TIM2_IRQHandler)
    TIM2_Int_Init                            0x0800b381   Thumb Code    78  timer2.o(i.TIM2_Int_Init)
    TIM4_IRQHandler                          0x0800b3d1   Thumb Code    46  usmart.o(i.TIM4_IRQHandler)
    TIM7_IRQHandler                          0x0800b409   Thumb Code    42  timer.o(i.TIM7_IRQHandler)
    TIM7_Int_Init                            0x0800b43d   Thumb Code    78  timer.o(i.TIM7_Int_Init)
    TIM_ClearFlag                            0x0800b491   Thumb Code     6  stm32f4xx_tim.o(i.TIM_ClearFlag)
    TIM_ClearITPendingBit                    0x0800b497   Thumb Code     6  stm32f4xx_tim.o(i.TIM_ClearITPendingBit)
    TIM_Cmd                                  0x0800b49d   Thumb Code    24  stm32f4xx_tim.o(i.TIM_Cmd)
    TIM_GetCounter                           0x0800b4b5   Thumb Code     6  stm32f4xx_tim.o(i.TIM_GetCounter)
    TIM_GetFlagStatus                        0x0800b4bb   Thumb Code    18  stm32f4xx_tim.o(i.TIM_GetFlagStatus)
    TIM_GetITStatus                          0x0800b4cd   Thumb Code    34  stm32f4xx_tim.o(i.TIM_GetITStatus)
    TIM_ITConfig                             0x0800b4ef   Thumb Code    18  stm32f4xx_tim.o(i.TIM_ITConfig)
    TIM_SetAutoreload                        0x0800b501   Thumb Code     4  stm32f4xx_tim.o(i.TIM_SetAutoreload)
    TIM_SetCounter                           0x0800b505   Thumb Code     4  stm32f4xx_tim.o(i.TIM_SetCounter)
    TIM_TimeBaseInit                         0x0800b509   Thumb Code   104  stm32f4xx_tim.o(i.TIM_TimeBaseInit)
    TP_Adj_Info_Show                         0x0800b58d   Thumb Code   374  touch.o(i.TP_Adj_Info_Show)
    TP_Adjust                                0x0800b735   Thumb Code  2304  touch.o(i.TP_Adjust)
    TP_Drow_Touch_Point                      0x0800c035   Thumb Code   108  touch.o(i.TP_Drow_Touch_Point)
    TP_Get_Adjdata                           0x0800c0a5   Thumb Code   160  touch.o(i.TP_Get_Adjdata)
    TP_Init                                  0x0800c155   Thumb Code   290  touch.o(i.TP_Init)
    TP_Read_AD                               0x0800c299   Thumb Code   132  touch.o(i.TP_Read_AD)
    TP_Read_XOY                              0x0800c32d   Thumb Code   120  touch.o(i.TP_Read_XOY)
    TP_Read_XY                               0x0800c3a5   Thumb Code    38  touch.o(i.TP_Read_XY)
    TP_Read_XY2                              0x0800c3d5   Thumb Code   192  touch.o(i.TP_Read_XY2)
    TP_Save_Adjdata                          0x0800c495   Thumb Code   118  touch.o(i.TP_Save_Adjdata)
    TP_Scan                                  0x0800c515   Thumb Code   242  touch.o(i.TP_Scan)
    TP_Write_Byte                            0x0800c611   Thumb Code    64  touch.o(i.TP_Write_Byte)
    Timer4_Init                              0x0800c65d   Thumb Code    86  usmart.o(i.Timer4_Init)
    USART1_IRQHandler                        0x0800c6b9   Thumb Code   122  usart.o(i.USART1_IRQHandler)
    USART2_IRQHandler                        0x0800c741   Thumb Code    98  usart2.o(i.USART2_IRQHandler)
    USART3_IRQHandler                        0x0800c7b1   Thumb Code    96  usart3.o(i.USART3_IRQHandler)
    USART_ClearFlag                          0x0800c821   Thumb Code    18  stm32f4xx_usart.o(i.USART_ClearFlag)
    USART_Cmd                                0x0800c833   Thumb Code    24  stm32f4xx_usart.o(i.USART_Cmd)
    USART_DeInit                             0x0800c84d   Thumb Code   206  stm32f4xx_usart.o(i.USART_DeInit)
    USART_GetFlagStatus                      0x0800c93d   Thumb Code    26  stm32f4xx_usart.o(i.USART_GetFlagStatus)
    USART_GetITStatus                        0x0800c957   Thumb Code    84  stm32f4xx_usart.o(i.USART_GetITStatus)
    USART_ITConfig                           0x0800c9ab   Thumb Code    74  stm32f4xx_usart.o(i.USART_ITConfig)
    USART_Init                               0x0800c9f5   Thumb Code   204  stm32f4xx_usart.o(i.USART_Init)
    USART_ReceiveData                        0x0800cac9   Thumb Code    10  stm32f4xx_usart.o(i.USART_ReceiveData)
    USART_SendData                           0x0800cad3   Thumb Code     8  stm32f4xx_usart.o(i.USART_SendData)
    UsageFault_Handler                       0x0800cadb   Thumb Code     4  stm32f4xx_it.o(i.UsageFault_Handler)
    W25QXX_Erase_Sector                      0x0800cae1   Thumb Code    70  w25qxx.o(i.W25QXX_Erase_Sector)
    W25QXX_Init                              0x0800cb39   Thumb Code   102  w25qxx.o(i.W25QXX_Init)
    W25QXX_Read                              0x0800cbb1   Thumb Code    74  w25qxx.o(i.W25QXX_Read)
    W25QXX_ReadID                            0x0800cc01   Thumb Code    64  w25qxx.o(i.W25QXX_ReadID)
    W25QXX_ReadSR                            0x0800cc49   Thumb Code    36  w25qxx.o(i.W25QXX_ReadSR)
    W25QXX_Wait_Busy                         0x0800cc75   Thumb Code    18  w25qxx.o(i.W25QXX_Wait_Busy)
    W25QXX_Write                             0x0800cc89   Thumb Code   180  w25qxx.o(i.W25QXX_Write)
    W25QXX_Write_Enable                      0x0800cd41   Thumb Code    24  w25qxx.o(i.W25QXX_Write_Enable)
    W25QXX_Write_NoCheck                     0x0800cd61   Thumb Code    70  w25qxx.o(i.W25QXX_Write_NoCheck)
    W25QXX_Write_Page                        0x0800cda9   Thumb Code    80  w25qxx.o(i.W25QXX_Write_Page)
    __ARM_fpclassify                         0x0800cdfd   Thumb Code    48  fpclassify.o(i.__ARM_fpclassify)
    __hardfp_sqrt                            0x0800ce2d   Thumb Code   122  sqrt.o(i.__hardfp_sqrt)
    _is_digit                                0x0800cea7   Thumb Code    14  __printf_wp.o(i._is_digit)
    _sys_exit                                0x0800ceb5   Thumb Code     4  usart.o(i._sys_exit)
    atk_8266_at_response                     0x0800ceb9   Thumb Code    46  common.o(i.atk_8266_at_response)
    atk_8266_check_cmd                       0x0800cef5   Thumb Code    44  common.o(i.atk_8266_check_cmd)
    atk_8266_consta_check                    0x0800cf29   Thumb Code    36  common.o(i.atk_8266_consta_check)
    atk_8266_get_wanip                       0x0800cf6d   Thumb Code    58  common.o(i.atk_8266_get_wanip)
    atk_8266_ip_set                          0x0800cfc1   Thumb Code   216  common.o(i.atk_8266_ip_set)
    atk_8266_quit_trans                      0x0800d0c9   Thumb Code   100  common.o(i.atk_8266_quit_trans)
    atk_8266_send_cmd                        0x0800d139   Thumb Code    92  common.o(i.atk_8266_send_cmd)
    convert_from_bytes_to_power_of_two       0x0800d23d   Thumb Code    18  sdio_sdcard.o(i.convert_from_bytes_to_power_of_two)
    delay_init                               0x0800d251   Thumb Code    52  delay.o(i.delay_init)
    delay_ms                                 0x0800d28d   Thumb Code    56  delay.o(i.delay_ms)
    delay_us                                 0x0800d2c5   Thumb Code    72  delay.o(i.delay_us)
    delay_xms                                0x0800d311   Thumb Code    72  delay.o(i.delay_xms)
    disk_initialize                          0x0800d35d   Thumb Code    52  diskio.o(i.disk_initialize)
    disk_read                                0x0800d395   Thumb Code    98  diskio.o(i.disk_read)
    disk_status                              0x0800d3f7   Thumb Code     6  diskio.o(i.disk_status)
    disk_write                               0x0800d3fd   Thumb Code    98  diskio.o(i.disk_write)
    exfuns_init                              0x0800d461   Thumb Code   110  exfuns.o(i.exfuns_init)
    f_mount                                  0x0800d4e1   Thumb Code    86  ff.o(i.f_mount)
    font_init                                0x0800d8c5   Thumb Code    64  fontupd.o(i.font_init)
    fputc                                    0x0800d909   Thumb Code    22  usart.o(i.fputc)
    main                                     0x0800d971   Thumb Code  2422  main.o(i.main)
    my_mem_free                              0x0800e3bd   Thumb Code    96  malloc.o(i.my_mem_free)
    my_mem_init                              0x0800e429   Thumb Code    54  malloc.o(i.my_mem_init)
    my_mem_malloc                            0x0800e46d   Thumb Code   156  malloc.o(i.my_mem_malloc)
    my_mem_perused                           0x0800e515   Thumb Code    54  malloc.o(i.my_mem_perused)
    myfree                                   0x0800e555   Thumb Code    30  malloc.o(i.myfree)
    mymalloc                                 0x0800e579   Thumb Code    34  malloc.o(i.mymalloc)
    mymemset                                 0x0800e5a1   Thumb Code    20  malloc.o(i.mymemset)
    press_FR                                 0x0800e5b5   Thumb Code     2  main.o(i.press_FR)
    read_addr                                0x0800e5b7   Thumb Code     6  usmart.o(i.read_addr)
    u3_printf                                0x0800e609   Thumb Code    72  usart3.o(i.u3_printf)
    uart_init                                0x0800e659   Thumb Code   172  usart.o(i.uart_init)
    usart2_init                              0x0800e70d   Thumb Code   198  usart2.o(i.usart2_init)
    usart3_init                              0x0800e7e1   Thumb Code   198  usart3.o(i.usart3_init)
    usmart_cmd_rec                           0x0800e8b9   Thumb Code   170  usmart.o(i.usmart_cmd_rec)
    usmart_exe                               0x0800e969   Thumb Code   632  usmart.o(i.usmart_exe)
    usmart_get_aparm                         0x0800ec3d   Thumb Code   200  usmart_str.o(i.usmart_get_aparm)
    usmart_get_cmdname                       0x0800ed05   Thumb Code    54  usmart_str.o(i.usmart_get_cmdname)
    usmart_get_fname                         0x0800ed3d   Thumb Code   440  usmart_str.o(i.usmart_get_fname)
    usmart_get_fparam                        0x0800eefd   Thumb Code   262  usmart_str.o(i.usmart_get_fparam)
    usmart_get_parmpos                       0x0800f009   Thumb Code    26  usmart_str.o(i.usmart_get_parmpos)
    usmart_get_runtime                       0x0800f029   Thumb Code    60  usmart.o(i.usmart_get_runtime)
    usmart_init                              0x0800f06d   Thumb Code    36  usmart.o(i.usmart_init)
    usmart_pow                               0x0800f095   Thumb Code    22  usmart_str.o(i.usmart_pow)
    usmart_reset_runtime                     0x0800f0ad   Thumb Code    38  usmart.o(i.usmart_reset_runtime)
    usmart_scan                              0x0800f0dd   Thumb Code   120  usmart.o(i.usmart_scan)
    usmart_search_nextc                      0x0800f199   Thumb Code    22  usmart_str.o(i.usmart_search_nextc)
    usmart_str2num                           0x0800f1af   Thumb Code   202  usmart_str.o(i.usmart_str2num)
    usmart_strcmp                            0x0800f279   Thumb Code    34  usmart_str.o(i.usmart_strcmp)
    usmart_strcopy                           0x0800f29b   Thumb Code    22  usmart_str.o(i.usmart_strcopy)
    usmart_strlen                            0x0800f2b1   Thumb Code    24  usmart_str.o(i.usmart_strlen)
    usmart_sys_cmd_exe                       0x0800f2c9   Thumb Code  1554  usmart.o(i.usmart_sys_cmd_exe)
    write_addr                               0x0800f9ad   Thumb Code     4  usmart.o(i.write_addr)
    _get_lc_numeric                          0x0800f9b1   Thumb Code    44  lc_numeric_c.o(locale$$code)
    _get_lc_ctype                            0x0800f9dd   Thumb Code    44  lc_ctype_c.o(locale$$code)
    __aeabi_dadd                             0x0800fa09   Thumb Code     0  daddsub_clz.o(x$fpl$dadd)
    _dadd                                    0x0800fa09   Thumb Code   332  daddsub_clz.o(x$fpl$dadd)
    __fpl_dcmp_Inf                           0x0800fb59   Thumb Code    24  dcmpi.o(x$fpl$dcmpinf)
    __aeabi_d2uiz                            0x0800fb71   Thumb Code     0  dfixu.o(x$fpl$dfixu)
    _dfixu                                   0x0800fb71   Thumb Code    90  dfixu.o(x$fpl$dfixu)
    __aeabi_i2d                              0x0800fbcb   Thumb Code     0  dflt_clz.o(x$fpl$dflt)
    _dflt                                    0x0800fbcb   Thumb Code    46  dflt_clz.o(x$fpl$dflt)
    __aeabi_ui2d                             0x0800fbf9   Thumb Code     0  dflt_clz.o(x$fpl$dfltu)
    _dfltu                                   0x0800fbf9   Thumb Code    38  dflt_clz.o(x$fpl$dfltu)
    __aeabi_cdcmple                          0x0800fc21   Thumb Code     0  dleqf.o(x$fpl$dleqf)
    _dcmple                                  0x0800fc21   Thumb Code   120  dleqf.o(x$fpl$dleqf)
    __fpl_dcmple_InfNaN                      0x0800fc83   Thumb Code     0  dleqf.o(x$fpl$dleqf)
    __aeabi_dmul                             0x0800fc99   Thumb Code     0  dmul.o(x$fpl$dmul)
    _dmul                                    0x0800fc99   Thumb Code   332  dmul.o(x$fpl$dmul)
    __fpl_dnaninf                            0x0800fded   Thumb Code   156  dnaninf.o(x$fpl$dnaninf)
    __fpl_dretinf                            0x0800fe89   Thumb Code    12  dretinf.o(x$fpl$dretinf)
    __aeabi_cdrcmple                         0x0800fe95   Thumb Code     0  drleqf.o(x$fpl$drleqf)
    _drcmple                                 0x0800fe95   Thumb Code   108  drleqf.o(x$fpl$drleqf)
    __aeabi_drsub                            0x0800ff01   Thumb Code     0  daddsub_clz.o(x$fpl$drsb)
    _drsb                                    0x0800ff01   Thumb Code    22  daddsub_clz.o(x$fpl$drsb)
    _dsqrt                                   0x0800ff19   Thumb Code   404  dsqrt_umaal.o(x$fpl$dsqrt)
    __aeabi_dsub                             0x080100b1   Thumb Code     0  daddsub_clz.o(x$fpl$dsub)
    _dsub                                    0x080100b1   Thumb Code   464  daddsub_clz.o(x$fpl$dsub)
    __aeabi_f2d                              0x08010285   Thumb Code     0  f2d.o(x$fpl$f2d)
    _f2d                                     0x08010285   Thumb Code    86  f2d.o(x$fpl$f2d)
    __fpl_fnaninf                            0x080102db   Thumb Code   140  fnaninf.o(x$fpl$fnaninf)
    _fp_init                                 0x08010367   Thumb Code    10  fpinit.o(x$fpl$fpinit)
    __fplib_config_fpu_vfp                   0x0801036f   Thumb Code     0  fpinit.o(x$fpl$fpinit)
    __fplib_config_pureend_doubles           0x0801036f   Thumb Code     0  fpinit.o(x$fpl$fpinit)
    _printf_fp_dec                           0x08010371   Thumb Code     4  printf1.o(x$fpl$printf1)
    _printf_fp_hex                           0x08010375   Thumb Code     4  printf2.o(x$fpl$printf2)
    __I$use$fp                               0x08010378   Number         0  usenofp.o(x$fpl$usenofp)
    asc2_1206                                0x08010378   Data        1140  lcd.o(.constdata)
    asc2_1608                                0x080107ec   Data        1520  lcd.o(.constdata)
    asc2_2412                                0x08010ddc   Data        3420  lcd.o(.constdata)
    FT5206_TPX_TBL                           0x08011b38   Data          10  ft5206.o(.constdata)
    GT9147_CFG_TBL                           0x08011b42   Data         184  gt9147.o(.constdata)
    GT9147_TPX_TBL                           0x08011bfa   Data          10  gt9147.o(.constdata)
    OTT_TPX_TBL                              0x08011c04   Data          10  ott2001a.o(.constdata)
    TP_REMIND_MSG_TBL                        0x08011c10   Data           4  touch.o(.constdata)
    memtblsize                               0x08011c14   Data          12  malloc.o(.constdata)
    memblksize                               0x08011c20   Data          12  malloc.o(.constdata)
    memsize                                  0x08011c2c   Data          12  malloc.o(.constdata)
    Region$$Table$$Base                      0x08011fe0   Number         0  anon$$obj.o(Region$$Table)
    Region$$Table$$Limit                     0x08012000   Number         0  anon$$obj.o(Region$$Table)
    __ctype                                  0x08012029   Data           0  lc_ctype_c.o(locale$$data)
    mem3base                                 0x10000000   Data       61440  malloc.o(.ARM.__AT_0x10000000)
    mem3mapbase                              0x1000f000   Data        3840  malloc.o(.ARM.__AT_0x1000F000)
    ValidN                                   0x20000000   Data           2  main.o(.data)
    kbd_tbl_AS608                            0x20000004   Data           4  main.o(.data)
    kbd_menu                                 0x20000008   Data          60  main.o(.data)
    kbd_delFR                                0x20000044   Data          60  main.o(.data)
    __stdout                                 0x20000088   Data           4  usart.o(.data)
    USART_RX_STA                             0x2000008c   Data           2  usart.o(.data)
    POINT_COLOR                              0x20000090   Data           2  lcd.o(.data)
    BACK_COLOR                               0x20000092   Data           2  lcd.o(.data)
    TransferError                            0x2000009e   Data           1  sdio_sdcard.o(.data)
    TransferEnd                              0x2000009f   Data           1  sdio_sdcard.o(.data)
    tempbuff                                 0x200000a0   Data           4  sdio_sdcard.o(.data)
    tp_dev                                   0x200000a8   Data          52  touch.o(.data)
    CMD_RDX                                  0x200000dc   Data           1  touch.o(.data)
    CMD_RDY                                  0x200000dd   Data           1  touch.o(.data)
    USART3_RX_STA                            0x200000de   Data           2  usart3.o(.data)
    W25QXX_TYPE                              0x200000e0   Data           2  w25qxx.o(.data)
    USART2_RX_STA                            0x200000e2   Data           2  usart2.o(.data)
    AS608Addr                                0x200000e4   Data           4  as608.o(.data)
    mallco_dev                               0x200000f8   Data          36  malloc.o(.data)
    FLASH_SECTOR_COUNT                       0x20000126   Data           2  diskio.o(.data)
    FILE_TYPE_TBL                            0x20000128   Data         312  exfuns.o(.data)
    fs                                       0x20000260   Data           8  exfuns.o(.data)
    file                                     0x20000268   Data           4  exfuns.o(.data)
    ftemp                                    0x2000026c   Data           4  exfuns.o(.data)
    br                                       0x20000270   Data           4  exfuns.o(.data)
    bw                                       0x20000274   Data           4  exfuns.o(.data)
    fatbuf                                   0x20000278   Data           4  exfuns.o(.data)
    kbd_tbl                                  0x2000027c   Data          52  common.o(.data)
    portnum                                  0x200002b0   Data           4  common.o(.data)
    wifista_ssid                             0x200002b4   Data           4  common.o(.data)
    wifista_encryption                       0x200002b8   Data           4  common.o(.data)
    wifista_password                         0x200002bc   Data           4  common.o(.data)
    wifiap_ssid                              0x200002c0   Data           4  common.o(.data)
    wifiap_encryption                        0x200002c4   Data           4  common.o(.data)
    wifiap_password                          0x200002c8   Data           4  common.o(.data)
    ATK_ESP8266_CWMODE_TBL                   0x200002cc   Data          12  common.o(.data)
    ATK_ESP8266_WORKMODE_TBL                 0x200002d8   Data          12  common.o(.data)
    ATK_ESP8266_ECN_TBL                      0x200002e4   Data          20  common.o(.data)
    kbd_fn_tbl                               0x200002f8   Data           8  common.o(.data)
    sys_cmd_tab                              0x20000304   Data          28  usmart.o(.data)
    usmart_nametab                           0x20000320   Data          32  usmart_config.o(.data)
    usmart_dev                               0x20000340   Data         244  usmart_config.o(.data)
    AS608Para                                0x20000434   Data          12  main.o(.bss)
    USART_RX_BUF                             0x20000440   Data         200  usart.o(.bss)
    lcddev                                   0x20000508   Data          14  lcd.o(.bss)
    SDIO_InitStructure                       0x20000518   Data          24  sdio_sdcard.o(.bss)
    SDIO_CmdInitStructure                    0x20000530   Data          20  sdio_sdcard.o(.bss)
    SDIO_DataInitStructure                   0x20000544   Data          24  sdio_sdcard.o(.bss)
    SDCardInfo                               0x20000580   Data          88  sdio_sdcard.o(.bss)
    SDIO_DATA_BUFFER                         0x200005d8   Data         512  sdio_sdcard.o(.bss)
    USART3_TX_BUF                            0x200007d8   Data         400  usart3.o(.bss)
    USART3_RX_BUF                            0x20000968   Data         400  usart3.o(.bss)
    W25QXX_BUFFER                            0x20000af8   Data        4096  w25qxx.o(.bss)
    USART2_TX_BUF                            0x20001af8   Data         400  usart2.o(.bss)
    USART2_RX_BUF                            0x20001c88   Data         400  usart2.o(.bss)
    mem1base                                 0x20001e20   Data       102400  malloc.o(.bss)
    mem1mapbase                              0x2001ae20   Data        6400  malloc.o(.bss)
    ftinfo                                   0x2001c720   Data          33  fontupd.o(.bss)
    __libspace_start                         0x2001c744   Data          96  libspace.o(.bss)
    __temporary_stack_top$libspace           0x2001c7a4   Data           0  libspace.o(.bss)
    mem2base                                 0x68000000   Data       983040  malloc.o(.ARM.__AT_0x68000000)
    mem2mapbase                              0x680f0000   Data       61440  malloc.o(.ARM.__AT_0x680F0000)



==============================================================================

Memory Map of the image

  Image Entry point : 0x08000189

  Load Region LR_IROM1 (Base: 0x08000000, Size: 0x00012560, Max: 0x00100000, ABSOLUTE, COMPRESSED[0x00012298])

    Execution Region ER_IROM1 (Base: 0x08000000, Size: 0x0001212c, Max: 0x00100000, ABSOLUTE)

    Base Addr    Size         Type   Attr      Idx    E Section Name        Object

    0x08000000   0x00000188   Data   RO          436    RESET               startup_stm32f40_41xxx.o
    0x08000188   0x00000008   Code   RO         5737  * !!!main             c_w.l(__main.o)
    0x08000190   0x00000034   Code   RO         6073    !!!scatter          c_w.l(__scatter.o)
    0x080001c4   0x0000005a   Code   RO         6071    !!dczerorl2         c_w.l(__dczerorl2.o)
    0x0800021e   0x00000002   PAD
    0x08000220   0x0000001c   Code   RO         6075    !!handler_zi        c_w.l(__scatter_zi.o)
    0x0800023c   0x00000000   Code   RO         5722    .ARM.Collect$$_printf_percent$$00000000  c_w.l(_printf_percent.o)
    0x0800023c   0x00000006   Code   RO         5807    .ARM.Collect$$_printf_percent$$00000001  c_w.l(_printf_n.o)
    0x08000242   0x00000006   Code   RO         5808    .ARM.Collect$$_printf_percent$$00000002  c_w.l(_printf_p.o)
    0x08000248   0x00000006   Code   RO         5811    .ARM.Collect$$_printf_percent$$00000003  c_w.l(_printf_f.o)
    0x0800024e   0x00000006   Code   RO         5812    .ARM.Collect$$_printf_percent$$00000004  c_w.l(_printf_e.o)
    0x08000254   0x00000006   Code   RO         5813    .ARM.Collect$$_printf_percent$$00000005  c_w.l(_printf_g.o)
    0x0800025a   0x00000006   Code   RO         5814    .ARM.Collect$$_printf_percent$$00000006  c_w.l(_printf_a.o)
    0x08000260   0x0000000a   Code   RO         5819    .ARM.Collect$$_printf_percent$$00000007  c_w.l(_printf_ll.o)
    0x0800026a   0x00000006   Code   RO         5810    .ARM.Collect$$_printf_percent$$00000008  c_w.l(_printf_i.o)
    0x08000270   0x00000006   Code   RO         5720    .ARM.Collect$$_printf_percent$$00000009  c_w.l(_printf_d.o)
    0x08000276   0x00000006   Code   RO         5721    .ARM.Collect$$_printf_percent$$0000000A  c_w.l(_printf_u.o)
    0x0800027c   0x00000006   Code   RO         5809    .ARM.Collect$$_printf_percent$$0000000B  c_w.l(_printf_o.o)
    0x08000282   0x00000006   Code   RO         5719    .ARM.Collect$$_printf_percent$$0000000C  c_w.l(_printf_x.o)
    0x08000288   0x00000006   Code   RO         5816    .ARM.Collect$$_printf_percent$$0000000D  c_w.l(_printf_lli.o)
    0x0800028e   0x00000006   Code   RO         5817    .ARM.Collect$$_printf_percent$$0000000E  c_w.l(_printf_lld.o)
    0x08000294   0x00000006   Code   RO         5818    .ARM.Collect$$_printf_percent$$0000000F  c_w.l(_printf_llu.o)
    0x0800029a   0x00000006   Code   RO         5823    .ARM.Collect$$_printf_percent$$00000010  c_w.l(_printf_llo.o)
    0x080002a0   0x00000006   Code   RO         5824    .ARM.Collect$$_printf_percent$$00000011  c_w.l(_printf_llx.o)
    0x080002a6   0x0000000a   Code   RO         5820    .ARM.Collect$$_printf_percent$$00000012  c_w.l(_printf_l.o)
    0x080002b0   0x00000006   Code   RO         5717    .ARM.Collect$$_printf_percent$$00000013  c_w.l(_printf_c.o)
    0x080002b6   0x00000006   Code   RO         5718    .ARM.Collect$$_printf_percent$$00000014  c_w.l(_printf_s.o)
    0x080002bc   0x00000006   Code   RO         5821    .ARM.Collect$$_printf_percent$$00000015  c_w.l(_printf_lc.o)
    0x080002c2   0x00000006   Code   RO         5822    .ARM.Collect$$_printf_percent$$00000016  c_w.l(_printf_ls.o)
    0x080002c8   0x00000004   Code   RO         5815    .ARM.Collect$$_printf_percent$$00000017  c_w.l(_printf_percent_end.o)
    0x080002cc   0x00000002   Code   RO         5938    .ARM.Collect$$libinit$$00000000  c_w.l(libinit.o)
    0x080002ce   0x00000004   Code   RO         5952    .ARM.Collect$$libinit$$00000001  c_w.l(libinit2.o)
    0x080002d2   0x00000000   Code   RO         5955    .ARM.Collect$$libinit$$00000004  c_w.l(libinit2.o)
    0x080002d2   0x00000000   Code   RO         5958    .ARM.Collect$$libinit$$0000000A  c_w.l(libinit2.o)
    0x080002d2   0x00000000   Code   RO         5960    .ARM.Collect$$libinit$$0000000C  c_w.l(libinit2.o)
    0x080002d2   0x00000000   Code   RO         5962    .ARM.Collect$$libinit$$0000000E  c_w.l(libinit2.o)
    0x080002d2   0x00000006   Code   RO         5963    .ARM.Collect$$libinit$$0000000F  c_w.l(libinit2.o)
    0x080002d8   0x00000000   Code   RO         5965    .ARM.Collect$$libinit$$00000011  c_w.l(libinit2.o)
    0x080002d8   0x0000000c   Code   RO         5966    .ARM.Collect$$libinit$$00000012  c_w.l(libinit2.o)
    0x080002e4   0x00000000   Code   RO         5967    .ARM.Collect$$libinit$$00000013  c_w.l(libinit2.o)
    0x080002e4   0x00000000   Code   RO         5969    .ARM.Collect$$libinit$$00000015  c_w.l(libinit2.o)
    0x080002e4   0x0000000a   Code   RO         5970    .ARM.Collect$$libinit$$00000016  c_w.l(libinit2.o)
    0x080002ee   0x00000000   Code   RO         5971    .ARM.Collect$$libinit$$00000017  c_w.l(libinit2.o)
    0x080002ee   0x00000000   Code   RO         5973    .ARM.Collect$$libinit$$00000019  c_w.l(libinit2.o)
    0x080002ee   0x00000000   Code   RO         5975    .ARM.Collect$$libinit$$0000001B  c_w.l(libinit2.o)
    0x080002ee   0x00000000   Code   RO         5977    .ARM.Collect$$libinit$$0000001D  c_w.l(libinit2.o)
    0x080002ee   0x00000000   Code   RO         5979    .ARM.Collect$$libinit$$0000001F  c_w.l(libinit2.o)
    0x080002ee   0x00000000   Code   RO         5981    .ARM.Collect$$libinit$$00000021  c_w.l(libinit2.o)
    0x080002ee   0x00000000   Code   RO         5983    .ARM.Collect$$libinit$$00000023  c_w.l(libinit2.o)
    0x080002ee   0x00000000   Code   RO         5985    .ARM.Collect$$libinit$$00000025  c_w.l(libinit2.o)
    0x080002ee   0x00000000   Code   RO         5989    .ARM.Collect$$libinit$$0000002C  c_w.l(libinit2.o)
    0x080002ee   0x00000000   Code   RO         5991    .ARM.Collect$$libinit$$0000002E  c_w.l(libinit2.o)
    0x080002ee   0x00000000   Code   RO         5993    .ARM.Collect$$libinit$$00000030  c_w.l(libinit2.o)
    0x080002ee   0x00000000   Code   RO         5995    .ARM.Collect$$libinit$$00000032  c_w.l(libinit2.o)
    0x080002ee   0x00000002   Code   RO         5996    .ARM.Collect$$libinit$$00000033  c_w.l(libinit2.o)
    0x080002f0   0x00000002   Code   RO         6024    .ARM.Collect$$libshutdown$$00000000  c_w.l(libshutdown.o)
    0x080002f2   0x00000000   Code   RO         6039    .ARM.Collect$$libshutdown$$00000003  c_w.l(libshutdown2.o)
    0x080002f2   0x00000000   Code   RO         6042    .ARM.Collect$$libshutdown$$00000006  c_w.l(libshutdown2.o)
    0x080002f2   0x00000000   Code   RO         6045    .ARM.Collect$$libshutdown$$00000009  c_w.l(libshutdown2.o)
    0x080002f2   0x00000000   Code   RO         6047    .ARM.Collect$$libshutdown$$0000000B  c_w.l(libshutdown2.o)
    0x080002f2   0x00000000   Code   RO         6050    .ARM.Collect$$libshutdown$$0000000E  c_w.l(libshutdown2.o)
    0x080002f2   0x00000002   Code   RO         6051    .ARM.Collect$$libshutdown$$0000000F  c_w.l(libshutdown2.o)
    0x080002f4   0x00000000   Code   RO         5777    .ARM.Collect$$rtentry$$00000000  c_w.l(__rtentry.o)
    0x080002f4   0x00000000   Code   RO         5847    .ARM.Collect$$rtentry$$00000002  c_w.l(__rtentry2.o)
    0x080002f4   0x00000006   Code   RO         5859    .ARM.Collect$$rtentry$$00000004  c_w.l(__rtentry4.o)
    0x080002fa   0x00000000   Code   RO         5849    .ARM.Collect$$rtentry$$00000009  c_w.l(__rtentry2.o)
    0x080002fa   0x00000004   Code   RO         5850    .ARM.Collect$$rtentry$$0000000A  c_w.l(__rtentry2.o)
    0x080002fe   0x00000000   Code   RO         5852    .ARM.Collect$$rtentry$$0000000C  c_w.l(__rtentry2.o)
    0x080002fe   0x00000008   Code   RO         5853    .ARM.Collect$$rtentry$$0000000D  c_w.l(__rtentry2.o)
    0x08000306   0x00000002   Code   RO         5943    .ARM.Collect$$rtexit$$00000000  c_w.l(rtexit.o)
    0x08000308   0x00000000   Code   RO         5998    .ARM.Collect$$rtexit$$00000002  c_w.l(rtexit2.o)
    0x08000308   0x00000004   Code   RO         5999    .ARM.Collect$$rtexit$$00000003  c_w.l(rtexit2.o)
    0x0800030c   0x00000006   Code   RO         6000    .ARM.Collect$$rtexit$$00000004  c_w.l(rtexit2.o)
    0x08000312   0x00000002   PAD
    0x08000314   0x00000010   Code   RO          488    .emb_text           sys.o
    0x08000324   0x00000040   Code   RO          437    .text               startup_stm32f40_41xxx.o
    0x08000364   0x00000002   Code   RO         5654    .text               c_w.l(use_no_semi_2.o)
    0x08000366   0x00000002   PAD
    0x08000368   0x00000024   Code   RO         5658    .text               c_w.l(vsprintf.o)
    0x0800038c   0x00000018   Code   RO         5660    .text               c_w.l(__2printf.o)
    0x080003a4   0x0000002c   Code   RO         5662    .text               c_w.l(__2sprintf.o)
    0x080003d0   0x0000004e   Code   RO         5670    .text               c_w.l(_printf_pad.o)
    0x0800041e   0x00000052   Code   RO         5672    .text               c_w.l(_printf_str.o)
    0x08000470   0x00000078   Code   RO         5674    .text               c_w.l(_printf_dec.o)
    0x080004e8   0x00000094   Code   RO         5694    .text               c_w.l(_printf_hex_int_ll_ptr.o)
    0x0800057c   0x00000188   Code   RO         5714    .text               c_w.l(__printf_flags_ss_wp.o)
    0x08000704   0x00000024   Code   RO         5723    .text               c_w.l(strstr.o)
    0x08000728   0x0000003e   Code   RO         5727    .text               c_w.l(strlen.o)
    0x08000766   0x0000008a   Code   RO         5731    .text               c_w.l(rt_memcpy_v6.o)
    0x080007f0   0x00000080   Code   RO         5733    .text               c_w.l(strcmpv7m.o)
    0x08000870   0x00000006   Code   RO         5735    .text               c_w.l(heapauxi.o)
    0x08000876   0x00000002   Code   RO         5775    .text               c_w.l(use_no_semi.o)
    0x08000878   0x00000016   Code   RO         5780    .text               c_w.l(_rserrno.o)
    0x0800088e   0x00000024   Code   RO         5782    .text               c_w.l(_printf_truncate.o)
    0x080008b2   0x000000b2   Code   RO         5784    .text               c_w.l(_printf_intcommon.o)
    0x08000964   0x00000028   Code   RO         5786    .text               c_w.l(_printf_charcount.o)
    0x0800098c   0x00000030   Code   RO         5788    .text               c_w.l(_printf_char_common.o)
    0x080009bc   0x0000000a   Code   RO         5790    .text               c_w.l(_sputc.o)
    0x080009c6   0x0000002c   Code   RO         5792    .text               c_w.l(_printf_char.o)
    0x080009f2   0x00000002   PAD
    0x080009f4   0x00000024   Code   RO         5794    .text               c_w.l(_printf_char_file.o)
    0x08000a18   0x000000bc   Code   RO         5796    .text               c_w.l(_printf_wctomb.o)
    0x08000ad4   0x0000007c   Code   RO         5799    .text               c_w.l(_printf_longlong_dec.o)
    0x08000b50   0x00000070   Code   RO         5805    .text               c_w.l(_printf_oct_int_ll.o)
    0x08000bc0   0x00000064   Code   RO         5825    .text               c_w.l(rt_memcpy_w.o)
    0x08000c24   0x00000008   Code   RO         5868    .text               c_w.l(rt_errno_addr_intlibspace.o)
    0x08000c2c   0x0000008a   Code   RO         5870    .text               c_w.l(lludiv10.o)
    0x08000cb6   0x0000041a   Code   RO         5872    .text               c_w.l(_printf_fp_dec.o)
    0x080010d0   0x000002fc   Code   RO         5874    .text               c_w.l(_printf_fp_hex.o)
    0x080013cc   0x0000002c   Code   RO         5879    .text               c_w.l(_printf_wchar.o)
    0x080013f8   0x00000008   Code   RO         5881    .text               c_w.l(ferror.o)
    0x08001400   0x00000040   Code   RO         5885    .text               c_w.l(_wcrtomb.o)
    0x08001440   0x00000008   Code   RO         5887    .text               c_w.l(libspace.o)
    0x08001448   0x0000004a   Code   RO         5890    .text               c_w.l(sys_stackheap_outer.o)
    0x08001492   0x00000002   PAD
    0x08001494   0x00000010   Code   RO         5892    .text               c_w.l(rt_ctype_table.o)
    0x080014a4   0x00000008   Code   RO         5899    .text               c_w.l(rt_locale_intlibspace.o)
    0x080014ac   0x00000080   Code   RO         5901    .text               c_w.l(_printf_fp_infnan.o)
    0x0800152c   0x000000dc   Code   RO         5903    .text               c_w.l(bigflt0.o)
    0x08001608   0x0000000c   Code   RO         5931    .text               c_w.l(exit.o)
    0x08001614   0x0000003e   Code   RO         5906    CL$$btod_d2e        c_w.l(btod.o)
    0x08001652   0x00000046   Code   RO         5908    CL$$btod_d2e_denorm_low  c_w.l(btod.o)
    0x08001698   0x00000060   Code   RO         5907    CL$$btod_d2e_norm_op1  c_w.l(btod.o)
    0x080016f8   0x00000338   Code   RO         5916    CL$$btod_div_common  c_w.l(btod.o)
    0x08001a30   0x000000c6   Code   RO         5913    CL$$btod_e2e        c_w.l(btod.o)
    0x08001af6   0x00000028   Code   RO         5910    CL$$btod_ediv       c_w.l(btod.o)
    0x08001b1e   0x00000028   Code   RO         5909    CL$$btod_emul       c_w.l(btod.o)
    0x08001b46   0x00000244   Code   RO         5915    CL$$btod_mult_common  c_w.l(btod.o)
    0x08001d8a   0x00000002   PAD
    0x08001d8c   0x000000f0   Code   RO            4    i.AS608_get_keynum  main.o
    0x08001e7c   0x00000104   Code   RO            5    i.AS608_key_staset  main.o
    0x08001f80   0x00000134   Code   RO            6    i.AS608_load_keyboard  main.o
    0x080020b4   0x00000008   Code   RO          564    i.AT24CXX_Init      24cxx.o
    0x080020bc   0x0000002c   Code   RO          566    i.AT24CXX_ReadLenByte  24cxx.o
    0x080020e8   0x00000058   Code   RO          567    i.AT24CXX_ReadOneByte  24cxx.o
    0x08002140   0x0000002a   Code   RO          569    i.AT24CXX_WriteLenByte  24cxx.o
    0x0800216a   0x00000050   Code   RO          570    i.AT24CXX_WriteOneByte  24cxx.o
    0x080021ba   0x00000002   PAD
    0x080021bc   0x000003d4   Code   RO            7    i.Add_FR            main.o
    0x08002590   0x00000040   Code   RO         1812    i.BEEP_Init         beep.o
    0x080025d0   0x00000004   Code   RO          295    i.BusFault_Handler  stm32f4xx_it.o
    0x080025d4   0x0000000a   Code   RO         1314    i.CT_Delay          ctiic.o
    0x080025de   0x00000002   PAD
    0x080025e0   0x00000054   Code   RO         1315    i.CT_IIC_Ack        ctiic.o
    0x08002634   0x00000044   Code   RO         1316    i.CT_IIC_Init       ctiic.o
    0x08002678   0x00000054   Code   RO         1317    i.CT_IIC_NAck       ctiic.o
    0x080026cc   0x0000006c   Code   RO         1318    i.CT_IIC_Read_Byte  ctiic.o
    0x08002738   0x00000064   Code   RO         1319    i.CT_IIC_Send_Byte  ctiic.o
    0x0800279c   0x0000004c   Code   RO         1320    i.CT_IIC_Start      ctiic.o
    0x080027e8   0x00000048   Code   RO         1321    i.CT_IIC_Stop       ctiic.o
    0x08002830   0x00000060   Code   RO         1322    i.CT_IIC_Wait_Ack   ctiic.o
    0x08002890   0x00000030   Code   RO          978    i.CmdError          sdio_sdcard.o
    0x080028c0   0x00000064   Code   RO          979    i.CmdResp1Error     sdio_sdcard.o
    0x08002924   0x00000054   Code   RO          980    i.CmdResp2Error     sdio_sdcard.o
    0x08002978   0x00000038   Code   RO          981    i.CmdResp3Error     sdio_sdcard.o
    0x080029b0   0x00000094   Code   RO          982    i.CmdResp6Error     sdio_sdcard.o
    0x08002a44   0x0000004c   Code   RO          983    i.CmdResp7Error     sdio_sdcard.o
    0x08002a90   0x00000016   Code   RO         2139    i.DMA_Cmd           stm32f4xx_dma.o
    0x08002aa6   0x00000002   PAD
    0x08002aa8   0x00000158   Code   RO         2140    i.DMA_DeInit        stm32f4xx_dma.o
    0x08002c00   0x00000016   Code   RO         2143    i.DMA_FlowControllerConfig  stm32f4xx_dma.o
    0x08002c16   0x00000014   Code   RO         2144    i.DMA_GetCmdStatus  stm32f4xx_dma.o
    0x08002c2a   0x00000002   PAD
    0x08002c2c   0x00000058   Code   RO         2151    i.DMA_Init          stm32f4xx_dma.o
    0x08002c84   0x00000002   Code   RO          296    i.DebugMon_Handler  stm32f4xx_it.o
    0x08002c86   0x00000002   PAD
    0x08002c88   0x00000154   Code   RO            8    i.Del_FR            main.o
    0x08002ddc   0x00000270   Code   RO         1883    i.EnsureMessage     as608.o
    0x0800304c   0x00000034   Code   RO         2346    i.FSMC_NORSRAMCmd   stm32f4xx_fsmc.o
    0x08003080   0x000000e6   Code   RO         2348    i.FSMC_NORSRAMInit  stm32f4xx_fsmc.o
    0x08003166   0x00000002   PAD
    0x08003168   0x000000e8   Code   RO         1389    i.FT5206_Init       ft5206.o
    0x08003250   0x00000058   Code   RO         1390    i.FT5206_RD_Reg     ft5206.o
    0x080032a8   0x0000019c   Code   RO         1391    i.FT5206_Scan       ft5206.o
    0x08003444   0x00000052   Code   RO         1392    i.FT5206_WR_Reg     ft5206.o
    0x08003496   0x00000002   PAD
    0x08003498   0x00000194   Code   RO          984    i.FindSCR           sdio_sdcard.o
    0x0800362c   0x0000007a   Code   RO            9    i.GET_NUM           main.o
    0x080036a6   0x00000090   Code   RO         2471    i.GPIO_Init         stm32f4xx_gpio.o
    0x08003736   0x00000046   Code   RO         2472    i.GPIO_PinAFConfig  stm32f4xx_gpio.o
    0x0800377c   0x00000012   Code   RO         2475    i.GPIO_ReadInputDataBit  stm32f4xx_gpio.o
    0x0800378e   0x00000004   Code   RO         2478    i.GPIO_ResetBits    stm32f4xx_gpio.o
    0x08003792   0x00000004   Code   RO         2479    i.GPIO_SetBits      stm32f4xx_gpio.o
    0x08003796   0x00000002   PAD
    0x08003798   0x00000130   Code   RO         1435    i.GT9147_Init       gt9147.o
    0x080038c8   0x00000062   Code   RO         1436    i.GT9147_RD_Reg     gt9147.o
    0x0800392a   0x00000002   PAD
    0x0800392c   0x00000200   Code   RO         1437    i.GT9147_Scan       gt9147.o
    0x08003b2c   0x0000005c   Code   RO         1438    i.GT9147_Send_Cfg   gt9147.o
    0x08003b88   0x0000005c   Code   RO         1439    i.GT9147_WR_Reg     gt9147.o
    0x08003be4   0x000000e0   Code   RO         5187    i.Get_HzMat         text.o
    0x08003cc4   0x00000004   Code   RO          297    i.HardFault_Handler  stm32f4xx_it.o
    0x08003cc8   0x00000050   Code   RO          635    i.IIC_Ack           myiic.o
    0x08003d18   0x0000004c   Code   RO          636    i.IIC_Init          myiic.o
    0x08003d64   0x00000050   Code   RO          637    i.IIC_NAck          myiic.o
    0x08003db4   0x0000006c   Code   RO          638    i.IIC_Read_Byte     myiic.o
    0x08003e20   0x00000068   Code   RO          639    i.IIC_Send_Byte     myiic.o
    0x08003e88   0x0000004c   Code   RO          640    i.IIC_Start         myiic.o
    0x08003ed4   0x0000004c   Code   RO          641    i.IIC_Stop          myiic.o
    0x08003f20   0x00000060   Code   RO          642    i.IIC_Wait_Ack      myiic.o
    0x08003f80   0x000000a0   Code   RO          985    i.IsCardProgramming  sdio_sdcard.o
    0x08004020   0x00000088   Code   RO         1884    i.JudgeStr          as608.o
    0x080040a8   0x00000044   Code   RO          701    i.KEY_Init          key.o
    0x080040ec   0x000000c8   Code   RO          702    i.KEY_Scan          key.o
    0x080041b4   0x0000006c   Code   RO          733    i.LCD_Clear         lcd.o
    0x08004220   0x000001c0   Code   RO          737    i.LCD_Display_Dir   lcd.o
    0x080043e0   0x000000b0   Code   RO          738    i.LCD_DrawLine      lcd.o
    0x08004490   0x00000024   Code   RO          739    i.LCD_DrawPoint     lcd.o
    0x080044b4   0x0000003c   Code   RO          740    i.LCD_DrawRectangle  lcd.o
    0x080044f0   0x00000098   Code   RO          741    i.LCD_Draw_Circle   lcd.o
    0x08004588   0x00000180   Code   RO          742    i.LCD_Fast_DrawPoint  lcd.o
    0x08004708   0x000000b8   Code   RO          743    i.LCD_Fill          lcd.o
    0x080047c0   0x00003970   Code   RO          744    i.LCD_Init          lcd.o
    0x08008130   0x00000016   Code   RO          745    i.LCD_Pow           lcd.o
    0x08008146   0x00000002   PAD
    0x08008148   0x00000014   Code   RO          746    i.LCD_RD_DATA       lcd.o
    0x0800815c   0x00000016   Code   RO          748    i.LCD_ReadReg       lcd.o
    0x08008172   0x00000002   PAD
    0x08008174   0x00000060   Code   RO          749    i.LCD_SSD_BackLightSet  lcd.o
    0x080081d4   0x000002ec   Code   RO          750    i.LCD_Scan_Dir      lcd.o
    0x080084c0   0x000001a8   Code   RO          751    i.LCD_SetCursor     lcd.o
    0x08008668   0x00000128   Code   RO          753    i.LCD_ShowChar      lcd.o
    0x08008790   0x00000094   Code   RO          754    i.LCD_ShowNum       lcd.o
    0x08008824   0x00000066   Code   RO          755    i.LCD_ShowString    lcd.o
    0x0800888a   0x00000002   PAD
    0x0800888c   0x00000018   Code   RO          757    i.LCD_WR_DATA       lcd.o
    0x080088a4   0x00000018   Code   RO          758    i.LCD_WR_REG        lcd.o
    0x080088bc   0x00000014   Code   RO          760    i.LCD_WriteRAM_Prepare  lcd.o
    0x080088d0   0x00000014   Code   RO          761    i.LCD_WriteReg      lcd.o
    0x080088e4   0x00000040   Code   RO          954    i.LED_Init          led.o
    0x08008924   0x0000001c   Code   RO         1885    i.MYUSART_SendData  as608.o
    0x08008940   0x00000004   Code   RO          298    i.MemManage_Handler  stm32f4xx_it.o
    0x08008944   0x00000002   Code   RO          299    i.NMI_Handler       stm32f4xx_it.o
    0x08008946   0x00000002   PAD
    0x08008948   0x00000078   Code   RO         2089    i.NVIC_Init         misc.o
    0x080089c0   0x00000014   Code   RO         2090    i.NVIC_PriorityGroupConfig  misc.o
    0x080089d4   0x000000ac   Code   RO         1487    i.OTT2001A_Init     ott2001a.o
    0x08008a80   0x00000062   Code   RO         1488    i.OTT2001A_RD_Reg   ott2001a.o
    0x08008ae2   0x00000002   PAD
    0x08008ae4   0x00000204   Code   RO         1489    i.OTT2001A_Scan     ott2001a.o
    0x08008ce8   0x0000001c   Code   RO         1490    i.OTT2001A_SensorControl  ott2001a.o
    0x08008d04   0x0000005c   Code   RO         1491    i.OTT2001A_WR_Reg   ott2001a.o
    0x08008d60   0x0000006c   Code   RO         1886    i.PS_DeletChar      as608.o
    0x08008dcc   0x0000003a   Code   RO         1887    i.PS_Empty          as608.o
    0x08008e06   0x00000046   Code   RO         1888    i.PS_GenChar        as608.o
    0x08008e4c   0x0000003a   Code   RO         1889    i.PS_GetImage       as608.o
    0x08008e86   0x00000002   PAD
    0x08008e88   0x00000080   Code   RO         1890    i.PS_HandShake      as608.o
    0x08008f08   0x00000090   Code   RO         1891    i.PS_HighSpeedSearch  as608.o
    0x08008f98   0x0000003a   Code   RO         1892    i.PS_Match          as608.o
    0x08008fd2   0x00000002   PAD
    0x08008fd4   0x000000f0   Code   RO         1894    i.PS_ReadSysPara    as608.o
    0x080090c4   0x0000003a   Code   RO         1895    i.PS_RegModel       as608.o
    0x080090fe   0x00000002   PAD
    0x08009100   0x00000030   Code   RO         1898    i.PS_StaGPIO_Init   as608.o
    0x08009130   0x00000060   Code   RO         1899    i.PS_StoreChar      as608.o
    0x08009190   0x00000088   Code   RO         1900    i.PS_ValidTempleteNum  as608.o
    0x08009218   0x00000002   Code   RO          300    i.PendSV_Handler    stm32f4xx_it.o
    0x0800921a   0x00000002   PAD
    0x0800921c   0x00000020   Code   RO         2572    i.RCC_AHB1PeriphClockCmd  stm32f4xx_rcc.o
    0x0800923c   0x00000020   Code   RO         2578    i.RCC_AHB3PeriphClockCmd  stm32f4xx_rcc.o
    0x0800925c   0x00000020   Code   RO         2581    i.RCC_APB1PeriphClockCmd  stm32f4xx_rcc.o
    0x0800927c   0x00000020   Code   RO         2583    i.RCC_APB1PeriphResetCmd  stm32f4xx_rcc.o
    0x0800929c   0x00000020   Code   RO         2584    i.RCC_APB2PeriphClockCmd  stm32f4xx_rcc.o
    0x080092bc   0x00000020   Code   RO         2586    i.RCC_APB2PeriphResetCmd  stm32f4xx_rcc.o
    0x080092dc   0x000000e8   Code   RO         2593    i.RCC_GetClocksFreq  stm32f4xx_rcc.o
    0x080093c4   0x000000ac   Code   RO          986    i.SDEnWideBus       sdio_sdcard.o
    0x08009470   0x0000000c   Code   RO         3269    i.SDIO_ClearFlag    stm32f4xx_sdio.o
    0x0800947c   0x00000014   Code   RO          987    i.SDIO_Clock_Set    sdio_sdcard.o
    0x08009490   0x00000034   Code   RO         3275    i.SDIO_DataConfig   stm32f4xx_sdio.o
    0x080094c4   0x00000018   Code   RO         3281    i.SDIO_GetFlagStatus  stm32f4xx_sdio.o
    0x080094dc   0x00000010   Code   RO         3283    i.SDIO_GetPowerState  stm32f4xx_sdio.o
    0x080094ec   0x00000008   Code   RO          988    i.SDIO_IRQHandler   sdio_sdcard.o
    0x080094f4   0x00000030   Code   RO         3286    i.SDIO_Init         stm32f4xx_sdio.o
    0x08009524   0x00000038   Code   RO          989    i.SDIO_Register_Deinit  sdio_sdcard.o
    0x0800955c   0x0000002c   Code   RO         3289    i.SDIO_SendCommand  stm32f4xx_sdio.o
    0x08009588   0x0000000c   Code   RO         3291    i.SDIO_SetPowerState  stm32f4xx_sdio.o
    0x08009594   0x00000080   Code   RO          990    i.SD_DMA_Config     sdio_sdcard.o
    0x08009614   0x00000068   Code   RO          991    i.SD_EnableWideBusOperation  sdio_sdcard.o
    0x0800967c   0x00000314   Code   RO          992    i.SD_GetCardInfo    sdio_sdcard.o
    0x08009990   0x00000118   Code   RO          994    i.SD_Init           sdio_sdcard.o
    0x08009aa8   0x00000164   Code   RO          995    i.SD_InitializeCards  sdio_sdcard.o
    0x08009c0c   0x000001e4   Code   RO          997    i.SD_PowerON        sdio_sdcard.o
    0x08009df0   0x00000154   Code   RO          998    i.SD_ProcessIRQSrc  sdio_sdcard.o
    0x08009f44   0x00000268   Code   RO          999    i.SD_ReadBlock      sdio_sdcard.o
    0x0800a1ac   0x000000a0   Code   RO         1000    i.SD_ReadDisk       sdio_sdcard.o
    0x0800a24c   0x000002f4   Code   RO         1001    i.SD_ReadMultiBlocks  sdio_sdcard.o
    0x0800a540   0x00000030   Code   RO         1002    i.SD_SelectDeselect  sdio_sdcard.o
    0x0800a570   0x00000018   Code   RO         1004    i.SD_SetDeviceMode  sdio_sdcard.o
    0x0800a588   0x00000388   Code   RO         1005    i.SD_WriteBlock     sdio_sdcard.o
    0x0800a910   0x000000a0   Code   RO         1006    i.SD_WriteDisk      sdio_sdcard.o
    0x0800a9b0   0x000003d0   Code   RO         1007    i.SD_WriteMultiBlocks  sdio_sdcard.o
    0x0800ad80   0x000000c4   Code   RO         1196    i.SPI1_Init         spi.o
    0x0800ae44   0x00000038   Code   RO         1197    i.SPI1_ReadWriteByte  spi.o
    0x0800ae7c   0x00000028   Code   RO         1198    i.SPI1_SetSpeed     spi.o
    0x0800aea4   0x00000018   Code   RO         3472    i.SPI_Cmd           stm32f4xx_spi.o
    0x0800aebc   0x00000012   Code   RO         3480    i.SPI_I2S_GetFlagStatus  stm32f4xx_spi.o
    0x0800aece   0x00000006   Code   RO         3483    i.SPI_I2S_ReceiveData  stm32f4xx_spi.o
    0x0800aed4   0x00000004   Code   RO         3484    i.SPI_I2S_SendData  stm32f4xx_spi.o
    0x0800aed8   0x0000003c   Code   RO         3485    i.SPI_Init          stm32f4xx_spi.o
    0x0800af14   0x00000002   Code   RO          301    i.SVC_Handler       stm32f4xx_it.o
    0x0800af16   0x00000002   PAD
    0x0800af18   0x00000034   Code   RO         1903    i.SendAddr          as608.o
    0x0800af4c   0x00000012   Code   RO         1904    i.SendCheck         as608.o
    0x0800af5e   0x0000000c   Code   RO         1905    i.SendFlag          as608.o
    0x0800af6a   0x00000010   Code   RO         1906    i.SendHead          as608.o
    0x0800af7a   0x00000014   Code   RO         1907    i.SendLength        as608.o
    0x0800af8e   0x0000000c   Code   RO         1908    i.Sendcmd           as608.o
    0x0800af9a   0x00000002   PAD
    0x0800af9c   0x000000ec   Code   RO          396    i.SetSysClock       system_stm32f4xx.o
    0x0800b088   0x00000038   Code   RO           10    i.ShowErrMessage    main.o
    0x0800b0c0   0x000000c8   Code   RO         5188    i.Show_Font         text.o
    0x0800b188   0x000000c2   Code   RO         5189    i.Show_Str          text.o
    0x0800b24a   0x00000002   PAD
    0x0800b24c   0x00000070   Code   RO         5190    i.Show_Str_Mid      text.o
    0x0800b2bc   0x00000028   Code   RO         2093    i.SysTick_CLKSourceConfig  misc.o
    0x0800b2e4   0x00000002   Code   RO          302    i.SysTick_Handler   stm32f4xx_it.o
    0x0800b2e6   0x00000002   PAD
    0x0800b2e8   0x00000068   Code   RO          398    i.SystemInit        system_stm32f4xx.o
    0x0800b350   0x00000030   Code   RO         2055    i.TIM2_IRQHandler   timer2.o
    0x0800b380   0x0000004e   Code   RO         2056    i.TIM2_Int_Init     timer2.o
    0x0800b3ce   0x00000002   PAD
    0x0800b3d0   0x00000038   Code   RO         5458    i.TIM4_IRQHandler   usmart.o
    0x0800b408   0x00000034   Code   RO         1283    i.TIM7_IRQHandler   timer.o
    0x0800b43c   0x00000054   Code   RO         1284    i.TIM7_Int_Init     timer.o
    0x0800b490   0x00000006   Code   RO         3704    i.TIM_ClearFlag     stm32f4xx_tim.o
    0x0800b496   0x00000006   Code   RO         3705    i.TIM_ClearITPendingBit  stm32f4xx_tim.o
    0x0800b49c   0x00000018   Code   RO         3710    i.TIM_Cmd           stm32f4xx_tim.o
    0x0800b4b4   0x00000006   Code   RO         3729    i.TIM_GetCounter    stm32f4xx_tim.o
    0x0800b4ba   0x00000012   Code   RO         3730    i.TIM_GetFlagStatus  stm32f4xx_tim.o
    0x0800b4cc   0x00000022   Code   RO         3731    i.TIM_GetITStatus   stm32f4xx_tim.o
    0x0800b4ee   0x00000012   Code   RO         3735    i.TIM_ITConfig      stm32f4xx_tim.o
    0x0800b500   0x00000004   Code   RO         3770    i.TIM_SetAutoreload  stm32f4xx_tim.o
    0x0800b504   0x00000004   Code   RO         3776    i.TIM_SetCounter    stm32f4xx_tim.o
    0x0800b508   0x00000084   Code   RO         3782    i.TIM_TimeBaseInit  stm32f4xx_tim.o
    0x0800b58c   0x000001a8   Code   RO         1539    i.TP_Adj_Info_Show  touch.o
    0x0800b734   0x00000900   Code   RO         1540    i.TP_Adjust         touch.o
    0x0800c034   0x00000070   Code   RO         1542    i.TP_Drow_Touch_Point  touch.o
    0x0800c0a4   0x000000b0   Code   RO         1543    i.TP_Get_Adjdata    touch.o
    0x0800c154   0x00000144   Code   RO         1544    i.TP_Init           touch.o
    0x0800c298   0x00000094   Code   RO         1545    i.TP_Read_AD        touch.o
    0x0800c32c   0x00000078   Code   RO         1546    i.TP_Read_XOY       touch.o
    0x0800c3a4   0x00000030   Code   RO         1547    i.TP_Read_XY        touch.o
    0x0800c3d4   0x000000c0   Code   RO         1548    i.TP_Read_XY2       touch.o
    0x0800c494   0x00000080   Code   RO         1549    i.TP_Save_Adjdata   touch.o
    0x0800c514   0x000000fc   Code   RO         1550    i.TP_Scan           touch.o
    0x0800c610   0x0000004c   Code   RO         1551    i.TP_Write_Byte     touch.o
    0x0800c65c   0x0000005c   Code   RO         5459    i.Timer4_Init       usmart.o
    0x0800c6b8   0x00000088   Code   RO          510    i.USART1_IRQHandler  usart.o
    0x0800c740   0x00000070   Code   RO         1836    i.USART2_IRQHandler  usart2.o
    0x0800c7b0   0x00000070   Code   RO         1647    i.USART3_IRQHandler  usart3.o
    0x0800c820   0x00000012   Code   RO         4260    i.USART_ClearFlag   stm32f4xx_usart.o
    0x0800c832   0x00000018   Code   RO         4264    i.USART_Cmd         stm32f4xx_usart.o
    0x0800c84a   0x00000002   PAD
    0x0800c84c   0x000000f0   Code   RO         4266    i.USART_DeInit      stm32f4xx_usart.o
    0x0800c93c   0x0000001a   Code   RO         4267    i.USART_GetFlagStatus  stm32f4xx_usart.o
    0x0800c956   0x00000054   Code   RO         4268    i.USART_GetITStatus  stm32f4xx_usart.o
    0x0800c9aa   0x0000004a   Code   RO         4270    i.USART_ITConfig    stm32f4xx_usart.o
    0x0800c9f4   0x000000d4   Code   RO         4271    i.USART_Init        stm32f4xx_usart.o
    0x0800cac8   0x0000000a   Code   RO         4278    i.USART_ReceiveData  stm32f4xx_usart.o
    0x0800cad2   0x00000008   Code   RO         4281    i.USART_SendData    stm32f4xx_usart.o
    0x0800cada   0x00000004   Code   RO          303    i.UsageFault_Handler  stm32f4xx_it.o
    0x0800cade   0x00000002   PAD
    0x0800cae0   0x00000058   Code   RO         1698    i.W25QXX_Erase_Sector  w25qxx.o
    0x0800cb38   0x00000078   Code   RO         1699    i.W25QXX_Init       w25qxx.o
    0x0800cbb0   0x00000050   Code   RO         1701    i.W25QXX_Read       w25qxx.o
    0x0800cc00   0x00000048   Code   RO         1702    i.W25QXX_ReadID     w25qxx.o
    0x0800cc48   0x0000002c   Code   RO         1703    i.W25QXX_ReadSR     w25qxx.o
    0x0800cc74   0x00000012   Code   RO         1705    i.W25QXX_Wait_Busy  w25qxx.o
    0x0800cc86   0x00000002   PAD
    0x0800cc88   0x000000b8   Code   RO         1706    i.W25QXX_Write      w25qxx.o
    0x0800cd40   0x00000020   Code   RO         1708    i.W25QXX_Write_Enable  w25qxx.o
    0x0800cd60   0x00000046   Code   RO         1709    i.W25QXX_Write_NoCheck  w25qxx.o
    0x0800cda6   0x00000002   PAD
    0x0800cda8   0x00000054   Code   RO         1710    i.W25QXX_Write_Page  w25qxx.o
    0x0800cdfc   0x00000030   Code   RO         5941    i.__ARM_fpclassify  m_wm.l(fpclassify.o)
    0x0800ce2c   0x0000007a   Code   RO         5763    i.__hardfp_sqrt     m_wm.l(sqrt.o)
    0x0800cea6   0x0000000e   Code   RO         5707    i._is_digit         c_w.l(__printf_wp.o)
    0x0800ceb4   0x00000004   Code   RO          511    i._sys_exit         usart.o
    0x0800ceb8   0x0000003c   Code   RO         5284    i.atk_8266_at_response  common.o
    0x0800cef4   0x00000034   Code   RO         5285    i.atk_8266_check_cmd  common.o
    0x0800cf28   0x00000044   Code   RO         5286    i.atk_8266_consta_check  common.o
    0x0800cf6c   0x00000054   Code   RO         5288    i.atk_8266_get_wanip  common.o
    0x0800cfc0   0x00000108   Code   RO         5289    i.atk_8266_ip_set   common.o
    0x0800d0c8   0x00000070   Code   RO         5295    i.atk_8266_quit_trans  common.o
    0x0800d138   0x00000074   Code   RO         5296    i.atk_8266_send_cmd  common.o
    0x0800d1ac   0x00000090   Code   RO         4533    i.check_fs          ff.o
    0x0800d23c   0x00000012   Code   RO         1008    i.convert_from_bytes_to_power_of_two  sdio_sdcard.o
    0x0800d24e   0x00000002   PAD
    0x0800d250   0x0000003c   Code   RO          444    i.delay_init        delay.o
    0x0800d28c   0x00000038   Code   RO          445    i.delay_ms          delay.o
    0x0800d2c4   0x0000004c   Code   RO          446    i.delay_us          delay.o
    0x0800d310   0x0000004c   Code   RO          447    i.delay_xms         delay.o
    0x0800d35c   0x00000038   Code   RO         4880    i.disk_initialize   diskio.o
    0x0800d394   0x00000062   Code   RO         4882    i.disk_read         diskio.o
    0x0800d3f6   0x00000006   Code   RO         4883    i.disk_status       diskio.o
    0x0800d3fc   0x00000062   Code   RO         4884    i.disk_write        diskio.o
    0x0800d45e   0x00000002   PAD
    0x0800d460   0x00000080   Code   RO         4951    i.exfuns_init       exfuns.o
    0x0800d4e0   0x0000005c   Code   RO         4556    i.f_mount           ff.o
    0x0800d53c   0x00000388   Code   RO         4572    i.find_volume       ff.o
    0x0800d8c4   0x00000044   Code   RO         5232    i.font_init         fontupd.o
    0x0800d908   0x0000001c   Code   RO          512    i.fputc             usart.o
    0x0800d924   0x0000004a   Code   RO         4578    i.get_ldnumber      ff.o
    0x0800d96e   0x00000002   PAD
    0x0800d970   0x00000a18   Code   RO           11    i.main              main.o
    0x0800e388   0x00000032   Code   RO         4583    i.move_window       ff.o
    0x0800e3ba   0x00000002   PAD
    0x0800e3bc   0x0000006c   Code   RO         4452    i.my_mem_free       malloc.o
    0x0800e428   0x00000044   Code   RO         4453    i.my_mem_init       malloc.o
    0x0800e46c   0x000000a8   Code   RO         4454    i.my_mem_malloc     malloc.o
    0x0800e514   0x00000040   Code   RO         4455    i.my_mem_perused    malloc.o
    0x0800e554   0x00000024   Code   RO         4456    i.myfree            malloc.o
    0x0800e578   0x00000028   Code   RO         4457    i.mymalloc          malloc.o
    0x0800e5a0   0x00000014   Code   RO         4459    i.mymemset          malloc.o
    0x0800e5b4   0x00000002   Code   RO           12    i.press_FR          main.o
    0x0800e5b6   0x00000006   Code   RO         5460    i.read_addr         usmart.o
    0x0800e5bc   0x0000004c   Code   RO         4591    i.sync_window       ff.o
    0x0800e608   0x00000050   Code   RO         1648    i.u3_printf         usart3.o
    0x0800e658   0x000000b4   Code   RO          513    i.uart_init         usart.o
    0x0800e70c   0x000000d4   Code   RO         1838    i.usart2_init       usart2.o
    0x0800e7e0   0x000000d8   Code   RO         1649    i.usart3_init       usart3.o
    0x0800e8b8   0x000000b0   Code   RO         5461    i.usmart_cmd_rec    usmart.o
    0x0800e968   0x000002d4   Code   RO         5462    i.usmart_exe        usmart.o
    0x0800ec3c   0x000000c8   Code   RO         5571    i.usmart_get_aparm  usmart_str.o
    0x0800ed04   0x00000036   Code   RO         5572    i.usmart_get_cmdname  usmart_str.o
    0x0800ed3a   0x00000002   PAD
    0x0800ed3c   0x000001c0   Code   RO         5573    i.usmart_get_fname  usmart_str.o
    0x0800eefc   0x0000010c   Code   RO         5574    i.usmart_get_fparam  usmart_str.o
    0x0800f008   0x00000020   Code   RO         5575    i.usmart_get_parmpos  usmart_str.o
    0x0800f028   0x00000044   Code   RO         5463    i.usmart_get_runtime  usmart.o
    0x0800f06c   0x00000028   Code   RO         5464    i.usmart_init       usmart.o
    0x0800f094   0x00000016   Code   RO         5576    i.usmart_pow        usmart_str.o
    0x0800f0aa   0x00000002   PAD
    0x0800f0ac   0x00000030   Code   RO         5465    i.usmart_reset_runtime  usmart.o
    0x0800f0dc   0x000000bc   Code   RO         5466    i.usmart_scan       usmart.o
    0x0800f198   0x00000016   Code   RO         5577    i.usmart_search_nextc  usmart_str.o
    0x0800f1ae   0x000000ca   Code   RO         5578    i.usmart_str2num    usmart_str.o
    0x0800f278   0x00000022   Code   RO         5579    i.usmart_strcmp     usmart_str.o
    0x0800f29a   0x00000016   Code   RO         5580    i.usmart_strcopy    usmart_str.o
    0x0800f2b0   0x00000018   Code   RO         5581    i.usmart_strlen     usmart_str.o
    0x0800f2c8   0x000006e4   Code   RO         5467    i.usmart_sys_cmd_exe  usmart.o
    0x0800f9ac   0x00000004   Code   RO         5468    i.write_addr        usmart.o
    0x0800f9b0   0x0000002c   Code   RO         5929    locale$$code        c_w.l(lc_numeric_c.o)
    0x0800f9dc   0x0000002c   Code   RO         5946    locale$$code        c_w.l(lc_ctype_c.o)
    0x0800fa08   0x00000150   Code   RO         5739    x$fpl$dadd          fz_wm.l(daddsub_clz.o)
    0x0800fb58   0x00000018   Code   RO         5827    x$fpl$dcmpinf       fz_wm.l(dcmpi.o)
    0x0800fb70   0x0000005a   Code   RO         5745    x$fpl$dfixu         fz_wm.l(dfixu.o)
    0x0800fbca   0x0000002e   Code   RO         5750    x$fpl$dflt          fz_wm.l(dflt_clz.o)
    0x0800fbf8   0x00000026   Code   RO         5749    x$fpl$dfltu         fz_wm.l(dflt_clz.o)
    0x0800fc1e   0x00000002   PAD
    0x0800fc20   0x00000078   Code   RO         5755    x$fpl$dleqf         fz_wm.l(dleqf.o)
    0x0800fc98   0x00000154   Code   RO         5757    x$fpl$dmul          fz_wm.l(dmul.o)
    0x0800fdec   0x0000009c   Code   RO         5829    x$fpl$dnaninf       fz_wm.l(dnaninf.o)
    0x0800fe88   0x0000000c   Code   RO         5831    x$fpl$dretinf       fz_wm.l(dretinf.o)
    0x0800fe94   0x0000006c   Code   RO         5759    x$fpl$drleqf        fz_wm.l(drleqf.o)
    0x0800ff00   0x00000016   Code   RO         5740    x$fpl$drsb          fz_wm.l(daddsub_clz.o)
    0x0800ff16   0x00000002   PAD
    0x0800ff18   0x00000198   Code   RO         5833    x$fpl$dsqrt         fz_wm.l(dsqrt_umaal.o)
    0x080100b0   0x000001d4   Code   RO         5741    x$fpl$dsub          fz_wm.l(daddsub_clz.o)
    0x08010284   0x00000056   Code   RO         5761    x$fpl$f2d           fz_wm.l(f2d.o)
    0x080102da   0x0000008c   Code   RO         5835    x$fpl$fnaninf       fz_wm.l(fnaninf.o)
    0x08010366   0x0000000a   Code   RO         6012    x$fpl$fpinit        fz_wm.l(fpinit.o)
    0x08010370   0x00000004   Code   RO         5837    x$fpl$printf1       fz_wm.l(printf1.o)
    0x08010374   0x00000004   Code   RO         5839    x$fpl$printf2       fz_wm.l(printf2.o)
    0x08010378   0x00000000   Code   RO         5845    x$fpl$usenofp       fz_wm.l(usenofp.o)
    0x08010378   0x000017c0   Data   RO          764    .constdata          lcd.o
    0x08011b38   0x0000000a   Data   RO         1393    .constdata          ft5206.o
    0x08011b42   0x000000c2   Data   RO         1440    .constdata          gt9147.o
    0x08011c04   0x0000000a   Data   RO         1492    .constdata          ott2001a.o
    0x08011c0e   0x00000002   PAD
    0x08011c10   0x00000004   Data   RO         1552    .constdata          touch.o
    0x08011c14   0x00000024   Data   RO         4466    .constdata          malloc.o
    0x08011c38   0x00000028   Data   RO         5695    .constdata          c_w.l(_printf_hex_int_ll_ptr.o)
    0x08011c60   0x00000011   Data   RO         5715    .constdata          c_w.l(__printf_flags_ss_wp.o)
    0x08011c71   0x00000003   PAD
    0x08011c74   0x00000008   Data   RO         5797    .constdata          c_w.l(_printf_wctomb.o)
    0x08011c7c   0x00000026   Data   RO         5875    .constdata          c_w.l(_printf_fp_hex.o)
    0x08011ca2   0x00000002   PAD
    0x08011ca4   0x00000094   Data   RO         5904    .constdata          c_w.l(bigflt0.o)
    0x08011d38   0x00000059   Data   RO           14    .conststring        main.o
    0x08011d91   0x00000003   PAD
    0x08011d94   0x00000079   Data   RO         1553    .conststring        touch.o
    0x08011e0d   0x00000003   PAD
    0x08011e10   0x00000064   Data   RO         4954    .conststring        exfuns.o
    0x08011e74   0x000000b2   Data   RO         5300    .conststring        common.o
    0x08011f26   0x00000002   PAD
    0x08011f28   0x00000028   Data   RO         5469    .conststring        usmart.o
    0x08011f50   0x00000090   Data   RO         5546    .conststring        usmart_config.o
    0x08011fe0   0x00000020   Data   RO         6069    Region$$Table       anon$$obj.o
    0x08012000   0x0000001c   Data   RO         5928    locale$$data        c_w.l(lc_numeric_c.o)
    0x0801201c   0x00000110   Data   RO         5945    locale$$data        c_w.l(lc_ctype_c.o)


    Execution Region RW_IRAM1 (Base: 0x20000000, Size: 0x0001cda8, Max: 0x00020000, ABSOLUTE, COMPRESSED[0x0000016c])

    Base Addr    Size         Type   Attr      Idx    E Section Name        Object

    0x20000000   0x00000081   Data   RW           15    .data               main.o
    0x20000081   0x00000001   PAD
    0x20000082   0x00000004   Data   RW          448    .data               delay.o
    0x20000086   0x00000002   PAD
    0x20000088   0x00000006   Data   RW          515    .data               usart.o
    0x2000008e   0x00000001   Data   RW          703    .data               key.o
    0x2000008f   0x00000001   PAD
    0x20000090   0x00000004   Data   RW          765    .data               lcd.o
    0x20000094   0x00000010   Data   RW         1010    .data               sdio_sdcard.o
    0x200000a4   0x00000001   Data   RW         1394    .data               ft5206.o
    0x200000a5   0x00000001   Data   RW         1441    .data               gt9147.o
    0x200000a6   0x00000001   Data   RW         1493    .data               ott2001a.o
    0x200000a7   0x00000001   PAD
    0x200000a8   0x00000036   Data   RW         1554    .data               touch.o
    0x200000de   0x00000002   Data   RW         1651    .data               usart3.o
    0x200000e0   0x00000002   Data   RW         1713    .data               w25qxx.o
    0x200000e2   0x00000002   Data   RW         1840    .data               usart2.o
    0x200000e4   0x00000004   Data   RW         1909    .data               as608.o
    0x200000e8   0x00000010   Data   RW         2625    .data               stm32f4xx_rcc.o
    0x200000f8   0x00000024   Data   RW         4467    .data               malloc.o
    0x2000011c   0x0000000a   Data   RW         4594    .data               ff.o
    0x20000126   0x00000002   Data   RW         4888    .data               diskio.o
    0x20000128   0x00000154   Data   RW         4955    .data               exfuns.o
    0x2000027c   0x00000085   Data   RW         5301    .data               common.o
    0x20000301   0x00000003   PAD
    0x20000304   0x0000001c   Data   RW         5470    .data               usmart.o
    0x20000320   0x00000114   Data   RW         5547    .data               usmart_config.o
    0x20000434   0x0000000c   Zero   RW           13    .bss                main.o
    0x20000440   0x000000c8   Zero   RW          514    .bss                usart.o
    0x20000508   0x0000000e   Zero   RW          763    .bss                lcd.o
    0x20000516   0x00000002   PAD
    0x20000518   0x000002c0   Zero   RW         1009    .bss                sdio_sdcard.o
    0x200007d8   0x00000320   Zero   RW         1650    .bss                usart3.o
    0x20000af8   0x00001000   Zero   RW         1712    .bss                w25qxx.o
    0x20001af8   0x00000320   Zero   RW         1839    .bss                usart2.o
    0x20001e18   0x00000008   PAD
    0x20001e20   0x0001a900   Zero   RW         4465    .bss                malloc.o
    0x2001c720   0x00000021   Zero   RW         5236    .bss                fontupd.o
    0x2001c741   0x00000003   PAD
    0x2001c744   0x00000060   Zero   RW         5888    .bss                c_w.l(libspace.o)
    0x2001c7a4   0x00000004   PAD
    0x2001c7a8   0x00000200   Zero   RW          435    HEAP                startup_stm32f40_41xxx.o
    0x2001c9a8   0x00000400   Zero   RW          434    STACK               startup_stm32f40_41xxx.o



  Load Region LR$$.ARM.__AT_0x10000000 (Base: 0x10000000, Size: 0x00000000, Max: 0x0000f000, ABSOLUTE)

    Execution Region ER$$.ARM.__AT_0x10000000 (Base: 0x10000000, Size: 0x0000f000, Max: 0x0000f000, ABSOLUTE, UNINIT)

    Base Addr    Size         Type   Attr      Idx    E Section Name        Object

    0x10000000   0x0000f000   Zero   RW         4461    .ARM.__AT_0x10000000  malloc.o



  Load Region LR$$.ARM.__AT_0x1000F000 (Base: 0x1000f000, Size: 0x00000000, Max: 0x00000f00, ABSOLUTE)

    Execution Region ER$$.ARM.__AT_0x1000F000 (Base: 0x1000f000, Size: 0x00000f00, Max: 0x00000f00, ABSOLUTE, UNINIT)

    Base Addr    Size         Type   Attr      Idx    E Section Name        Object

    0x1000f000   0x00000f00   Zero   RW         4462    .ARM.__AT_0x1000F000  malloc.o



  Load Region LR$$.ARM.__AT_0x68000000 (Base: 0x68000000, Size: 0x00000000, Max: 0x000f0000, ABSOLUTE)

    Execution Region ER$$.ARM.__AT_0x68000000 (Base: 0x68000000, Size: 0x000f0000, Max: 0x000f0000, ABSOLUTE, UNINIT)

    Base Addr    Size         Type   Attr      Idx    E Section Name        Object

    0x68000000   0x000f0000   Zero   RW         4463    .ARM.__AT_0x68000000  malloc.o



  Load Region LR$$.ARM.__AT_0x680F0000 (Base: 0x680f0000, Size: 0x00000000, Max: 0x0000f000, ABSOLUTE)

    Execution Region ER$$.ARM.__AT_0x680F0000 (Base: 0x680f0000, Size: 0x0000f000, Max: 0x0000f000, ABSOLUTE, UNINIT)

    Base Addr    Size         Type   Attr      Idx    E Section Name        Object

    0x680f0000   0x0000f000   Zero   RW         4464    .ARM.__AT_0x680F0000  malloc.o


==============================================================================

Image component sizes


      Code (inc. data)   RO Data    RW Data    ZI Data      Debug   Object Name

       262          0          0          0          0       3429   24cxx.o
      2120        660          0          4          0      15334   as608.o
        64          4          0          0          0        600   beep.o
       756        164        178        133          0       6979   common.o
       698        128          0          0          0       5649   ctiic.o
       268         16          0          4          0       2783   delay.o
       258          4          0          2          0       3846   diskio.o
       128         18        100        340          0       1686   exfuns.o
      1340         28          0         10          0      11782   ff.o
        68          4          0          0         33       2309   fontupd.o
       814         42         10          1          0       4001   ft5206.o
      1098         80        194          1          0       4990   gt9147.o
       268         20          0          1          0       1366   key.o
     18218        218       6080          4         14      27783   lcd.o
        64          4          0          0          0        595   led.o
      4892       1060         89        129         12     330291   main.o
       504         60         36         36    1218560       7022   malloc.o
       180         24          0          0          0       2321   misc.o
       696        110          0          0          0       5014   myiic.o
       906         68         10          1          0       4663   ott2001a.o
      7474        410          0         16        704      36269   sdio_sdcard.o
       292         20          0          0          0       1985   spi.o
        64         26        392          0       1536        892   startup_stm32f40_41xxx.o
       496         26          0          0          0       4620   stm32f4xx_dma.o
       282          6          0          0          0       2005   stm32f4xx_fsmc.o
       240          0          0          0          0       3855   stm32f4xx_gpio.o
        26          0          0          0          0       4610   stm32f4xx_it.o
       424         54          0         16          0       6942   stm32f4xx_rcc.o
       208         38          0          0          0       6149   stm32f4xx_sdio.o
       112          0          0          0          0       3834   stm32f4xx_spi.o
       252         28          0          0          0       7152   stm32f4xx_tim.o
       696         42          0          0          0       7254   stm32f4xx_usart.o
        16          0          0          0          0        544   sys.o
       340         32          0          0          0       1653   system_stm32f4xx.o
       730         20          0          0          0       4362   text.o
       136         16          0          0          0       1306   timer.o
       126          4          0          0          0       1314   timer2.o
      4304        274        125         54          0      11525   touch.o
       348         28          0          6        200       4616   usart.o
       324         28          0          2        800       2398   usart2.o
       408         42          0          2        800       3662   usart3.o
      3166       1332         40         28          0       8710   usmart.o
         0          0        144        276          0       1712   usmart_config.o
      1328         20          0          0          0       9429   usmart_str.o
       792         74          0          2       4096       7781   w25qxx.o

    ----------------------------------------------------------------------
     56252       5232       7440       1076    1226768     587022   Object Totals
         0          0         32          0          0          0   (incl. Generated)
        66          0         10          8         13          0   (incl. Padding)

    ----------------------------------------------------------------------

      Code (inc. data)   RO Data    RW Data    ZI Data      Debug   Library Member Name

        24          4          0          0          0         84   __2printf.o
        44          6          0          0          0         84   __2sprintf.o
        90          0          0          0          0          0   __dczerorl2.o
         8          0          0          0          0         68   __main.o
       392          4         17          0          0         92   __printf_flags_ss_wp.o
        14          0          0          0          0         68   __printf_wp.o
         0          0          0          0          0          0   __rtentry.o
        12          0          0          0          0          0   __rtentry2.o
         6          0          0          0          0          0   __rtentry4.o
        52          8          0          0          0          0   __scatter.o
        28          0          0          0          0          0   __scatter_zi.o
         6          0          0          0          0          0   _printf_a.o
         6          0          0          0          0          0   _printf_c.o
        44          0          0          0          0        108   _printf_char.o
        48          6          0          0          0         96   _printf_char_common.o
        36          4          0          0          0         80   _printf_char_file.o
        40          0          0          0          0         68   _printf_charcount.o
         6          0          0          0          0          0   _printf_d.o
       120         16          0          0          0         92   _printf_dec.o
         6          0          0          0          0          0   _printf_e.o
         6          0          0          0          0          0   _printf_f.o
      1050          0          0          0          0        216   _printf_fp_dec.o
       764         10         38          0          0        100   _printf_fp_hex.o
       128         16          0          0          0         84   _printf_fp_infnan.o
         6          0          0          0          0          0   _printf_g.o
       148          4         40          0          0        160   _printf_hex_int_ll_ptr.o
         6          0          0          0          0          0   _printf_i.o
       178          0          0          0          0         88   _printf_intcommon.o
        10          0          0          0          0          0   _printf_l.o
         6          0          0          0          0          0   _printf_lc.o
        10          0          0          0          0          0   _printf_ll.o
         6          0          0          0          0          0   _printf_lld.o
         6          0          0          0          0          0   _printf_lli.o
         6          0          0          0          0          0   _printf_llo.o
         6          0          0          0          0          0   _printf_llu.o
         6          0          0          0          0          0   _printf_llx.o
       124         16          0          0          0         92   _printf_longlong_dec.o
         6          0          0          0          0          0   _printf_ls.o
         6          0          0          0          0          0   _printf_n.o
         6          0          0          0          0          0   _printf_o.o
       112          8          0          0          0        124   _printf_oct_int_ll.o
         6          0          0          0          0          0   _printf_p.o
        78          0          0          0          0        108   _printf_pad.o
         0          0          0          0          0          0   _printf_percent.o
         4          0          0          0          0          0   _printf_percent_end.o
         6          0          0          0          0          0   _printf_s.o
        82          0          0          0          0         80   _printf_str.o
        36          0          0          0          0         84   _printf_truncate.o
         6          0          0          0          0          0   _printf_u.o
        44          0          0          0          0        108   _printf_wchar.o
       188          6          8          0          0         92   _printf_wctomb.o
         6          0          0          0          0          0   _printf_x.o
        22          0          0          0          0        100   _rserrno.o
        10          0          0          0          0         68   _sputc.o
        64          0          0          0          0         92   _wcrtomb.o
       220          4        148          0          0         96   bigflt0.o
      1910        128          0          0          0        672   btod.o
        12          0          0          0          0         72   exit.o
         8          0          0          0          0         68   ferror.o
         6          0          0          0          0        152   heapauxi.o
        44         10        272          0          0         76   lc_ctype_c.o
        44         10         28          0          0         76   lc_numeric_c.o
         2          0          0          0          0          0   libinit.o
        34          0          0          0          0          0   libinit2.o
         2          0          0          0          0          0   libshutdown.o
         2          0          0          0          0          0   libshutdown2.o
         8          4          0          0         96         68   libspace.o
       138          0          0          0          0         80   lludiv10.o
        16          4          0          0          0         76   rt_ctype_table.o
         8          4          0          0          0         68   rt_errno_addr_intlibspace.o
         8          4          0          0          0         68   rt_locale_intlibspace.o
       138          0          0          0          0         68   rt_memcpy_v6.o
       100          0          0          0          0         80   rt_memcpy_w.o
         2          0          0          0          0          0   rtexit.o
        10          0          0          0          0          0   rtexit2.o
       128          0          0          0          0         68   strcmpv7m.o
        62          0          0          0          0         76   strlen.o
        36          0          0          0          0         80   strstr.o
        74          0          0          0          0         80   sys_stackheap_outer.o
         2          0          0          0          0         68   use_no_semi.o
         2          0          0          0          0         68   use_no_semi_2.o
        36          4          0          0          0         76   vsprintf.o
       826         16          0          0          0        492   daddsub_clz.o
        24          0          0          0          0        116   dcmpi.o
        90          4          0          0          0        140   dfixu.o
        84          0          0          0          0        232   dflt_clz.o
       120          4          0          0          0        140   dleqf.o
       340         12          0          0          0        152   dmul.o
       156          4          0          0          0        140   dnaninf.o
        12          0          0          0          0        116   dretinf.o
       108          0          0          0          0        128   drleqf.o
       408         56          0          0          0        168   dsqrt_umaal.o
        86          4          0          0          0        132   f2d.o
       140          4          0          0          0        132   fnaninf.o
        10          0          0          0          0        116   fpinit.o
         4          0          0          0          0        116   printf1.o
         4          0          0          0          0        116   printf2.o
         0          0          0          0          0          0   usenofp.o
        48          0          0          0          0        124   fpclassify.o
       122          0          0          0          0        148   sqrt.o

    ----------------------------------------------------------------------
      9780        384        556          0        100       7380   Library Totals
        16          0          5          0          4          0   (incl. Padding)

    ----------------------------------------------------------------------

      Code (inc. data)   RO Data    RW Data    ZI Data      Debug   Library Name

      7182        280        551          0         96       4672   c_w.l
      2412        104          0          0          0       2436   fz_wm.l
       170          0          0          0          0        272   m_wm.l

    ----------------------------------------------------------------------
      9780        384        556          0        100       7380   Library Totals

    ----------------------------------------------------------------------

==============================================================================


      Code (inc. data)   RO Data    RW Data    ZI Data      Debug   

     66032       5616       7996       1076    1226868     562802   Grand Totals
     66032       5616       7996        364    1226868     562802   ELF Image Totals (compressed)
     66032       5616       7996        364          0          0   ROM Totals

==============================================================================

    Total RO  Size (Code + RO Data)                74028 (  72.29kB)
    Total RW  Size (RW Data + ZI Data)           1227944 (1199.16kB)
    Total ROM Size (Code + RO Data + RW Data)      74392 (  72.65kB)

==============================================================================

