<html>
<body>
<pre>
<h1>礦ision Build Log</h1>
<h2>Tool Versions:</h2>
IDE-Version: μVision V5.14.0.0
Copyright (C) 2015 ARM Ltd and ARM Germany GmbH. All rights reserved.
License Information: q z, h, LIC=KRMW3-AE36L-LQJ0Q-NQCI3-4RU7U-4GX4W
 
Tool Versions:
Toolchain:       MDK-ARM Standard  Version: 5.14.0.0
Toolchain Path:  C:\Keil_v5\ARM\ARMCC\Bin
C Compiler:      Armcc.exe V5.05 update 1 (build 106)
Assembler:       Armasm.exe V5.05 update 1 (build 106)
Linker/Locator:  ArmLink.exe V5.05 update 1 (build 106)
Library Manager: ArmAr.exe V5.05 update 1 (build 106)
Hex Converter:   FromElf.exe V5.05 update 1 (build 106)
CPU DLL:         SARMCM3.DLL V5.14.0.0
Dialog DLL:      DCM.DLL V1.13.1.0
Target DLL:      STLink\ST-LINKIII-KEIL_SWO.dll V2.0.14.0_KEIL
Dialog DLL:      TCM.DLL V1.14.4.0
 
<h2>Project:</h2>
E:\GraduateLearning\arm\fingerprint\AAAAAAAtest_main\需要融进自己代码的8266部分\8266-修改\USER\ATK_ESP8266.uvprojx
Project File Date:  10/11/2021

<h2>Output:</h2>
Build target 'Target 1'
compiling main.c...
main.c(173): warning:  #111-D: statement is unreachable
        myfree(SRAMIN,p);               //释放内存
main.c(24): warning:  #550-D: variable "fontok" was set but never used
        u8 fontok=0; 
main.c(32): warning:  #177-D: variable "res" was declared but never referenced
        u8 res=0;
main.c: 3 warnings, 0 errors
linking...
Program Size: Code=59696 RO-data=8076 RW-data=940 ZI-data=1226076  
FromELF: creating hex file...
"..\OBJ\ATK_ESP8266.axf" - 0 Error(s), 3 Warning(s).

<h2>Collection of Component include folders:</h2>
  E:\GraduateLearning\arm\fingerprint\AAAAAAAtest_main\需要融进自己代码的8266部分\8266-修改\USER\RTE
  C:\Keil_v5\ARM\PACK\Keil\STM32F4xx_DFP\2.15.0

<h2>Collection of Component Files used:</h2>
</pre>
</body>
</html>
