Component: ARM Compiler 5.05 update 1 (build 106) Tool: armlink [4d0efa]

==============================================================================

Section Cross References

    main.o(i.AS608_get_keynum) refers to main.o(i.AS608_key_staset) for AS608_key_staset
    main.o(i.AS608_get_keynum) refers to touch.o(.data) for tp_dev
    main.o(i.AS608_get_keynum) refers to main.o(.data) for .data
    main.o(i.AS608_key_staset) refers to lcd.o(i.LCD_Fill) for LCD_Fill
    main.o(i.AS608_key_staset) refers to text.o(i.Show_Str_Mid) for Show_Str_Mid
    main.o(i.AS608_key_staset) refers to main.o(.data) for .data
    main.o(i.AS608_load_keyboard) refers to lcd.o(i.LCD_Fill) for LCD_Fill
    main.o(i.AS608_load_keyboard) refers to lcd.o(i.LCD_DrawRectangle) for LCD_DrawRectangle
    main.o(i.AS608_load_keyboard) refers to text.o(i.Show_Str_Mid) for Show_Str_Mid
    main.o(i.AS608_load_keyboard) refers to text.o(i.Show_Str) for Show_Str
    main.o(i.AS608_load_keyboard) refers to lcd.o(.data) for POINT_COLOR
    main.o(i.AS608_load_keyboard) refers to main.o(.data) for .data
    main.o(i.Add_FR) refers to lcd.o(i.LCD_Fill) for LCD_Fill
    main.o(i.Add_FR) refers to text.o(i.Show_Str_Mid) for Show_Str_Mid
    main.o(i.Add_FR) refers to as608.o(i.PS_GetImage) for PS_GetImage
    main.o(i.Add_FR) refers to as608.o(i.PS_GenChar) for PS_GenChar
    main.o(i.Add_FR) refers to delay.o(i.delay_ms) for delay_ms
    main.o(i.Add_FR) refers to main.o(i.ShowErrMessage) for ShowErrMessage
    main.o(i.Add_FR) refers to as608.o(i.PS_Match) for PS_Match
    main.o(i.Add_FR) refers to as608.o(i.PS_RegModel) for PS_RegModel
    main.o(i.Add_FR) refers to main.o(i.GET_NUM) for GET_NUM
    main.o(i.Add_FR) refers to as608.o(i.PS_StoreChar) for PS_StoreChar
    main.o(i.Add_FR) refers to as608.o(i.PS_ValidTempleteNum) for PS_ValidTempleteNum
    main.o(i.Add_FR) refers to lcd.o(i.LCD_ShowNum) for LCD_ShowNum
    main.o(i.Add_FR) refers to lcd.o(.bss) for lcddev
    main.o(i.Add_FR) refers to main.o(.bss) for .bss
    main.o(i.Add_FR) refers to main.o(.data) for .data
    main.o(i.Del_FR) refers to lcd.o(i.LCD_Fill) for LCD_Fill
    main.o(i.Del_FR) refers to text.o(i.Show_Str_Mid) for Show_Str_Mid
    main.o(i.Del_FR) refers to delay.o(i.delay_ms) for delay_ms
    main.o(i.Del_FR) refers to main.o(i.AS608_load_keyboard) for AS608_load_keyboard
    main.o(i.Del_FR) refers to main.o(i.GET_NUM) for GET_NUM
    main.o(i.Del_FR) refers to as608.o(i.PS_DeletChar) for PS_DeletChar
    main.o(i.Del_FR) refers to main.o(i.ShowErrMessage) for ShowErrMessage
    main.o(i.Del_FR) refers to as608.o(i.PS_ValidTempleteNum) for PS_ValidTempleteNum
    main.o(i.Del_FR) refers to lcd.o(i.LCD_ShowNum) for LCD_ShowNum
    main.o(i.Del_FR) refers to as608.o(i.PS_Empty) for PS_Empty
    main.o(i.Del_FR) refers to lcd.o(.bss) for lcddev
    main.o(i.Del_FR) refers to main.o(.data) for .data
    main.o(i.Del_FR) refers to main.o(.bss) for .bss
    main.o(i.GET_NUM) refers to main.o(i.AS608_get_keynum) for AS608_get_keynum
    main.o(i.GET_NUM) refers to lcd.o(i.LCD_ShowNum) for LCD_ShowNum
    main.o(i.ShowErrMessage) refers to lcd.o(i.LCD_Fill) for LCD_Fill
    main.o(i.ShowErrMessage) refers to as608.o(i.EnsureMessage) for EnsureMessage
    main.o(i.ShowErrMessage) refers to text.o(i.Show_Str_Mid) for Show_Str_Mid
    main.o(i.ShowErrMessage) refers to lcd.o(.bss) for lcddev
    main.o(i.main) refers to _printf_percent.o(.ARM.Collect$$_printf_percent$$00000000) for _printf_percent
    main.o(i.main) refers to _printf_d.o(.ARM.Collect$$_printf_percent$$00000009) for _printf_d
    main.o(i.main) refers to _printf_x.o(.ARM.Collect$$_printf_percent$$0000000C) for _printf_x
    main.o(i.main) refers to _printf_dec.o(.text) for _printf_int_dec
    main.o(i.main) refers to _printf_hex_int_ll_ptr.o(.text) for _printf_longlong_hex
    main.o(i.main) refers to misc.o(i.NVIC_PriorityGroupConfig) for NVIC_PriorityGroupConfig
    main.o(i.main) refers to delay.o(i.delay_init) for delay_init
    main.o(i.main) refers to usart.o(i.uart_init) for uart_init
    main.o(i.main) refers to usart2.o(i.usart2_init) for usart2_init
    main.o(i.main) refers to usart3.o(i.usart3_init) for usart3_init
    main.o(i.main) refers to led.o(i.LED_Init) for LED_Init
    main.o(i.main) refers to as608.o(i.PS_StaGPIO_Init) for PS_StaGPIO_Init
    main.o(i.main) refers to beep.o(i.BEEP_Init) for BEEP_Init
    main.o(i.main) refers to key.o(i.KEY_Init) for KEY_Init
    main.o(i.main) refers to lcd.o(i.LCD_Init) for LCD_Init
    main.o(i.main) refers to w25qxx.o(i.W25QXX_Init) for W25QXX_Init
    main.o(i.main) refers to malloc.o(i.my_mem_init) for my_mem_init
    main.o(i.main) refers to exfuns.o(i.exfuns_init) for exfuns_init
    main.o(i.main) refers to ff.o(i.f_mount) for f_mount
    main.o(i.main) refers to fontupd.o(i.font_init) for font_init
    main.o(i.main) refers to lcd.o(i.LCD_Clear) for LCD_Clear
    main.o(i.main) refers to text.o(i.Show_Str_Mid) for Show_Str_Mid
[...]
    I2C1_EV_IRQHandler                       0x080002b3   Thumb Code     0  startup_stm32f40_41xxx.o(.text)
    I2C2_ER_IRQHandler                       0x080002b3   Thumb Code     0  startup_stm32f40_41xxx.o(.text)
    I2C2_EV_IRQHandler                       0x080002b3   Thumb Code     0  startup_stm32f40_41xxx.o(.text)
    I2C3_ER_IRQHandler                       0x080002b3   Thumb Code     0  startup_stm32f40_41xxx.o(.text)
    I2C3_EV_IRQHandler                       0x080002b3   Thumb Code     0  startup_stm32f40_41xxx.o(.text)
    OTG_FS_IRQHandler                        0x080002b3   Thumb Code     0  startup_stm32f40_41xxx.o(.text)
    OTG_FS_WKUP_IRQHandler                   0x080002b3   Thumb Code     0  startup_stm32f40_41xxx.o(.text)
    OTG_HS_EP1_IN_IRQHandler                 0x080002b3   Thumb Code     0  startup_stm32f40_41xxx.o(.text)
    OTG_HS_EP1_OUT_IRQHandler                0x080002b3   Thumb Code     0  startup_stm32f40_41xxx.o(.text)
    OTG_HS_IRQHandler                        0x080002b3   Thumb Code     0  startup_stm32f40_41xxx.o(.text)
    OTG_HS_WKUP_IRQHandler                   0x080002b3   Thumb Code     0  startup_stm32f40_41xxx.o(.text)
    PVD_IRQHandler                           0x080002b3   Thumb Code     0  startup_stm32f40_41xxx.o(.text)
    RCC_IRQHandler                           0x080002b3   Thumb Code     0  startup_stm32f40_41xxx.o(.text)
    RTC_Alarm_IRQHandler                     0x080002b3   Thumb Code     0  startup_stm32f40_41xxx.o(.text)
    RTC_WKUP_IRQHandler                      0x080002b3   Thumb Code     0  startup_stm32f40_41xxx.o(.text)
    SPI1_IRQHandler                          0x080002b3   Thumb Code     0  startup_stm32f40_41xxx.o(.text)
    SPI2_IRQHandler                          0x080002b3   Thumb Code     0  startup_stm32f40_41xxx.o(.text)
    SPI3_IRQHandler                          0x080002b3   Thumb Code     0  startup_stm32f40_41xxx.o(.text)
    TAMP_STAMP_IRQHandler                    0x080002b3   Thumb Code     0  startup_stm32f40_41xxx.o(.text)
    TIM1_BRK_TIM9_IRQHandler                 0x080002b3   Thumb Code     0  startup_stm32f40_41xxx.o(.text)
    TIM1_CC_IRQHandler                       0x080002b3   Thumb Code     0  startup_stm32f40_41xxx.o(.text)
    TIM1_TRG_COM_TIM11_IRQHandler            0x080002b3   Thumb Code     0  startup_stm32f40_41xxx.o(.text)
    TIM1_UP_TIM10_IRQHandler                 0x080002b3   Thumb Code     0  startup_stm32f40_41xxx.o(.text)
    TIM2_IRQHandler                          0x080002b3   Thumb Code     0  startup_stm32f40_41xxx.o(.text)
    TIM3_IRQHandler                          0x080002b3   Thumb Code     0  startup_stm32f40_41xxx.o(.text)
    TIM5_IRQHandler                          0x080002b3   Thumb Code     0  startup_stm32f40_41xxx.o(.text)
    TIM6_DAC_IRQHandler                      0x080002b3   Thumb Code     0  startup_stm32f40_41xxx.o(.text)
    TIM8_BRK_TIM12_IRQHandler                0x080002b3   Thumb Code     0  startup_stm32f40_41xxx.o(.text)
    TIM8_CC_IRQHandler                       0x080002b3   Thumb Code     0  startup_stm32f40_41xxx.o(.text)
    TIM8_TRG_COM_TIM14_IRQHandler            0x080002b3   Thumb Code     0  startup_stm32f40_41xxx.o(.text)
    TIM8_UP_TIM13_IRQHandler                 0x080002b3   Thumb Code     0  startup_stm32f40_41xxx.o(.text)
    UART4_IRQHandler                         0x080002b3   Thumb Code     0  startup_stm32f40_41xxx.o(.text)
    UART5_IRQHandler                         0x080002b3   Thumb Code     0  startup_stm32f40_41xxx.o(.text)
    USART6_IRQHandler                        0x080002b3   Thumb Code     0  startup_stm32f40_41xxx.o(.text)
    WWDG_IRQHandler                          0x080002b3   Thumb Code     0  startup_stm32f40_41xxx.o(.text)
    __user_initial_stackheap                 0x080002b5   Thumb Code     0  startup_stm32f40_41xxx.o(.text)
    __use_no_semihosting                     0x080002d9   Thumb Code     2  use_no_semi_2.o(.text)
    __2printf                                0x080002dd   Thumb Code    20  __2printf.o(.text)
    __2sprintf                               0x080002f5   Thumb Code    38  __2sprintf.o(.text)
    _printf_pre_padding                      0x08000321   Thumb Code    44  _printf_pad.o(.text)
    _printf_post_padding                     0x0800034d   Thumb Code    34  _printf_pad.o(.text)
    _printf_str                              0x0800036f   Thumb Code    82  _printf_str.o(.text)
    _printf_int_dec                          0x080003c1   Thumb Code   104  _printf_dec.o(.text)
    _printf_longlong_hex                     0x08000439   Thumb Code    86  _printf_hex_int_ll_ptr.o(.text)
    _printf_int_hex                          0x0800048f   Thumb Code    28  _printf_hex_int_ll_ptr.o(.text)
    _printf_ll_hex                           0x080004ab   Thumb Code    12  _printf_hex_int_ll_ptr.o(.text)
    _printf_hex_ptr                          0x080004b7   Thumb Code    18  _printf_hex_int_ll_ptr.o(.text)
    __printf                                 0x080004cd   Thumb Code   388  __printf_flags_ss_wp.o(.text)
    strstr                                   0x08000655   Thumb Code    36  strstr.o(.text)
    strlen                                   0x08000679   Thumb Code    62  strlen.o(.text)
    __aeabi_memcpy                           0x080006b7   Thumb Code     0  rt_memcpy_v6.o(.text)
    __rt_memcpy                              0x080006b7   Thumb Code   138  rt_memcpy_v6.o(.text)
    _memcpy_lastbytes                        0x0800071d   Thumb Code     0  rt_memcpy_v6.o(.text)
    strcmp                                   0x08000741   Thumb Code   128  strcmpv7m.o(.text)
    __use_two_region_memory                  0x080007c1   Thumb Code     2  heapauxi.o(.text)
    __rt_heap_escrow$2region                 0x080007c3   Thumb Code     2  heapauxi.o(.text)
    __rt_heap_expand$2region                 0x080007c5   Thumb Code     2  heapauxi.o(.text)
    __I$use$semihosting                      0x080007c7   Thumb Code     0  use_no_semi.o(.text)
    __use_no_semihosting_swi                 0x080007c7   Thumb Code     2  use_no_semi.o(.text)
    __read_errno                             0x080007c9   Thumb Code    10  _rserrno.o(.text)
    __set_errno                              0x080007d3   Thumb Code    12  _rserrno.o(.text)
    _printf_int_common                       0x080007df   Thumb Code   178  _printf_intcommon.o(.text)
    _printf_char_common                      0x0800089b   Thumb Code    32  _printf_char_common.o(.text)
    _sputc                                   0x080008c1   Thumb Code    10  _sputc.o(.text)
    _printf_cs_common                        0x080008cb   Thumb Code    20  _printf_char.o(.text)
    _printf_char                             0x080008df   Thumb Code    16  _printf_char.o(.text)
    _printf_string                           0x080008ef   Thumb Code     8  _printf_char.o(.text)
    _printf_char_file                        0x080008f9   Thumb Code    32  _printf_char_file.o(.text)
    __aeabi_memcpy4                          0x0800091d   Thumb Code     0  rt_memcpy_w.o(.text)
    __aeabi_memcpy8                          0x0800091d   Thumb Code     0  rt_memcpy_w.o(.text)
    __rt_memcpy_w                            0x0800091d   Thumb Code   100  rt_memcpy_w.o(.text)
    _memcpy_lastbytes_aligned                0x08000965   Thumb Code     0  rt_memcpy_w.o(.text)
    __aeabi_errno_addr                       0x08000981   Thumb Code     8  rt_errno_addr_intlibspace.o(.text)
    __errno$intlibspace                      0x08000981   Thumb Code     0  rt_errno_addr_intlibspace.o(.text)
    __rt_errno_addr$intlibspace              0x08000981   Thumb Code     0  rt_errno_addr_intlibspace.o(.text)
    ferror                                   0x08000989   Thumb Code     8  ferror.o(.text)
    __user_libspace                          0x08000991   Thumb Code     8  libspace.o(.text)
    __user_perproc_libspace                  0x08000991   Thumb Code     0  libspace.o(.text)
    __user_perthread_libspace                0x08000991   Thumb Code     0  libspace.o(.text)
    __user_setup_stackheap                   0x08000999   Thumb Code    74  sys_stackheap_outer.o(.text)
    exit                                     0x080009e3   Thumb Code    12  exit.o(.text)
    AS608_get_keynum                         0x080009f1   Thumb Code   194  main.o(i.AS608_get_keynum)
    AS608_key_staset                         0x08000abd   Thumb Code   176  main.o(i.AS608_key_staset)
    AS608_load_keyboard                      0x08000b71   Thumb Code   276  main.o(i.AS608_load_keyboard)
    AT24CXX_Init                             0x08000c8d   Thumb Code     4  24cxx.o(i.AT24CXX_Init)
    AT24CXX_ReadLenByte                      0x08000c91   Thumb Code    42  24cxx.o(i.AT24CXX_ReadLenByte)
    AT24CXX_ReadOneByte                      0x08000cbb   Thumb Code    66  24cxx.o(i.AT24CXX_ReadOneByte)
    AT24CXX_WriteLenByte                     0x08000cfd   Thumb Code    42  24cxx.o(i.AT24CXX_WriteLenByte)
    AT24CXX_WriteOneByte                     0x08000d27   Thumb Code    62  24cxx.o(i.AT24CXX_WriteOneByte)
    Add_FR                                   0x08000d65   Thumb Code   666  main.o(i.Add_FR)
    BEEP_Init                                0x080010e1   Thumb Code    60  beep.o(i.BEEP_Init)
    BusFault_Handler                         0x08001121   Thumb Code     2  stm32f4xx_it.o(i.BusFault_Handler)
    CT_IIC_Ack                               0x08001125   Thumb Code    64  ctiic.o(i.CT_IIC_Ack)
    CT_IIC_Init                              0x08001171   Thumb Code    54  ctiic.o(i.CT_IIC_Init)
    CT_IIC_NAck                              0x080011b1   Thumb Code    64  ctiic.o(i.CT_IIC_NAck)
    CT_IIC_Read_Byte                         0x080011fd   Thumb Code   108  ctiic.o(i.CT_IIC_Read_Byte)
    CT_IIC_Send_Byte                         0x08001275   Thumb Code    90  ctiic.o(i.CT_IIC_Send_Byte)
    CT_IIC_Start                             0x080012dd   Thumb Code    62  ctiic.o(i.CT_IIC_Start)
    CT_IIC_Stop                              0x08001329   Thumb Code    56  ctiic.o(i.CT_IIC_Stop)
    CT_IIC_Wait_Ack                          0x0800136d   Thumb Code    70  ctiic.o(i.CT_IIC_Wait_Ack)
    CmdError                                 0x080013c1   Thumb Code    42  sdio_sdcard.o(i.CmdError)
    CmdResp1Error                            0x080013ed   Thumb Code    84  sdio_sdcard.o(i.CmdResp1Error)
    CmdResp2Error                            0x08001445   Thumb Code    66  sdio_sdcard.o(i.CmdResp2Error)
    CmdResp3Error                            0x0800148d   Thumb Code    42  sdio_sdcard.o(i.CmdResp3Error)
    CmdResp6Error                            0x080014bd   Thumb Code   118  sdio_sdcard.o(i.CmdResp6Error)
    CmdResp7Error                            0x08001539   Thumb Code    54  sdio_sdcard.o(i.CmdResp7Error)
    DMA_Cmd                                  0x08001575   Thumb Code    20  stm32f4xx_dma.o(i.DMA_Cmd)
    DMA_DeInit                               0x08001589   Thumb Code   272  stm32f4xx_dma.o(i.DMA_DeInit)
    DMA_FlowControllerConfig                 0x080016ad   Thumb Code    20  stm32f4xx_dma.o(i.DMA_FlowControllerConfig)
    DMA_GetCmdStatus                         0x080016c1   Thumb Code    14  stm32f4xx_dma.o(i.DMA_GetCmdStatus)
    DMA_Init                                 0x080016d1   Thumb Code    80  stm32f4xx_dma.o(i.DMA_Init)
    DebugMon_Handler                         0x08001725   Thumb Code     2  stm32f4xx_it.o(i.DebugMon_Handler)
    Del_FR                                   0x08001729   Thumb Code   222  main.o(i.Del_FR)
    EnsureMessage                            0x08001859   Thumb Code   130  as608.o(i.EnsureMessage)
    FSMC_NORSRAMCmd                          0x08001a9d   Thumb Code    26  stm32f4xx_fsmc.o(i.FSMC_NORSRAMCmd)
    FSMC_NORSRAMInit                         0x08001abd   Thumb Code   200  stm32f4xx_fsmc.o(i.FSMC_NORSRAMInit)
    FT5206_Init                              0x08001b85   Thumb Code   188  ft5206.o(i.FT5206_Init)
    FT5206_RD_Reg                            0x08001c59   Thumb Code    86  ft5206.o(i.FT5206_RD_Reg)
    FT5206_Scan                              0x08001cb1   Thumb Code   308  ft5206.o(i.FT5206_Scan)
    FT5206_WR_Reg                            0x08001df1   Thumb Code    72  ft5206.o(i.FT5206_WR_Reg)
    FindSCR                                  0x08001e39   Thumb Code   304  sdio_sdcard.o(i.FindSCR)
    GET_NUM                                  0x08001f75   Thumb Code   114  main.o(i.GET_NUM)
    GPIO_Init                                0x08001fe7   Thumb Code   162  stm32f4xx_gpio.o(i.GPIO_Init)
    GPIO_PinAFConfig                         0x08002089   Thumb Code    32  stm32f4xx_gpio.o(i.GPIO_PinAFConfig)
    GPIO_ResetBits                           0x080020a9   Thumb Code     4  stm32f4xx_gpio.o(i.GPIO_ResetBits)
    GPIO_SetBits                             0x080020ad   Thumb Code     4  stm32f4xx_gpio.o(i.GPIO_SetBits)
    GT9147_Init                              0x080020b1   Thumb Code   228  gt9147.o(i.GT9147_Init)
    GT9147_RD_Reg                            0x080021c9   Thumb Code    96  gt9147.o(i.GT9147_RD_Reg)
    GT9147_Scan                              0x08002229   Thumb Code   348  gt9147.o(i.GT9147_Scan)
    GT9147_Send_Cfg                          0x08002395   Thumb Code    74  gt9147.o(i.GT9147_Send_Cfg)
    GT9147_WR_Reg                            0x080023e5   Thumb Code    82  gt9147.o(i.GT9147_WR_Reg)
    Get_HzMat                                0x08002439   Thumb Code   138  text.o(i.Get_HzMat)
    HardFault_Handler                        0x080024c9   Thumb Code     2  stm32f4xx_it.o(i.HardFault_Handler)
    IIC_Ack                                  0x080024cd   Thumb Code    56  myiic.o(i.IIC_Ack)
    IIC_Init                                 0x0800250d   Thumb Code    58  myiic.o(i.IIC_Init)
    IIC_NAck                                 0x08002551   Thumb Code    56  myiic.o(i.IIC_NAck)
    IIC_Read_Byte                            0x08002591   Thumb Code    96  myiic.o(i.IIC_Read_Byte)
    IIC_Send_Byte                            0x080025f9   Thumb Code    86  myiic.o(i.IIC_Send_Byte)
    IIC_Start                                0x08002659   Thumb Code    56  myiic.o(i.IIC_Start)
    IIC_Stop                                 0x08002699   Thumb Code    58  myiic.o(i.IIC_Stop)
    IIC_Wait_Ack                             0x080026dd   Thumb Code    74  myiic.o(i.IIC_Wait_Ack)
    IsCardProgramming                        0x08002731   Thumb Code   126  sdio_sdcard.o(i.IsCardProgramming)
    KEY_Init                                 0x0800282d   Thumb Code    58  key.o(i.KEY_Init)
    LCD_Clear                                0x08002871   Thumb Code    98  lcd.o(i.LCD_Clear)
    LCD_Display_Dir                          0x080028d9   Thumb Code   304  lcd.o(i.LCD_Display_Dir)
    LCD_DrawLine                             0x08002a0d   Thumb Code   154  lcd.o(i.LCD_DrawLine)
    LCD_DrawPoint                            0x08002aa9   Thumb Code    24  lcd.o(i.LCD_DrawPoint)
    LCD_DrawRectangle                        0x08002ac5   Thumb Code    56  lcd.o(i.LCD_DrawRectangle)
    LCD_Draw_Circle                          0x08002afd   Thumb Code   176  lcd.o(i.LCD_Draw_Circle)
    LCD_Fast_DrawPoint                       0x08002bad   Thumb Code   276  lcd.o(i.LCD_Fast_DrawPoint)
    LCD_Fill                                 0x08002cc5   Thumb Code   134  lcd.o(i.LCD_Fill)
    LCD_Init                                 0x08002d51   Thumb Code 14094  lcd.o(i.LCD_Init)
    LCD_Pow                                  0x0800645f   Thumb Code    16  lcd.o(i.LCD_Pow)
    LCD_RD_DATA                              0x0800646f   Thumb Code    20  lcd.o(i.LCD_RD_DATA)
    LCD_ReadReg                              0x08006483   Thumb Code    20  lcd.o(i.LCD_ReadReg)
    LCD_SSD_BackLightSet                     0x08006499   Thumb Code    72  lcd.o(i.LCD_SSD_BackLightSet)
    LCD_Scan_Dir                             0x080064e9   Thumb Code   510  lcd.o(i.LCD_Scan_Dir)
    LCD_SetCursor                            0x080066ed   Thumb Code   344  lcd.o(i.LCD_SetCursor)
    LCD_ShowChar                             0x08006849   Thumb Code   190  lcd.o(i.LCD_ShowChar)
    LCD_ShowNum                              0x0800691d   Thumb Code   118  lcd.o(i.LCD_ShowNum)
    LCD_ShowString                           0x08006993   Thumb Code    84  lcd.o(i.LCD_ShowString)
    LCD_WR_DATA                              0x080069e7   Thumb Code    24  lcd.o(i.LCD_WR_DATA)
    LCD_WR_REG                               0x080069ff   Thumb Code    24  lcd.o(i.LCD_WR_REG)
    LCD_WriteRAM_Prepare                     0x08006a19   Thumb Code    14  lcd.o(i.LCD_WriteRAM_Prepare)
    LCD_WriteReg                             0x08006a2d   Thumb Code    12  lcd.o(i.LCD_WriteReg)
    LED_Init                                 0x08006a39   Thumb Code    58  led.o(i.LED_Init)
    MemManage_Handler                        0x08006a8d   Thumb Code     2  stm32f4xx_it.o(i.MemManage_Handler)
    NMI_Handler                              0x08006a8f   Thumb Code     2  stm32f4xx_it.o(i.NMI_Handler)
    NVIC_Init                                0x08006a91   Thumb Code    96  misc.o(i.NVIC_Init)
    NVIC_PriorityGroupConfig                 0x08006af5   Thumb Code    10  misc.o(i.NVIC_PriorityGroupConfig)
    OTT2001A_Init                            0x08006b09   Thumb Code   136  ott2001a.o(i.OTT2001A_Init)
    OTT2001A_RD_Reg                          0x08006ba9   Thumb Code    96  ott2001a.o(i.OTT2001A_RD_Reg)
    OTT2001A_Scan                            0x08006c09   Thumb Code   350  ott2001a.o(i.OTT2001A_Scan)
    OTT2001A_SensorControl                   0x08006d8d   Thumb Code    30  ott2001a.o(i.OTT2001A_SensorControl)
    OTT2001A_WR_Reg                          0x08006dab   Thumb Code    82  ott2001a.o(i.OTT2001A_WR_Reg)
    PS_DeletChar                             0x08006dfd   Thumb Code    94  as608.o(i.PS_DeletChar)
    PS_Empty                                 0x08006e5b   Thumb Code    52  as608.o(i.PS_Empty)
    PS_GenChar                               0x08006e8f   Thumb Code    60  as608.o(i.PS_GenChar)
    PS_GetImage                              0x08006ecb   Thumb Code    52  as608.o(i.PS_GetImage)
    PS_HandShake                             0x08006f01   Thumb Code   100  as608.o(i.PS_HandShake)
    PS_HighSpeedSearch                       0x08006f6d   Thumb Code   132  as608.o(i.PS_HighSpeedSearch)
    PS_Match                                 0x08006ff1   Thumb Code    52  as608.o(i.PS_Match)
    PS_ReadSysPara                           0x08007025   Thumb Code   156  as608.o(i.PS_ReadSysPara)
    PS_RegModel                              0x08007109   Thumb Code    52  as608.o(i.PS_RegModel)
    PS_SetAddr                               0x0800713d   Thumb Code   130  as608.o(i.PS_SetAddr)
    PS_StaGPIO_Init                          0x080071e1   Thumb Code    42  as608.o(i.PS_StaGPIO_Init)
    PS_StoreChar                             0x08007211   Thumb Code    82  as608.o(i.PS_StoreChar)
    PS_ValidTempleteNum                      0x08007265   Thumb Code    96  as608.o(i.PS_ValidTempleteNum)
    PS_WriteReg                              0x080072e1   Thumb Code    96  as608.o(i.PS_WriteReg)
    PendSV_Handler                           0x0800735d   Thumb Code     2  stm32f4xx_it.o(i.PendSV_Handler)
    RCC_AHB1PeriphClockCmd                   0x08007361   Thumb Code    18  stm32f4xx_rcc.o(i.RCC_AHB1PeriphClockCmd)
    RCC_AHB3PeriphClockCmd                   0x08007379   Thumb Code    18  stm32f4xx_rcc.o(i.RCC_AHB3PeriphClockCmd)
    RCC_APB1PeriphClockCmd                   0x08007391   Thumb Code    18  stm32f4xx_rcc.o(i.RCC_APB1PeriphClockCmd)
    RCC_APB1PeriphResetCmd                   0x080073a9   Thumb Code    18  stm32f4xx_rcc.o(i.RCC_APB1PeriphResetCmd)
    RCC_APB2PeriphClockCmd                   0x080073c1   Thumb Code    18  stm32f4xx_rcc.o(i.RCC_APB2PeriphClockCmd)
    RCC_APB2PeriphResetCmd                   0x080073d9   Thumb Code    18  stm32f4xx_rcc.o(i.RCC_APB2PeriphResetCmd)
    RCC_GetClocksFreq                        0x080073f1   Thumb Code   132  stm32f4xx_rcc.o(i.RCC_GetClocksFreq)
    SDEnWideBus                              0x08007481   Thumb Code   126  sdio_sdcard.o(i.SDEnWideBus)
    SDIO_ClearFlag                           0x0800750d   Thumb Code     6  stm32f4xx_sdio.o(i.SDIO_ClearFlag)
    SDIO_Clock_Set                           0x08007519   Thumb Code    14  sdio_sdcard.o(i.SDIO_Clock_Set)
    SDIO_DataConfig                          0x0800752d   Thumb Code    42  stm32f4xx_sdio.o(i.SDIO_DataConfig)
    SDIO_GetFlagStatus                       0x0800755d   Thumb Code    16  stm32f4xx_sdio.o(i.SDIO_GetFlagStatus)
    SDIO_GetPowerState                       0x08007571   Thumb Code    10  stm32f4xx_sdio.o(i.SDIO_GetPowerState)
    SDIO_IRQHandler                          0x08007581   Thumb Code     4  sdio_sdcard.o(i.SDIO_IRQHandler)
    SDIO_Init                                0x08007585   Thumb Code    40  stm32f4xx_sdio.o(i.SDIO_Init)
    SDIO_Register_Deinit                     0x080075b1   Thumb Code    46  sdio_sdcard.o(i.SDIO_Register_Deinit)
    SDIO_SendCommand                         0x080075e9   Thumb Code    36  stm32f4xx_sdio.o(i.SDIO_SendCommand)
    SDIO_SetPowerState                       0x08007611   Thumb Code     6  stm32f4xx_sdio.o(i.SDIO_SetPowerState)
    SD_DMA_Config                            0x0800761d   Thumb Code   112  sdio_sdcard.o(i.SD_DMA_Config)
    SD_EnableWideBusOperation                0x08007695   Thumb Code    66  sdio_sdcard.o(i.SD_EnableWideBusOperation)
    SD_GetCardInfo                           0x080076e1   Thumb Code   520  sdio_sdcard.o(i.SD_GetCardInfo)
    SD_Init                                  0x080078f1   Thumb Code   262  sdio_sdcard.o(i.SD_Init)
    SD_InitializeCards                       0x08007a0d   Thumb Code   270  sdio_sdcard.o(i.SD_InitializeCards)
    SD_PowerON                               0x08007b29   Thumb Code   368  sdio_sdcard.o(i.SD_PowerON)
    SD_ProcessIRQSrc                         0x08007cad   Thumb Code   228  sdio_sdcard.o(i.SD_ProcessIRQSrc)
    SD_ReadBlock                             0x08007d9d   Thumb Code   498  sdio_sdcard.o(i.SD_ReadBlock)
    SD_ReadDisk                              0x08007fa5   Thumb Code   114  sdio_sdcard.o(i.SD_ReadDisk)
    SD_ReadMultiBlocks                       0x0800801d   Thumb Code   598  sdio_sdcard.o(i.SD_ReadMultiBlocks)
    SD_SelectDeselect                        0x08008289   Thumb Code    40  sdio_sdcard.o(i.SD_SelectDeselect)
    SD_SetDeviceMode                         0x080082b5   Thumb Code    20  sdio_sdcard.o(i.SD_SetDeviceMode)
    SD_WriteBlock                            0x080082cd   Thumb Code   720  sdio_sdcard.o(i.SD_WriteBlock)
    SD_WriteDisk                             0x080085ad   Thumb Code   108  sdio_sdcard.o(i.SD_WriteDisk)
    SD_WriteMultiBlocks                      0x0800861d   Thumb Code   762  sdio_sdcard.o(i.SD_WriteMultiBlocks)
    SPI1_Init                                0x08008929   Thumb Code   186  spi.o(i.SPI1_Init)
    SPI1_ReadWriteByte                       0x080089ed   Thumb Code    48  spi.o(i.SPI1_ReadWriteByte)
    SPI1_SetSpeed                            0x08008a21   Thumb Code    24  spi.o(i.SPI1_SetSpeed)
    SPI_Cmd                                  0x08008a3d   Thumb Code    20  stm32f4xx_spi.o(i.SPI_Cmd)
    SPI_I2S_GetFlagStatus                    0x08008a51   Thumb Code    14  stm32f4xx_spi.o(i.SPI_I2S_GetFlagStatus)
    SPI_I2S_ReceiveData                      0x08008a5f   Thumb Code     4  stm32f4xx_spi.o(i.SPI_I2S_ReceiveData)
    SPI_I2S_SendData                         0x08008a63   Thumb Code     4  stm32f4xx_spi.o(i.SPI_I2S_SendData)
    SPI_Init                                 0x08008a67   Thumb Code    56  stm32f4xx_spi.o(i.SPI_Init)
    SVC_Handler                              0x08008a9f   Thumb Code     2  stm32f4xx_it.o(i.SVC_Handler)
    ShowErrMessage                           0x08008bc1   Thumb Code    48  main.o(i.ShowErrMessage)
    Show_Font                                0x08008bf5   Thumb Code   154  text.o(i.Show_Font)
    Show_Str                                 0x08008c99   Thumb Code   146  text.o(i.Show_Str)
    Show_Str_Mid                             0x08008d2d   Thumb Code    82  text.o(i.Show_Str_Mid)
    SysTick_CLKSourceConfig                  0x08008d85   Thumb Code    24  misc.o(i.SysTick_CLKSourceConfig)
    SysTick_Handler                          0x08008d9d   Thumb Code     2  stm32f4xx_it.o(i.SysTick_Handler)
    SystemInit                               0x08008da1   Thumb Code    74  system_stm32f4xx.o(i.SystemInit)
    TIM4_IRQHandler                          0x08008dfd   Thumb Code    50  usmart.o(i.TIM4_IRQHandler)
    TIM7_IRQHandler                          0x08008e39   Thumb Code    48  timer.o(i.TIM7_IRQHandler)
    TIM7_Int_Init                            0x08008e71   Thumb Code    78  timer.o(i.TIM7_Int_Init)
    TIM_ClearFlag                            0x08008ec5   Thumb Code     6  stm32f4xx_tim.o(i.TIM_ClearFlag)
    TIM_ClearITPendingBit                    0x08008ecb   Thumb Code     6  stm32f4xx_tim.o(i.TIM_ClearITPendingBit)
    TIM_Cmd                                  0x08008ed1   Thumb Code    20  stm32f4xx_tim.o(i.TIM_Cmd)
    TIM_GetCounter                           0x08008ee5   Thumb Code     4  stm32f4xx_tim.o(i.TIM_GetCounter)
    TIM_GetFlagStatus                        0x08008ee9   Thumb Code    14  stm32f4xx_tim.o(i.TIM_GetFlagStatus)
    TIM_GetITStatus                          0x08008ef7   Thumb Code    24  stm32f4xx_tim.o(i.TIM_GetITStatus)
    TIM_ITConfig                             0x08008f0f   Thumb Code    16  stm32f4xx_tim.o(i.TIM_ITConfig)
    TIM_SetAutoreload                        0x08008f1f   Thumb Code     4  stm32f4xx_tim.o(i.TIM_SetAutoreload)
    TIM_SetCounter                           0x08008f23   Thumb Code     4  stm32f4xx_tim.o(i.TIM_SetCounter)
    TIM_TimeBaseInit                         0x08008f29   Thumb Code    96  stm32f4xx_tim.o(i.TIM_TimeBaseInit)
    TP_Adj_Info_Show                         0x08008fa5   Thumb Code   326  touch.o(i.TP_Adj_Info_Show)
    TP_Adjust                                0x0800911d   Thumb Code  1426  touch.o(i.TP_Adjust)
    TP_Drow_Touch_Point                      0x080096e1   Thumb Code   106  touch.o(i.TP_Drow_Touch_Point)
    TP_Get_Adjdata                           0x08009751   Thumb Code   130  touch.o(i.TP_Get_Adjdata)
    TP_Init                                  0x080097dd   Thumb Code   232  touch.o(i.TP_Init)
    TP_Read_AD                               0x080098e5   Thumb Code   126  touch.o(i.TP_Read_AD)
    TP_Read_XOY                              0x08009971   Thumb Code   100  touch.o(i.TP_Read_XOY)
    TP_Read_XY                               0x080099d5   Thumb Code    34  touch.o(i.TP_Read_XY)
    TP_Read_XY2                              0x080099fd   Thumb Code   122  touch.o(i.TP_Read_XY2)
    TP_Save_Adjdata                          0x08009a79   Thumb Code   110  touch.o(i.TP_Save_Adjdata)
    TP_Scan                                  0x08009af1   Thumb Code   182  touch.o(i.TP_Scan)
    TP_Write_Byte                            0x08009bb1   Thumb Code    64  touch.o(i.TP_Write_Byte)
    Timer4_Init                              0x08009bf9   Thumb Code    90  usmart.o(i.Timer4_Init)
    USART1_IRQHandler                        0x08009c59   Thumb Code    88  usart.o(i.USART1_IRQHandler)
    USART2_IRQHandler                        0x08009cbd   Thumb Code    80  usart2.o(i.USART2_IRQHandler)
    USART3_IRQHandler                        0x08009d1d   Thumb Code    80  usart3.o(i.USART3_IRQHandler)
    USART_Cmd                                0x08009d7d   Thumb Code    20  stm32f4xx_usart.o(i.USART_Cmd)
    USART_DeInit                             0x08009d91   Thumb Code   138  stm32f4xx_usart.o(i.USART_DeInit)
    USART_GetITStatus                        0x08009e3d   Thumb Code    62  stm32f4xx_usart.o(i.USART_GetITStatus)
    USART_ITConfig                           0x08009e7b   Thumb Code    48  stm32f4xx_usart.o(i.USART_ITConfig)
    USART_Init                               0x08009ead   Thumb Code   164  stm32f4xx_usart.o(i.USART_Init)
    USART_ReceiveData                        0x08009f59   Thumb Code     8  stm32f4xx_usart.o(i.USART_ReceiveData)
    UsageFault_Handler                       0x08009f61   Thumb Code     2  stm32f4xx_it.o(i.UsageFault_Handler)
    W25QXX_Erase_Sector                      0x08009f65   Thumb Code    74  w25qxx.o(i.W25QXX_Erase_Sector)
    W25QXX_Init                              0x08009fbd   Thumb Code   102  w25qxx.o(i.W25QXX_Init)
    W25QXX_Read                              0x0800a035   Thumb Code    76  w25qxx.o(i.W25QXX_Read)
    W25QXX_ReadID                            0x0800a085   Thumb Code    62  w25qxx.o(i.W25QXX_ReadID)
    W25QXX_ReadSR                            0x0800a0c9   Thumb Code    32  w25qxx.o(i.W25QXX_ReadSR)
    W25QXX_Wait_Busy                         0x0800a0ed   Thumb Code    14  w25qxx.o(i.W25QXX_Wait_Busy)
    W25QXX_Write                             0x0800a0fd   Thumb Code   152  w25qxx.o(i.W25QXX_Write)
    W25QXX_Write_Enable                      0x0800a199   Thumb Code    26  w25qxx.o(i.W25QXX_Write_Enable)
    W25QXX_Write_NoCheck                     0x0800a1b9   Thumb Code    62  w25qxx.o(i.W25QXX_Write_NoCheck)
    W25QXX_Write_Page                        0x0800a1f9   Thumb Code    82  w25qxx.o(i.W25QXX_Write_Page)
    __hardfp_sqrt                            0x0800a251   Thumb Code   122  sqrt.o(i.__hardfp_sqrt)
    _is_digit                                0x0800a2cb   Thumb Code    14  __printf_wp.o(i._is_digit)
    _sys_exit                                0x0800a2d9   Thumb Code     2  usart.o(i._sys_exit)
    convert_from_bytes_to_power_of_two       0x0800a339   Thumb Code    18  sdio_sdcard.o(i.convert_from_bytes_to_power_of_two)
    delay_init                               0x0800a34d   Thumb Code    38  delay.o(i.delay_init)
    delay_ms                                 0x0800a379   Thumb Code    52  delay.o(i.delay_ms)
    delay_us                                 0x0800a3ad   Thumb Code    46  delay.o(i.delay_us)
    delay_xms                                0x0800a3e1   Thumb Code    46  delay.o(i.delay_xms)
    disk_initialize                          0x0800a415   Thumb Code    36  diskio.o(i.disk_initialize)
    disk_read                                0x0800a43d   Thumb Code    72  diskio.o(i.disk_read)
    disk_status                              0x0800a485   Thumb Code     4  diskio.o(i.disk_status)
    disk_write                               0x0800a489   Thumb Code    72  diskio.o(i.disk_write)
    exfuns_init                              0x0800a4d1   Thumb Code    94  exfuns.o(i.exfuns_init)
    f_mount                                  0x0800a535   Thumb Code    72  ff.o(i.f_mount)
    font_init                                0x0800a7b9   Thumb Code    58  fontupd.o(i.font_init)
    fputc                                    0x0800a7f9   Thumb Code    14  usart.o(i.fputc)
    main                                     0x0800a849   Thumb Code   490  main.o(i.main)
    my_mem_free                              0x0800ab2d   Thumb Code    80  malloc.o(i.my_mem_free)
    my_mem_init                              0x0800ab85   Thumb Code    52  malloc.o(i.my_mem_init)
    my_mem_malloc                            0x0800abc1   Thumb Code   136  malloc.o(i.my_mem_malloc)
    my_mem_perused                           0x0800ac51   Thumb Code    48  malloc.o(i.my_mem_perused)
    myfree                                   0x0800ac89   Thumb Code    20  malloc.o(i.myfree)
    mymalloc                                 0x0800aca1   Thumb Code    28  malloc.o(i.mymalloc)
    mymemset                                 0x0800acc1   Thumb Code    14  malloc.o(i.mymemset)
    press_FR                                 0x0800acd1   Thumb Code   174  main.o(i.press_FR)
    read_addr                                0x0800adb5   Thumb Code     4  usmart.o(i.read_addr)
    uart_init                                0x0800ae09   Thumb Code   168  usart.o(i.uart_init)
    usart2_init                              0x0800aeb9   Thumb Code   196  usart2.o(i.usart2_init)
    usart3_init                              0x0800af8d   Thumb Code   202  usart3.o(i.usart3_init)
    usmart_cmd_rec                           0x0800b069   Thumb Code   144  usmart.o(i.usmart_cmd_rec)
    usmart_exe                               0x0800b0fd   Thumb Code   514  usmart.o(i.usmart_exe)
    usmart_get_aparm                         0x0800b361   Thumb Code   158  usmart_str.o(i.usmart_get_aparm)
    usmart_get_cmdname                       0x0800b3ff   Thumb Code    46  usmart_str.o(i.usmart_get_cmdname)
    usmart_get_fname                         0x0800b42d   Thumb Code   358  usmart_str.o(i.usmart_get_fname)
    usmart_get_fparam                        0x0800b59d   Thumb Code   208  usmart_str.o(i.usmart_get_fparam)
    usmart_get_parmpos                       0x0800b671   Thumb Code    30  usmart_str.o(i.usmart_get_parmpos)
    usmart_get_runtime                       0x0800b695   Thumb Code    48  usmart.o(i.usmart_get_runtime)
    usmart_init                              0x0800b6cd   Thumb Code    36  usmart.o(i.usmart_init)
    usmart_pow                               0x0800b6f5   Thumb Code    16  usmart_str.o(i.usmart_pow)
    usmart_reset_runtime                     0x0800b705   Thumb Code    40  usmart.o(i.usmart_reset_runtime)
    usmart_scan                              0x0800b735   Thumb Code    94  usmart.o(i.usmart_scan)
    usmart_search_nextc                      0x0800b7d9   Thumb Code    16  usmart_str.o(i.usmart_search_nextc)
    usmart_str2num                           0x0800b7e9   Thumb Code   166  usmart_str.o(i.usmart_str2num)
    usmart_strcmp                            0x0800b88f   Thumb Code    24  usmart_str.o(i.usmart_strcmp)
    usmart_strcopy                           0x0800b8a7   Thumb Code    18  usmart_str.o(i.usmart_strcopy)
    usmart_strlen                            0x0800b8b9   Thumb Code    18  usmart_str.o(i.usmart_strlen)
    usmart_sys_cmd_exe                       0x0800b8cd   Thumb Code  1442  usmart.o(i.usmart_sys_cmd_exe)
    write_addr                               0x0800bf3d   Thumb Code     4  usmart.o(i.write_addr)
    __aeabi_dadd                             0x0800bf41   Thumb Code     0  daddsub_clz.o(x$fpl$dadd)
    _dadd                                    0x0800bf41   Thumb Code   332  daddsub_clz.o(x$fpl$dadd)
    __fpl_dcmp_Inf                           0x0800c091   Thumb Code    24  dcmpi.o(x$fpl$dcmpinf)
    __aeabi_d2uiz                            0x0800c0a9   Thumb Code     0  dfixu.o(x$fpl$dfixu)
    _dfixu                                   0x0800c0a9   Thumb Code    90  dfixu.o(x$fpl$dfixu)
    __aeabi_ui2d                             0x0800c103   Thumb Code     0  dflt_clz.o(x$fpl$dfltu)
    _dfltu                                   0x0800c103   Thumb Code    38  dflt_clz.o(x$fpl$dfltu)
    __aeabi_cdcmple                          0x0800c129   Thumb Code     0  dleqf.o(x$fpl$dleqf)
    _dcmple                                  0x0800c129   Thumb Code   120  dleqf.o(x$fpl$dleqf)
    __fpl_dcmple_InfNaN                      0x0800c18b   Thumb Code     0  dleqf.o(x$fpl$dleqf)
    __aeabi_dmul                             0x0800c1a1   Thumb Code     0  dmul.o(x$fpl$dmul)
    _dmul                                    0x0800c1a1   Thumb Code   332  dmul.o(x$fpl$dmul)
    __fpl_dnaninf                            0x0800c2f5   Thumb Code   156  dnaninf.o(x$fpl$dnaninf)
    __fpl_dretinf                            0x0800c391   Thumb Code    12  dretinf.o(x$fpl$dretinf)
    __aeabi_cdrcmple                         0x0800c39d   Thumb Code     0  drleqf.o(x$fpl$drleqf)
    _drcmple                                 0x0800c39d   Thumb Code   108  drleqf.o(x$fpl$drleqf)
    __aeabi_drsub                            0x0800c409   Thumb Code     0  daddsub_clz.o(x$fpl$drsb)
    _drsb                                    0x0800c409   Thumb Code    22  daddsub_clz.o(x$fpl$drsb)
    _dsqrt                                   0x0800c421   Thumb Code   404  dsqrt_umaal.o(x$fpl$dsqrt)
    __aeabi_dsub                             0x0800c5b9   Thumb Code     0  daddsub_clz.o(x$fpl$dsub)
    _dsub                                    0x0800c5b9   Thumb Code   464  daddsub_clz.o(x$fpl$dsub)
    __aeabi_f2d                              0x0800c78d   Thumb Code     0  f2d.o(x$fpl$f2d)
    _f2d                                     0x0800c78d   Thumb Code    86  f2d.o(x$fpl$f2d)
    __fpl_fnaninf                            0x0800c7e3   Thumb Code   140  fnaninf.o(x$fpl$fnaninf)
    _fp_init                                 0x0800c86f   Thumb Code    10  fpinit.o(x$fpl$fpinit)
    __fplib_config_fpu_vfp                   0x0800c877   Thumb Code     0  fpinit.o(x$fpl$fpinit)
    __fplib_config_pureend_doubles           0x0800c877   Thumb Code     0  fpinit.o(x$fpl$fpinit)
    __I$use$fp                               0x0800c878   Number         0  usenofp.o(x$fpl$usenofp)
    asc2_1206                                0x0800c878   Data        1140  lcd.o(.constdata)
    asc2_1608                                0x0800ccec   Data        1520  lcd.o(.constdata)
    asc2_2412                                0x0800d2dc   Data        3420  lcd.o(.constdata)
    FT5206_TPX_TBL                           0x0800e038   Data          10  ft5206.o(.constdata)
    GT9147_CFG_TBL                           0x0800e042   Data         184  gt9147.o(.constdata)
    GT9147_TPX_TBL                           0x0800e0fa   Data          10  gt9147.o(.constdata)
    OTT_TPX_TBL                              0x0800e104   Data          10  ott2001a.o(.constdata)
    TP_REMIND_MSG_TBL                        0x0800e110   Data           4  touch.o(.constdata)
    memtblsize                               0x0800e114   Data          12  malloc.o(.constdata)
    memblksize                               0x0800e120   Data          12  malloc.o(.constdata)
    memsize                                  0x0800e12c   Data          12  malloc.o(.constdata)
    Region$$Table$$Base                      0x0800e400   Number         0  anon$$obj.o(Region$$Table)
    Region$$Table$$Limit                     0x0800e420   Number         0  anon$$obj.o(Region$$Table)
    mem3base                                 0x10000000   Data       61440  malloc.o(.ARM.__AT_0x10000000)
    mem3mapbase                              0x1000f000   Data        3840  malloc.o(.ARM.__AT_0x1000F000)
    ValidN                                   0x20000002   Data           2  main.o(.data)
    kbd_tbl_AS608                            0x20000004   Data           4  main.o(.data)
    kbd_menu                                 0x20000008   Data          60  main.o(.data)
    kbd_delFR                                0x20000044   Data          60  main.o(.data)
    USART_RX_STA                             0x20000084   Data           2  usart.o(.data)
    __stdout                                 0x20000088   Data           4  usart.o(.data)
    POINT_COLOR                              0x2000008c   Data           2  lcd.o(.data)
    BACK_COLOR                               0x2000008e   Data           2  lcd.o(.data)
    W25QXX_TYPE                              0x20000090   Data           2  w25qxx.o(.data)
    TransferError                            0x20000097   Data           1  sdio_sdcard.o(.data)
    TransferEnd                              0x20000098   Data           1  sdio_sdcard.o(.data)
    tempbuff                                 0x200000a0   Data           4  sdio_sdcard.o(.data)
    CMD_RDX                                  0x200000a8   Data           1  touch.o(.data)
    CMD_RDY                                  0x200000a9   Data           1  touch.o(.data)
    tp_dev                                   0x200000ac   Data          52  touch.o(.data)
    USART2_RX_STA                            0x200000e0   Data           2  usart2.o(.data)
    AS608Addr                                0x200000e4   Data           4  as608.o(.data)
    USART3_RX_STA                            0x200000e8   Data           2  usart3.o(.data)
    mallco_dev                               0x200000ec   Data          36  malloc.o(.data)
    sys_cmd_tab                              0x20000110   Data          28  usmart.o(.data)
    usmart_nametab                           0x2000012c   Data          48  usmart_config.o(.data)
    usmart_dev                               0x2000015c   Data         244  usmart_config.o(.data)
    file                                     0x20000250   Data           4  exfuns.o(.data)
    ftemp                                    0x20000254   Data           4  exfuns.o(.data)
    fatbuf                                   0x20000258   Data           4  exfuns.o(.data)
    fs                                       0x2000025c   Data           8  exfuns.o(.data)
    FILE_TYPE_TBL                            0x20000264   Data         312  exfuns.o(.data)
    FLASH_SECTOR_COUNT                       0x2000039c   Data           2  diskio.o(.data)
    AS608Para                                0x200003bc   Data          12  main.o(.bss)
    USART_RX_BUF                             0x200003c8   Data         200  usart.o(.bss)
    lcddev                                   0x20000490   Data          14  lcd.o(.bss)
    W25QXX_BUFFER                            0x2000049e   Data        4096  w25qxx.o(.bss)
    SDIO_InitStructure                       0x200014a0   Data          24  sdio_sdcard.o(.bss)
    SDIO_CmdInitStructure                    0x200014b8   Data          20  sdio_sdcard.o(.bss)
    SDIO_DataInitStructure                   0x200014cc   Data          24  sdio_sdcard.o(.bss)
    SDCardInfo                               0x20001508   Data          88  sdio_sdcard.o(.bss)
    SDIO_DATA_BUFFER                         0x20001560   Data         512  sdio_sdcard.o(.bss)
    USART2_TX_BUF                            0x20001760   Data         400  usart2.o(.bss)
    USART2_RX_BUF                            0x200018f0   Data         400  usart2.o(.bss)
    USART3_TX_BUF                            0x20001a80   Data         400  usart3.o(.bss)
    USART3_RX_BUF                            0x20001c10   Data         400  usart3.o(.bss)
    mem1base                                 0x20001da0   Data       102400  malloc.o(.bss)
    mem1mapbase                              0x2001ada0   Data        6400  malloc.o(.bss)
    ftinfo                                   0x2001c6a0   Data          33  fontupd.o(.bss)
    __libspace_start                         0x2001c6c4   Data          96  libspace.o(.bss)
    __temporary_stack_top$libspace           0x2001c724   Data           0  libspace.o(.bss)
    mem2base                                 0x68000000   Data       983040  malloc.o(.ARM.__AT_0x68000000)
    mem2mapbase                              0x680f0000   Data       61440  malloc.o(.ARM.__AT_0x680F0000)



==============================================================================

Memory Map of the image

  Image Entry point : 0x08000189

  Load Region LR_IROM1 (Base: 0x08000000, Size: 0x0000e7dc, Max: 0x00100000, ABSOLUTE, COMPRESSED[0x0000e540])

    Execution Region ER_IROM1 (Base: 0x08000000, Size: 0x0000e420, Max: 0x00100000, ABSOLUTE)

    Base Addr    Size         Type   Attr      Idx    E Section Name        Object

    0x08000000   0x00000188   Data   RO         4774    RESET               startup_stm32f40_41xxx.o
    0x08000188   0x00000008   Code   RO         5037  * !!!main             c_w.l(__main.o)
    0x08000190   0x00000034   Code   RO         5364    !!!scatter          c_w.l(__scatter.o)
    0x080001c4   0x0000005a   Code   RO         5362    !!dczerorl2         c_w.l(__dczerorl2.o)
    0x0800021e   0x00000002   PAD
    0x08000220   0x0000001c   Code   RO         5366    !!handler_zi        c_w.l(__scatter_zi.o)
    0x0800023c   0x00000000   Code   RO         5022    .ARM.Collect$$_printf_percent$$00000000  c_w.l(_printf_percent.o)
    0x0800023c   0x00000006   Code   RO         5020    .ARM.Collect$$_printf_percent$$00000009  c_w.l(_printf_d.o)
    0x08000242   0x00000006   Code   RO         5021    .ARM.Collect$$_printf_percent$$0000000A  c_w.l(_printf_u.o)
    0x08000248   0x00000006   Code   RO         5019    .ARM.Collect$$_printf_percent$$0000000C  c_w.l(_printf_x.o)
    0x0800024e   0x00000006   Code   RO         5017    .ARM.Collect$$_printf_percent$$00000013  c_w.l(_printf_c.o)
    0x08000254   0x00000006   Code   RO         5018    .ARM.Collect$$_printf_percent$$00000014  c_w.l(_printf_s.o)
    0x0800025a   0x00000004   Code   RO         5115    .ARM.Collect$$_printf_percent$$00000017  c_w.l(_printf_percent_end.o)
    0x0800025e   0x00000002   Code   RO         5229    .ARM.Collect$$libinit$$00000000  c_w.l(libinit.o)
    0x08000260   0x00000004   Code   RO         5243    .ARM.Collect$$libinit$$00000001  c_w.l(libinit2.o)
    0x08000264   0x00000000   Code   RO         5246    .ARM.Collect$$libinit$$00000004  c_w.l(libinit2.o)
    0x08000264   0x00000000   Code   RO         5249    .ARM.Collect$$libinit$$0000000A  c_w.l(libinit2.o)
    0x08000264   0x00000000   Code   RO         5251    .ARM.Collect$$libinit$$0000000C  c_w.l(libinit2.o)
    0x08000264   0x00000000   Code   RO         5253    .ARM.Collect$$libinit$$0000000E  c_w.l(libinit2.o)
    0x08000264   0x00000000   Code   RO         5256    .ARM.Collect$$libinit$$00000011  c_w.l(libinit2.o)
    0x08000264   0x00000000   Code   RO         5258    .ARM.Collect$$libinit$$00000013  c_w.l(libinit2.o)
    0x08000264   0x00000000   Code   RO         5260    .ARM.Collect$$libinit$$00000015  c_w.l(libinit2.o)
    0x08000264   0x00000000   Code   RO         5262    .ARM.Collect$$libinit$$00000017  c_w.l(libinit2.o)
    0x08000264   0x00000000   Code   RO         5264    .ARM.Collect$$libinit$$00000019  c_w.l(libinit2.o)
    0x08000264   0x00000000   Code   RO         5266    .ARM.Collect$$libinit$$0000001B  c_w.l(libinit2.o)
    0x08000264   0x00000000   Code   RO         5268    .ARM.Collect$$libinit$$0000001D  c_w.l(libinit2.o)
    0x08000264   0x00000000   Code   RO         5270    .ARM.Collect$$libinit$$0000001F  c_w.l(libinit2.o)
    0x08000264   0x00000000   Code   RO         5272    .ARM.Collect$$libinit$$00000021  c_w.l(libinit2.o)
    0x08000264   0x00000000   Code   RO         5274    .ARM.Collect$$libinit$$00000023  c_w.l(libinit2.o)
    0x08000264   0x00000000   Code   RO         5276    .ARM.Collect$$libinit$$00000025  c_w.l(libinit2.o)
    0x08000264   0x00000000   Code   RO         5280    .ARM.Collect$$libinit$$0000002C  c_w.l(libinit2.o)
    0x08000264   0x00000000   Code   RO         5282    .ARM.Collect$$libinit$$0000002E  c_w.l(libinit2.o)
    0x08000264   0x00000000   Code   RO         5284    .ARM.Collect$$libinit$$00000030  c_w.l(libinit2.o)
    0x08000264   0x00000000   Code   RO         5286    .ARM.Collect$$libinit$$00000032  c_w.l(libinit2.o)
    0x08000264   0x00000002   Code   RO         5287    .ARM.Collect$$libinit$$00000033  c_w.l(libinit2.o)
    0x08000266   0x00000002   Code   RO         5315    .ARM.Collect$$libshutdown$$00000000  c_w.l(libshutdown.o)
    0x08000268   0x00000000   Code   RO         5330    .ARM.Collect$$libshutdown$$00000003  c_w.l(libshutdown2.o)
    0x08000268   0x00000000   Code   RO         5333    .ARM.Collect$$libshutdown$$00000006  c_w.l(libshutdown2.o)
    0x08000268   0x00000000   Code   RO         5336    .ARM.Collect$$libshutdown$$00000009  c_w.l(libshutdown2.o)
    0x08000268   0x00000000   Code   RO         5338    .ARM.Collect$$libshutdown$$0000000B  c_w.l(libshutdown2.o)
    0x08000268   0x00000000   Code   RO         5341    .ARM.Collect$$libshutdown$$0000000E  c_w.l(libshutdown2.o)
    0x08000268   0x00000002   Code   RO         5342    .ARM.Collect$$libshutdown$$0000000F  c_w.l(libshutdown2.o)
    0x0800026a   0x00000000   Code   RO         5077    .ARM.Collect$$rtentry$$00000000  c_w.l(__rtentry.o)
    0x0800026a   0x00000000   Code   RO         5141    .ARM.Collect$$rtentry$$00000002  c_w.l(__rtentry2.o)
    0x0800026a   0x00000006   Code   RO         5153    .ARM.Collect$$rtentry$$00000004  c_w.l(__rtentry4.o)
    0x08000270   0x00000000   Code   RO         5143    .ARM.Collect$$rtentry$$00000009  c_w.l(__rtentry2.o)
    0x08000270   0x00000004   Code   RO         5144    .ARM.Collect$$rtentry$$0000000A  c_w.l(__rtentry2.o)
    0x08000274   0x00000000   Code   RO         5146    .ARM.Collect$$rtentry$$0000000C  c_w.l(__rtentry2.o)
    0x08000274   0x00000008   Code   RO         5147    .ARM.Collect$$rtentry$$0000000D  c_w.l(__rtentry2.o)
    0x0800027c   0x00000002   Code   RO         5234    .ARM.Collect$$rtexit$$00000000  c_w.l(rtexit.o)
    0x0800027e   0x00000000   Code   RO         5289    .ARM.Collect$$rtexit$$00000002  c_w.l(rtexit2.o)
    0x0800027e   0x00000004   Code   RO         5290    .ARM.Collect$$rtexit$$00000003  c_w.l(rtexit2.o)
    0x08000282   0x00000006   Code   RO         5291    .ARM.Collect$$rtexit$$00000004  c_w.l(rtexit2.o)
    0x08000288   0x00000010   Code   RO          464    .emb_text           sys.o
    0x08000298   0x00000040   Code   RO         4775    .text               startup_stm32f40_41xxx.o
    0x080002d8   0x00000002   Code   RO         4954    .text               c_w.l(use_no_semi_2.o)
    0x080002da   0x00000002   PAD
    0x080002dc   0x00000018   Code   RO         4960    .text               c_w.l(__2printf.o)
    0x080002f4   0x0000002c   Code   RO         4962    .text               c_w.l(__2sprintf.o)
    0x08000320   0x0000004e   Code   RO         4970    .text               c_w.l(_printf_pad.o)
    0x0800036e   0x00000052   Code   RO         4972    .text               c_w.l(_printf_str.o)
    0x080003c0   0x00000078   Code   RO         4974    .text               c_w.l(_printf_dec.o)
    0x08000438   0x00000094   Code   RO         4994    .text               c_w.l(_printf_hex_int_ll_ptr.o)
    0x080004cc   0x00000188   Code   RO         5014    .text               c_w.l(__printf_flags_ss_wp.o)
    0x08000654   0x00000024   Code   RO         5023    .text               c_w.l(strstr.o)
    0x08000678   0x0000003e   Code   RO         5027    .text               c_w.l(strlen.o)
    0x080006b6   0x0000008a   Code   RO         5031    .text               c_w.l(rt_memcpy_v6.o)
    0x08000740   0x00000080   Code   RO         5033    .text               c_w.l(strcmpv7m.o)
    0x080007c0   0x00000006   Code   RO         5035    .text               c_w.l(heapauxi.o)
    0x080007c6   0x00000002   Code   RO         5075    .text               c_w.l(use_no_semi.o)
    0x080007c8   0x00000016   Code   RO         5080    .text               c_w.l(_rserrno.o)
    0x080007de   0x000000b2   Code   RO         5084    .text               c_w.l(_printf_intcommon.o)
    0x08000890   0x00000030   Code   RO         5088    .text               c_w.l(_printf_char_common.o)
    0x080008c0   0x0000000a   Code   RO         5090    .text               c_w.l(_sputc.o)
    0x080008ca   0x0000002c   Code   RO         5092    .text               c_w.l(_printf_char.o)
    0x080008f6   0x00000002   PAD
    0x080008f8   0x00000024   Code   RO         5094    .text               c_w.l(_printf_char_file.o)
    0x0800091c   0x00000064   Code   RO         5125    .text               c_w.l(rt_memcpy_w.o)
    0x08000980   0x00000008   Code   RO         5162    .text               c_w.l(rt_errno_addr_intlibspace.o)
    0x08000988   0x00000008   Code   RO         5172    .text               c_w.l(ferror.o)
    0x08000990   0x00000008   Code   RO         5178    .text               c_w.l(libspace.o)
    0x08000998   0x0000004a   Code   RO         5181    .text               c_w.l(sys_stackheap_outer.o)
    0x080009e2   0x0000000c   Code   RO         5222    .text               c_w.l(exit.o)
    0x080009ee   0x00000002   PAD
    0x080009f0   0x000000cc   Code   RO            3    i.AS608_get_keynum  main.o
    0x08000abc   0x000000b4   Code   RO            4    i.AS608_key_staset  main.o
    0x08000b70   0x0000011c   Code   RO            5    i.AS608_load_keyboard  main.o
    0x08000c8c   0x00000004   Code   RO         1434    i.AT24CXX_Init      24cxx.o
    0x08000c90   0x0000002a   Code   RO         1436    i.AT24CXX_ReadLenByte  24cxx.o
    0x08000cba   0x00000042   Code   RO         1437    i.AT24CXX_ReadOneByte  24cxx.o
    0x08000cfc   0x0000002a   Code   RO         1439    i.AT24CXX_WriteLenByte  24cxx.o
    0x08000d26   0x0000003e   Code   RO         1440    i.AT24CXX_WriteOneByte  24cxx.o
    0x08000d64   0x0000037c   Code   RO            6    i.Add_FR            main.o
    0x080010e0   0x00000040   Code   RO          741    i.BEEP_Init         beep.o
    0x08001120   0x00000002   Code   RO          290    i.BusFault_Handler  stm32f4xx_it.o
    0x08001122   0x00000002   PAD
    0x08001124   0x0000004c   Code   RO         1115    i.CT_IIC_Ack        ctiic.o
    0x08001170   0x00000040   Code   RO         1116    i.CT_IIC_Init       ctiic.o
    0x080011b0   0x0000004c   Code   RO         1117    i.CT_IIC_NAck       ctiic.o
    0x080011fc   0x00000078   Code   RO         1118    i.CT_IIC_Read_Byte  ctiic.o
    0x08001274   0x00000068   Code   RO         1119    i.CT_IIC_Send_Byte  ctiic.o
    0x080012dc   0x0000004c   Code   RO         1120    i.CT_IIC_Start      ctiic.o
    0x08001328   0x00000044   Code   RO         1121    i.CT_IIC_Stop       ctiic.o
    0x0800136c   0x00000054   Code   RO         1122    i.CT_IIC_Wait_Ack   ctiic.o
    0x080013c0   0x0000002a   Code   RO          904    i.CmdError          sdio_sdcard.o
    0x080013ea   0x00000002   PAD
    0x080013ec   0x00000058   Code   RO          905    i.CmdResp1Error     sdio_sdcard.o
    0x08001444   0x00000048   Code   RO          906    i.CmdResp2Error     sdio_sdcard.o
    0x0800148c   0x00000030   Code   RO          907    i.CmdResp3Error     sdio_sdcard.o
    0x080014bc   0x0000007c   Code   RO          908    i.CmdResp6Error     sdio_sdcard.o
    0x08001538   0x0000003c   Code   RO          909    i.CmdResp7Error     sdio_sdcard.o
    0x08001574   0x00000014   Code   RO         4648    i.DMA_Cmd           stm32f4xx_dma.o
    0x08001588   0x00000124   Code   RO         4649    i.DMA_DeInit        stm32f4xx_dma.o
    0x080016ac   0x00000014   Code   RO         4652    i.DMA_FlowControllerConfig  stm32f4xx_dma.o
    0x080016c0   0x0000000e   Code   RO         4653    i.DMA_GetCmdStatus  stm32f4xx_dma.o
    0x080016ce   0x00000002   PAD
    0x080016d0   0x00000054   Code   RO         4660    i.DMA_Init          stm32f4xx_dma.o
    0x08001724   0x00000002   Code   RO          291    i.DebugMon_Handler  stm32f4xx_it.o
    0x08001726   0x00000002   PAD
    0x08001728   0x00000130   Code   RO            7    i.Del_FR            main.o
    0x08001858   0x00000244   Code   RO         1657    i.EnsureMessage     as608.o
    0x08001a9c   0x00000020   Code   RO         3043    i.FSMC_NORSRAMCmd   stm32f4xx_fsmc.o
    0x08001abc   0x000000c8   Code   RO         3045    i.FSMC_NORSRAMInit  stm32f4xx_fsmc.o
    0x08001b84   0x000000d4   Code   RO         1185    i.FT5206_Init       ft5206.o
    0x08001c58   0x00000056   Code   RO         1186    i.FT5206_RD_Reg     ft5206.o
    0x08001cae   0x00000002   PAD
    0x08001cb0   0x00000140   Code   RO         1187    i.FT5206_Scan       ft5206.o
    0x08001df0   0x00000048   Code   RO         1188    i.FT5206_WR_Reg     ft5206.o
    0x08001e38   0x0000013c   Code   RO          910    i.FindSCR           sdio_sdcard.o
    0x08001f74   0x00000072   Code   RO            8    i.GET_NUM           main.o
    0x08001fe6   0x000000a2   Code   RO         2935    i.GPIO_Init         stm32f4xx_gpio.o
    0x08002088   0x00000020   Code   RO         2936    i.GPIO_PinAFConfig  stm32f4xx_gpio.o
    0x080020a8   0x00000004   Code   RO         2942    i.GPIO_ResetBits    stm32f4xx_gpio.o
    0x080020ac   0x00000004   Code   RO         2943    i.GPIO_SetBits      stm32f4xx_gpio.o
    0x080020b0   0x00000118   Code   RO         1227    i.GT9147_Init       gt9147.o
    0x080021c8   0x00000060   Code   RO         1228    i.GT9147_RD_Reg     gt9147.o
    0x08002228   0x0000016c   Code   RO         1229    i.GT9147_Scan       gt9147.o
    0x08002394   0x00000050   Code   RO         1230    i.GT9147_Send_Cfg   gt9147.o
    0x080023e4   0x00000052   Code   RO         1231    i.GT9147_WR_Reg     gt9147.o
    0x08002436   0x00000002   PAD
    0x08002438   0x00000090   Code   RO         2852    i.Get_HzMat         text.o
    0x080024c8   0x00000002   Code   RO          292    i.HardFault_Handler  stm32f4xx_it.o
    0x080024ca   0x00000002   PAD
    0x080024cc   0x00000040   Code   RO         1495    i.IIC_Ack           myiic.o
    0x0800250c   0x00000044   Code   RO         1496    i.IIC_Init          myiic.o
    0x08002550   0x00000040   Code   RO         1497    i.IIC_NAck          myiic.o
    0x08002590   0x00000068   Code   RO         1498    i.IIC_Read_Byte     myiic.o
    0x080025f8   0x00000060   Code   RO         1499    i.IIC_Send_Byte     myiic.o
    0x08002658   0x00000040   Code   RO         1500    i.IIC_Start         myiic.o
    0x08002698   0x00000044   Code   RO         1501    i.IIC_Stop          myiic.o
    0x080026dc   0x00000054   Code   RO         1502    i.IIC_Wait_Ack      myiic.o
    0x08002730   0x0000008c   Code   RO          911    i.IsCardProgramming  sdio_sdcard.o
    0x080027bc   0x00000070   Code   RO         1658    i.JudgeStr          as608.o
    0x0800282c   0x00000044   Code   RO         1584    i.KEY_Init          key.o
    0x08002870   0x00000068   Code   RO          533    i.LCD_Clear         lcd.o
    0x080028d8   0x00000134   Code   RO          537    i.LCD_Display_Dir   lcd.o
    0x08002a0c   0x0000009a   Code   RO          538    i.LCD_DrawLine      lcd.o
    0x08002aa6   0x00000002   PAD
    0x08002aa8   0x0000001c   Code   RO          539    i.LCD_DrawPoint     lcd.o
    0x08002ac4   0x00000038   Code   RO          540    i.LCD_DrawRectangle  lcd.o
    0x08002afc   0x000000b0   Code   RO          541    i.LCD_Draw_Circle   lcd.o
    0x08002bac   0x00000118   Code   RO          542    i.LCD_Fast_DrawPoint  lcd.o
    0x08002cc4   0x0000008c   Code   RO          543    i.LCD_Fill          lcd.o
    0x08002d50   0x0000370e   Code   RO          544    i.LCD_Init          lcd.o
    0x0800645e   0x00000010   Code   RO          545    i.LCD_Pow           lcd.o
    0x0800646e   0x00000014   Code   RO          546    i.LCD_RD_DATA       lcd.o
    0x08006482   0x00000014   Code   RO          548    i.LCD_ReadReg       lcd.o
    0x08006496   0x00000002   PAD
    0x08006498   0x00000050   Code   RO          549    i.LCD_SSD_BackLightSet  lcd.o
    0x080064e8   0x00000204   Code   RO          550    i.LCD_Scan_Dir      lcd.o
    0x080066ec   0x0000015c   Code   RO          551    i.LCD_SetCursor     lcd.o
    0x08006848   0x000000d4   Code   RO          553    i.LCD_ShowChar      lcd.o
    0x0800691c   0x00000076   Code   RO          554    i.LCD_ShowNum       lcd.o
    0x08006992   0x00000054   Code   RO          555    i.LCD_ShowString    lcd.o
    0x080069e6   0x00000018   Code   RO          557    i.LCD_WR_DATA       lcd.o
    0x080069fe   0x00000018   Code   RO          558    i.LCD_WR_REG        lcd.o
    0x08006a16   0x00000002   PAD
    0x08006a18   0x00000014   Code   RO          560    i.LCD_WriteRAM_Prepare  lcd.o
    0x08006a2c   0x0000000c   Code   RO          561    i.LCD_WriteReg      lcd.o
    0x08006a38   0x00000040   Code   RO         1815    i.LED_Init          led.o
    0x08006a78   0x00000014   Code   RO         1659    i.MYUSART_SendData  as608.o
    0x08006a8c   0x00000002   Code   RO          293    i.MemManage_Handler  stm32f4xx_it.o
    0x08006a8e   0x00000002   Code   RO          294    i.NMI_Handler       stm32f4xx_it.o
    0x08006a90   0x00000064   Code   RO         2890    i.NVIC_Init         misc.o
    0x08006af4   0x00000014   Code   RO         2891    i.NVIC_PriorityGroupConfig  misc.o
    0x08006b08   0x000000a0   Code   RO         1275    i.OTT2001A_Init     ott2001a.o
    0x08006ba8   0x00000060   Code   RO         1276    i.OTT2001A_RD_Reg   ott2001a.o
    0x08006c08   0x00000184   Code   RO         1277    i.OTT2001A_Scan     ott2001a.o
    0x08006d8c   0x0000001e   Code   RO         1278    i.OTT2001A_SensorControl  ott2001a.o
    0x08006daa   0x00000052   Code   RO         1279    i.OTT2001A_WR_Reg   ott2001a.o
    0x08006dfc   0x0000005e   Code   RO         1660    i.PS_DeletChar      as608.o
    0x08006e5a   0x00000034   Code   RO         1661    i.PS_Empty          as608.o
    0x08006e8e   0x0000003c   Code   RO         1662    i.PS_GenChar        as608.o
    0x08006eca   0x00000034   Code   RO         1663    i.PS_GetImage       as608.o
    0x08006efe   0x00000002   PAD
    0x08006f00   0x0000006c   Code   RO         1664    i.PS_HandShake      as608.o
    0x08006f6c   0x00000084   Code   RO         1665    i.PS_HighSpeedSearch  as608.o
    0x08006ff0   0x00000034   Code   RO         1666    i.PS_Match          as608.o
    0x08007024   0x000000e4   Code   RO         1668    i.PS_ReadSysPara    as608.o
    0x08007108   0x00000034   Code   RO         1669    i.PS_RegModel       as608.o
    0x0800713c   0x000000a4   Code   RO         1671    i.PS_SetAddr        as608.o
    0x080071e0   0x00000030   Code   RO         1672    i.PS_StaGPIO_Init   as608.o
    0x08007210   0x00000052   Code   RO         1673    i.PS_StoreChar      as608.o
    0x08007262   0x00000002   PAD
    0x08007264   0x0000007c   Code   RO         1674    i.PS_ValidTempleteNum  as608.o
    0x080072e0   0x0000007c   Code   RO         1676    i.PS_WriteReg       as608.o
    0x0800735c   0x00000002   Code   RO          295    i.PendSV_Handler    stm32f4xx_it.o
    0x0800735e   0x00000002   PAD
    0x08007360   0x00000018   Code   RO         3163    i.RCC_AHB1PeriphClockCmd  stm32f4xx_rcc.o
    0x08007378   0x00000018   Code   RO         3169    i.RCC_AHB3PeriphClockCmd  stm32f4xx_rcc.o
    0x08007390   0x00000018   Code   RO         3172    i.RCC_APB1PeriphClockCmd  stm32f4xx_rcc.o
    0x080073a8   0x00000018   Code   RO         3174    i.RCC_APB1PeriphResetCmd  stm32f4xx_rcc.o
    0x080073c0   0x00000018   Code   RO         3175    i.RCC_APB2PeriphClockCmd  stm32f4xx_rcc.o
    0x080073d8   0x00000018   Code   RO         3177    i.RCC_APB2PeriphResetCmd  stm32f4xx_rcc.o
    0x080073f0   0x00000090   Code   RO         3184    i.RCC_GetClocksFreq  stm32f4xx_rcc.o
    0x08007480   0x0000008c   Code   RO          912    i.SDEnWideBus       sdio_sdcard.o
    0x0800750c   0x0000000c   Code   RO         4453    i.SDIO_ClearFlag    stm32f4xx_sdio.o
    0x08007518   0x00000014   Code   RO          913    i.SDIO_Clock_Set    sdio_sdcard.o
    0x0800752c   0x00000030   Code   RO         4459    i.SDIO_DataConfig   stm32f4xx_sdio.o
    0x0800755c   0x00000014   Code   RO         4465    i.SDIO_GetFlagStatus  stm32f4xx_sdio.o
    0x08007570   0x00000010   Code   RO         4467    i.SDIO_GetPowerState  stm32f4xx_sdio.o
    0x08007580   0x00000004   Code   RO          914    i.SDIO_IRQHandler   sdio_sdcard.o
    0x08007584   0x0000002c   Code   RO         4470    i.SDIO_Init         stm32f4xx_sdio.o
    0x080075b0   0x00000038   Code   RO          915    i.SDIO_Register_Deinit  sdio_sdcard.o
    0x080075e8   0x00000028   Code   RO         4473    i.SDIO_SendCommand  stm32f4xx_sdio.o
    0x08007610   0x0000000c   Code   RO         4475    i.SDIO_SetPowerState  stm32f4xx_sdio.o
    0x0800761c   0x00000078   Code   RO          916    i.SD_DMA_Config     sdio_sdcard.o
    0x08007694   0x0000004c   Code   RO          917    i.SD_EnableWideBusOperation  sdio_sdcard.o
    0x080076e0   0x00000210   Code   RO          918    i.SD_GetCardInfo    sdio_sdcard.o
    0x080078f0   0x0000011c   Code   RO          920    i.SD_Init           sdio_sdcard.o
    0x08007a0c   0x0000011c   Code   RO          921    i.SD_InitializeCards  sdio_sdcard.o
    0x08007b28   0x00000184   Code   RO          923    i.SD_PowerON        sdio_sdcard.o
    0x08007cac   0x000000f0   Code   RO          924    i.SD_ProcessIRQSrc  sdio_sdcard.o
    0x08007d9c   0x00000208   Code   RO          925    i.SD_ReadBlock      sdio_sdcard.o
    0x08007fa4   0x00000078   Code   RO          926    i.SD_ReadDisk       sdio_sdcard.o
    0x0800801c   0x0000026c   Code   RO          927    i.SD_ReadMultiBlocks  sdio_sdcard.o
    0x08008288   0x0000002c   Code   RO          928    i.SD_SelectDeselect  sdio_sdcard.o
    0x080082b4   0x00000018   Code   RO          930    i.SD_SetDeviceMode  sdio_sdcard.o
    0x080082cc   0x000002e0   Code   RO          931    i.SD_WriteBlock     sdio_sdcard.o
    0x080085ac   0x00000070   Code   RO          932    i.SD_WriteDisk      sdio_sdcard.o
    0x0800861c   0x0000030c   Code   RO          933    i.SD_WriteMultiBlocks  sdio_sdcard.o
    0x08008928   0x000000c4   Code   RO          761    i.SPI1_Init         spi.o
    0x080089ec   0x00000034   Code   RO          762    i.SPI1_ReadWriteByte  spi.o
    0x08008a20   0x0000001c   Code   RO          763    i.SPI1_SetSpeed     spi.o
    0x08008a3c   0x00000014   Code   RO         4294    i.SPI_Cmd           stm32f4xx_spi.o
    0x08008a50   0x0000000e   Code   RO         4302    i.SPI_I2S_GetFlagStatus  stm32f4xx_spi.o
    0x08008a5e   0x00000004   Code   RO         4305    i.SPI_I2S_ReceiveData  stm32f4xx_spi.o
    0x08008a62   0x00000004   Code   RO         4306    i.SPI_I2S_SendData  stm32f4xx_spi.o
    0x08008a66   0x00000038   Code   RO         4307    i.SPI_Init          stm32f4xx_spi.o
    0x08008a9e   0x00000002   Code   RO          296    i.SVC_Handler       stm32f4xx_it.o
    0x08008aa0   0x00000030   Code   RO         1677    i.SendAddr          as608.o
    0x08008ad0   0x00000014   Code   RO         1678    i.SendCheck         as608.o
    0x08008ae4   0x00000012   Code   RO         1679    i.SendHead          as608.o
    0x08008af6   0x00000016   Code   RO         1680    i.SendLength        as608.o
    0x08008b0c   0x000000b4   Code   RO          387    i.SetSysClock       system_stm32f4xx.o
    0x08008bc0   0x00000034   Code   RO            9    i.ShowErrMessage    main.o
    0x08008bf4   0x000000a4   Code   RO         2853    i.Show_Font         text.o
    0x08008c98   0x00000092   Code   RO         2854    i.Show_Str          text.o
    0x08008d2a   0x00000002   PAD
    0x08008d2c   0x00000058   Code   RO         2855    i.Show_Str_Mid      text.o
    0x08008d84   0x00000018   Code   RO         2894    i.SysTick_CLKSourceConfig  misc.o
    0x08008d9c   0x00000002   Code   RO          297    i.SysTick_Handler   stm32f4xx_it.o
    0x08008d9e   0x00000002   PAD
    0x08008da0   0x0000005c   Code   RO          389    i.SystemInit        system_stm32f4xx.o
    0x08008dfc   0x0000003c   Code   RO         2000    i.TIM4_IRQHandler   usmart.o
    0x08008e38   0x00000038   Code   RO         1557    i.TIM7_IRQHandler   timer.o
    0x08008e70   0x00000054   Code   RO         1558    i.TIM7_Int_Init     timer.o
    0x08008ec4   0x00000006   Code   RO         3693    i.TIM_ClearFlag     stm32f4xx_tim.o
    0x08008eca   0x00000006   Code   RO         3694    i.TIM_ClearITPendingBit  stm32f4xx_tim.o
    0x08008ed0   0x00000014   Code   RO         3699    i.TIM_Cmd           stm32f4xx_tim.o
    0x08008ee4   0x00000004   Code   RO         3718    i.TIM_GetCounter    stm32f4xx_tim.o
    0x08008ee8   0x0000000e   Code   RO         3719    i.TIM_GetFlagStatus  stm32f4xx_tim.o
    0x08008ef6   0x00000018   Code   RO         3720    i.TIM_GetITStatus   stm32f4xx_tim.o
    0x08008f0e   0x00000010   Code   RO         3724    i.TIM_ITConfig      stm32f4xx_tim.o
    0x08008f1e   0x00000004   Code   RO         3759    i.TIM_SetAutoreload  stm32f4xx_tim.o
    0x08008f22   0x00000004   Code   RO         3765    i.TIM_SetCounter    stm32f4xx_tim.o
    0x08008f26   0x00000002   PAD
    0x08008f28   0x0000007c   Code   RO         3771    i.TIM_TimeBaseInit  stm32f4xx_tim.o
    0x08008fa4   0x00000178   Code   RO         1323    i.TP_Adj_Info_Show  touch.o
    0x0800911c   0x000005c4   Code   RO         1324    i.TP_Adjust         touch.o
    0x080096e0   0x00000070   Code   RO         1326    i.TP_Drow_Touch_Point  touch.o
    0x08009750   0x0000008c   Code   RO         1327    i.TP_Get_Adjdata    touch.o
    0x080097dc   0x00000108   Code   RO         1328    i.TP_Init           touch.o
    0x080098e4   0x0000008c   Code   RO         1329    i.TP_Read_AD        touch.o
    0x08009970   0x00000064   Code   RO         1330    i.TP_Read_XOY       touch.o
    0x080099d4   0x00000028   Code   RO         1331    i.TP_Read_XY        touch.o
    0x080099fc   0x0000007a   Code   RO         1332    i.TP_Read_XY2       touch.o
    0x08009a76   0x00000002   PAD
    0x08009a78   0x00000078   Code   RO         1333    i.TP_Save_Adjdata   touch.o
    0x08009af0   0x000000c0   Code   RO         1334    i.TP_Scan           touch.o
    0x08009bb0   0x00000048   Code   RO         1335    i.TP_Write_Byte     touch.o
    0x08009bf8   0x00000060   Code   RO         2001    i.Timer4_Init       usmart.o
    0x08009c58   0x00000064   Code   RO          482    i.USART1_IRQHandler  usart.o
    0x08009cbc   0x00000060   Code   RO         1611    i.USART2_IRQHandler  usart2.o
    0x08009d1c   0x00000060   Code   RO         1878    i.USART3_IRQHandler  usart3.o
    0x08009d7c   0x00000014   Code   RO         3501    i.USART_Cmd         stm32f4xx_usart.o
    0x08009d90   0x000000ac   Code   RO         3503    i.USART_DeInit      stm32f4xx_usart.o
    0x08009e3c   0x0000003e   Code   RO         3505    i.USART_GetITStatus  stm32f4xx_usart.o
    0x08009e7a   0x00000030   Code   RO         3507    i.USART_ITConfig    stm32f4xx_usart.o
    0x08009eaa   0x00000002   PAD
    0x08009eac   0x000000ac   Code   RO         3508    i.USART_Init        stm32f4xx_usart.o
    0x08009f58   0x00000008   Code   RO         3515    i.USART_ReceiveData  stm32f4xx_usart.o
    0x08009f60   0x00000002   Code   RO          298    i.UsageFault_Handler  stm32f4xx_it.o
    0x08009f62   0x00000002   PAD
    0x08009f64   0x00000058   Code   RO          797    i.W25QXX_Erase_Sector  w25qxx.o
    0x08009fbc   0x00000078   Code   RO          798    i.W25QXX_Init       w25qxx.o
    0x0800a034   0x00000050   Code   RO          800    i.W25QXX_Read       w25qxx.o
    0x0800a084   0x00000044   Code   RO          801    i.W25QXX_ReadID     w25qxx.o
    0x0800a0c8   0x00000024   Code   RO          802    i.W25QXX_ReadSR     w25qxx.o
    0x0800a0ec   0x0000000e   Code   RO          804    i.W25QXX_Wait_Busy  w25qxx.o
    0x0800a0fa   0x00000002   PAD
    0x0800a0fc   0x0000009c   Code   RO          805    i.W25QXX_Write      w25qxx.o
    0x0800a198   0x00000020   Code   RO          807    i.W25QXX_Write_Enable  w25qxx.o
    0x0800a1b8   0x0000003e   Code   RO          808    i.W25QXX_Write_NoCheck  w25qxx.o
    0x0800a1f6   0x00000002   PAD
    0x0800a1f8   0x00000058   Code   RO          809    i.W25QXX_Write_Page  w25qxx.o
    0x0800a250   0x0000007a   Code   RO         5063    i.__hardfp_sqrt     m_wm.l(sqrt.o)
    0x0800a2ca   0x0000000e   Code   RO         5007    i._is_digit         c_w.l(__printf_wp.o)
    0x0800a2d8   0x00000002   Code   RO          483    i._sys_exit         usart.o
    0x0800a2da   0x00000002   PAD
    0x0800a2dc   0x0000005c   Code   RO         2306    i.check_fs          ff.o
    0x0800a338   0x00000012   Code   RO          934    i.convert_from_bytes_to_power_of_two  sdio_sdcard.o
    0x0800a34a   0x00000002   PAD
    0x0800a34c   0x0000002c   Code   RO          424    i.delay_init        delay.o
    0x0800a378   0x00000034   Code   RO          425    i.delay_ms          delay.o
    0x0800a3ac   0x00000034   Code   RO          426    i.delay_us          delay.o
    0x0800a3e0   0x00000034   Code   RO          427    i.delay_xms         delay.o
    0x0800a414   0x00000028   Code   RO         2240    i.disk_initialize   diskio.o
    0x0800a43c   0x00000048   Code   RO         2242    i.disk_read         diskio.o
    0x0800a484   0x00000004   Code   RO         2243    i.disk_status       diskio.o
    0x0800a488   0x00000048   Code   RO         2244    i.disk_write        diskio.o
    0x0800a4d0   0x00000064   Code   RO         2187    i.exfuns_init       exfuns.o
    0x0800a534   0x0000004c   Code   RO         2328    i.f_mount           ff.o
    0x0800a580   0x00000238   Code   RO         2344    i.find_volume       ff.o
    0x0800a7b8   0x00000040   Code   RO         2802    i.font_init         fontupd.o
    0x0800a7f8   0x00000014   Code   RO          484    i.fputc             usart.o
    0x0800a80c   0x0000003c   Code   RO         2349    i.get_ldnumber      ff.o
    0x0800a848   0x000002b4   Code   RO           10    i.main              main.o
    0x0800aafc   0x0000002e   Code   RO         2353    i.move_window       ff.o
    0x0800ab2a   0x00000002   PAD
    0x0800ab2c   0x00000058   Code   RO         1921    i.my_mem_free       malloc.o
    0x0800ab84   0x0000003c   Code   RO         1922    i.my_mem_init       malloc.o
    0x0800abc0   0x00000090   Code   RO         1923    i.my_mem_malloc     malloc.o
    0x0800ac50   0x00000038   Code   RO         1924    i.my_mem_perused    malloc.o
    0x0800ac88   0x00000018   Code   RO         1925    i.myfree            malloc.o
    0x0800aca0   0x00000020   Code   RO         1926    i.mymalloc          malloc.o
    0x0800acc0   0x0000000e   Code   RO         1928    i.mymemset          malloc.o
    0x0800acce   0x00000002   PAD
    0x0800acd0   0x000000e4   Code   RO           11    i.press_FR          main.o
    0x0800adb4   0x00000004   Code   RO         2002    i.read_addr         usmart.o
    0x0800adb8   0x00000050   Code   RO         2360    i.sync_window       ff.o
    0x0800ae08   0x000000b0   Code   RO          485    i.uart_init         usart.o
    0x0800aeb8   0x000000d4   Code   RO         1613    i.usart2_init       usart2.o
    0x0800af8c   0x000000dc   Code   RO         1880    i.usart3_init       usart3.o
    0x0800b068   0x00000094   Code   RO         2003    i.usmart_cmd_rec    usmart.o
    0x0800b0fc   0x00000264   Code   RO         2004    i.usmart_exe        usmart.o
    0x0800b360   0x0000009e   Code   RO         2110    i.usmart_get_aparm  usmart_str.o
    0x0800b3fe   0x0000002e   Code   RO         2111    i.usmart_get_cmdname  usmart_str.o
    0x0800b42c   0x00000170   Code   RO         2112    i.usmart_get_fname  usmart_str.o
    0x0800b59c   0x000000d4   Code   RO         2113    i.usmart_get_fparam  usmart_str.o
    0x0800b670   0x00000024   Code   RO         2114    i.usmart_get_parmpos  usmart_str.o
    0x0800b694   0x00000038   Code   RO         2005    i.usmart_get_runtime  usmart.o
    0x0800b6cc   0x00000028   Code   RO         2006    i.usmart_init       usmart.o
    0x0800b6f4   0x00000010   Code   RO         2115    i.usmart_pow        usmart_str.o
    0x0800b704   0x00000030   Code   RO         2007    i.usmart_reset_runtime  usmart.o
    0x0800b734   0x000000a4   Code   RO         2008    i.usmart_scan       usmart.o
    0x0800b7d8   0x00000010   Code   RO         2116    i.usmart_search_nextc  usmart_str.o
    0x0800b7e8   0x000000a6   Code   RO         2117    i.usmart_str2num    usmart_str.o
    0x0800b88e   0x00000018   Code   RO         2118    i.usmart_strcmp     usmart_str.o
    0x0800b8a6   0x00000012   Code   RO         2119    i.usmart_strcopy    usmart_str.o
    0x0800b8b8   0x00000012   Code   RO         2120    i.usmart_strlen     usmart_str.o
    0x0800b8ca   0x00000002   PAD
    0x0800b8cc   0x00000670   Code   RO         2009    i.usmart_sys_cmd_exe  usmart.o
    0x0800bf3c   0x00000004   Code   RO         2010    i.write_addr        usmart.o
    0x0800bf40   0x00000150   Code   RO         5039    x$fpl$dadd          fz_wm.l(daddsub_clz.o)
    0x0800c090   0x00000018   Code   RO         5127    x$fpl$dcmpinf       fz_wm.l(dcmpi.o)
    0x0800c0a8   0x0000005a   Code   RO         5045    x$fpl$dfixu         fz_wm.l(dfixu.o)
    0x0800c102   0x00000026   Code   RO         5049    x$fpl$dfltu         fz_wm.l(dflt_clz.o)
    0x0800c128   0x00000078   Code   RO         5055    x$fpl$dleqf         fz_wm.l(dleqf.o)
    0x0800c1a0   0x00000154   Code   RO         5057    x$fpl$dmul          fz_wm.l(dmul.o)
    0x0800c2f4   0x0000009c   Code   RO         5129    x$fpl$dnaninf       fz_wm.l(dnaninf.o)
    0x0800c390   0x0000000c   Code   RO         5131    x$fpl$dretinf       fz_wm.l(dretinf.o)
    0x0800c39c   0x0000006c   Code   RO         5059    x$fpl$drleqf        fz_wm.l(drleqf.o)
    0x0800c408   0x00000016   Code   RO         5040    x$fpl$drsb          fz_wm.l(daddsub_clz.o)
    0x0800c41e   0x00000002   PAD
    0x0800c420   0x00000198   Code   RO         5133    x$fpl$dsqrt         fz_wm.l(dsqrt_umaal.o)
    0x0800c5b8   0x000001d4   Code   RO         5041    x$fpl$dsub          fz_wm.l(daddsub_clz.o)
    0x0800c78c   0x00000056   Code   RO         5061    x$fpl$f2d           fz_wm.l(f2d.o)
    0x0800c7e2   0x0000008c   Code   RO         5135    x$fpl$fnaninf       fz_wm.l(fnaninf.o)
    0x0800c86e   0x0000000a   Code   RO         5303    x$fpl$fpinit        fz_wm.l(fpinit.o)
    0x0800c878   0x00000000   Code   RO         5139    x$fpl$usenofp       fz_wm.l(usenofp.o)
    0x0800c878   0x000017c0   Data   RO          564    .constdata          lcd.o
    0x0800e038   0x0000000a   Data   RO         1189    .constdata          ft5206.o
    0x0800e042   0x000000c2   Data   RO         1232    .constdata          gt9147.o
    0x0800e104   0x0000000a   Data   RO         1280    .constdata          ott2001a.o
    0x0800e10e   0x00000002   PAD
    0x0800e110   0x00000004   Data   RO         1336    .constdata          touch.o
    0x0800e114   0x00000024   Data   RO         1936    .constdata          malloc.o
    0x0800e138   0x00000028   Data   RO         4995    .constdata          c_w.l(_printf_hex_int_ll_ptr.o)
    0x0800e160   0x00000011   Data   RO         5015    .constdata          c_w.l(__printf_flags_ss_wp.o)
    0x0800e171   0x00000003   PAD
    0x0800e174   0x00000059   Data   RO           13    .conststring        main.o
    0x0800e1cd   0x00000003   PAD
    0x0800e1d0   0x00000079   Data   RO         1337    .conststring        touch.o
    0x0800e249   0x00000003   PAD
    0x0800e24c   0x00000028   Data   RO         2011    .conststring        usmart.o
    0x0800e274   0x00000127   Data   RO         2084    .conststring        usmart_config.o
    0x0800e39b   0x00000001   PAD
    0x0800e39c   0x00000064   Data   RO         2191    .conststring        exfuns.o
    0x0800e400   0x00000020   Data   RO         5360    Region$$Table       anon$$obj.o


    Execution Region RW_IRAM1 (Base: 0x20000000, Size: 0x0001cd28, Max: 0x00020000, ABSOLUTE, COMPRESSED[0x00000120])

    Base Addr    Size         Type   Attr      Idx    E Section Name        Object

    0x20000000   0x00000080   Data   RW           14    .data               main.o
    0x20000080   0x00000004   Data   RW          428    .data               delay.o
    0x20000084   0x00000002   Data   RW          487    .data               usart.o
    0x20000086   0x00000002   PAD
    0x20000088   0x00000004   Data   RW          488    .data               usart.o
    0x2000008c   0x00000004   Data   RW          565    .data               lcd.o
    0x20000090   0x00000002   Data   RW          812    .data               w25qxx.o
    0x20000092   0x00000002   PAD
    0x20000094   0x00000010   Data   RW          936    .data               sdio_sdcard.o
    0x200000a4   0x00000001   Data   RW         1190    .data               ft5206.o
    0x200000a5   0x00000001   Data   RW         1233    .data               gt9147.o
    0x200000a6   0x00000001   Data   RW         1281    .data               ott2001a.o
    0x200000a7   0x00000001   PAD
    0x200000a8   0x00000038   Data   RW         1338    .data               touch.o
    0x200000e0   0x00000002   Data   RW         1615    .data               usart2.o
    0x200000e2   0x00000002   PAD
    0x200000e4   0x00000004   Data   RW         1681    .data               as608.o
    0x200000e8   0x00000002   Data   RW         1882    .data               usart3.o
    0x200000ea   0x00000002   PAD
    0x200000ec   0x00000024   Data   RW         1937    .data               malloc.o
    0x20000110   0x0000001c   Data   RW         2012    .data               usmart.o
    0x2000012c   0x00000030   Data   RW         2085    .data               usmart_config.o
    0x2000015c   0x000000f4   Data   RW         2086    .data               usmart_config.o
    0x20000250   0x0000014c   Data   RW         2192    .data               exfuns.o
    0x2000039c   0x00000002   Data   RW         2248    .data               diskio.o
    0x2000039e   0x00000002   PAD
    0x200003a0   0x0000000c   Data   RW         2363    .data               ff.o
    0x200003ac   0x00000010   Data   RW         3216    .data               stm32f4xx_rcc.o
    0x200003bc   0x0000000c   Zero   RW           12    .bss                main.o
    0x200003c8   0x000000c8   Zero   RW          486    .bss                usart.o
    0x20000490   0x0000000e   Zero   RW          563    .bss                lcd.o
    0x2000049e   0x00001000   Zero   RW          811    .bss                w25qxx.o
    0x2000149e   0x00000002   PAD
    0x200014a0   0x000002c0   Zero   RW          935    .bss                sdio_sdcard.o
    0x20001760   0x00000320   Zero   RW         1614    .bss                usart2.o
    0x20001a80   0x00000320   Zero   RW         1881    .bss                usart3.o
    0x20001da0   0x00019000   Zero   RW         1934    .bss                malloc.o
    0x2001ada0   0x00001900   Zero   RW         1935    .bss                malloc.o
    0x2001c6a0   0x00000021   Zero   RW         2806    .bss                fontupd.o
    0x2001c6c1   0x00000003   PAD
    0x2001c6c4   0x00000060   Zero   RW         5179    .bss                c_w.l(libspace.o)
    0x2001c724   0x00000004   PAD
    0x2001c728   0x00000200   Zero   RW         4773    HEAP                startup_stm32f40_41xxx.o
    0x2001c928   0x00000400   Zero   RW         4772    STACK               startup_stm32f40_41xxx.o



  Load Region LR$$.ARM.__AT_0x10000000 (Base: 0x10000000, Size: 0x00000000, Max: 0x0000f000, ABSOLUTE)

    Execution Region ER$$.ARM.__AT_0x10000000 (Base: 0x10000000, Size: 0x0000f000, Max: 0x0000f000, ABSOLUTE, UNINIT)

    Base Addr    Size         Type   Attr      Idx    E Section Name        Object

    0x10000000   0x0000f000   Zero   RW         1930    .ARM.__AT_0x10000000  malloc.o



  Load Region LR$$.ARM.__AT_0x1000F000 (Base: 0x1000f000, Size: 0x00000000, Max: 0x00000f00, ABSOLUTE)

    Execution Region ER$$.ARM.__AT_0x1000F000 (Base: 0x1000f000, Size: 0x00000f00, Max: 0x00000f00, ABSOLUTE, UNINIT)

    Base Addr    Size         Type   Attr      Idx    E Section Name        Object

    0x1000f000   0x00000f00   Zero   RW         1931    .ARM.__AT_0x1000F000  malloc.o



  Load Region LR$$.ARM.__AT_0x68000000 (Base: 0x68000000, Size: 0x00000000, Max: 0x000f0000, ABSOLUTE)

    Execution Region ER$$.ARM.__AT_0x68000000 (Base: 0x68000000, Size: 0x000f0000, Max: 0x000f0000, ABSOLUTE, UNINIT)

    Base Addr    Size         Type   Attr      Idx    E Section Name        Object

    0x68000000   0x000f0000   Zero   RW         1932    .ARM.__AT_0x68000000  malloc.o



  Load Region LR$$.ARM.__AT_0x680F0000 (Base: 0x680f0000, Size: 0x00000000, Max: 0x0000f000, ABSOLUTE)

    Execution Region ER$$.ARM.__AT_0x680F0000 (Base: 0x680f0000, Size: 0x0000f000, Max: 0x0000f000, ABSOLUTE, UNINIT)

    Base Addr    Size         Type   Attr      Idx    E Section Name        Object

    0x680f0000   0x0000f000   Zero   RW         1933    .ARM.__AT_0x680F0000  malloc.o


==============================================================================

Image component sizes


      Code (inc. data)   RO Data    RW Data    ZI Data      Debug   Object Name

       216          0          0          0          0       2845   24cxx.o
      2192        684          0          4          0      14909   as608.o
        64          4          0          0          0        536   beep.o
       668        100          0          0          0       5225   ctiic.o
       200         18          0          4          0       2287   delay.o
       188          4          0          2          0       3806   diskio.o
       100          6        100        332          0       4107   exfuns.o
       922         24          0         12          0       7963   ff.o
        64          6          0          0         33       1989   fontupd.o
       690         36         10          1          0       3517   ft5206.o
       902         74        194          1          0       4326   gt9147.o
        68         10          0          0          0        515   key.o
     16834        142       6080          4         14      24923   lcd.o
        64          6          0          0          0        531   led.o
      2950        596         89        128         12     327747   main.o
       418         40         36         36    1218560       5897   malloc.o
       144         14          0          0          0       1913   misc.o
       612         72          0          0          0       4422   myiic.o
       756         62         10          1          0       4107   ott2001a.o
      6004        274          0         16        704      32385   sdio_sdcard.o
       276         18          0          0          0       1721   spi.o
        64         26        392          0       1536        832   startup_stm32f40_41xxx.o
       430         24          0          0          0       4236   stm32f4xx_dma.o
       232          6          0          0          0       1765   stm32f4xx_fsmc.o
       202          0          0          0          0       2547   stm32f4xx_gpio.o
        18          0          0          0          0       3910   stm32f4xx_it.o
       288         48          0         16          0       6042   stm32f4xx_rcc.o
       192         36          0          0          0       5453   stm32f4xx_sdio.o
        98          0          0          0          0       3190   stm32f4xx_spi.o
       222         28          0          0          0       6859   stm32f4xx_tim.o
       482         42          0          0          0       4473   stm32f4xx_usart.o
        16          0          0          0          0        484   sys.o
       272         36          0          0          0       1445   system_stm32f4xx.o
       542         22          0          0          0       3326   text.o
       140         14          0          0          0       1150   timer.o
      3154        244        125         56          0      10177   touch.o
       298         26          0          6        200       4112   usart.o
       308         32          0          2        800       2094   usart2.o
       316         34          0          2        800       2090   usart3.o
      2880       1332         40         28          0       7546   usmart.o
         0          0        295        292          0       1452   usmart_config.o
      1078         20          0          0          0       7831   usmart_str.o
       744         62          0          2       4096       6619   w25qxx.o

    ----------------------------------------------------------------------
     46360       4222       7412        956    1226760     543304   Object Totals
         0          0         32          0          0          0   (incl. Generated)
        52          0          9         11          5          0   (incl. Padding)

    ----------------------------------------------------------------------

      Code (inc. data)   RO Data    RW Data    ZI Data      Debug   Library Member Name

        24          4          0          0          0         84   __2printf.o
        44          6          0          0          0         84   __2sprintf.o
        90          0          0          0          0          0   __dczerorl2.o
         8          0          0          0          0         68   __main.o
       392          4         17          0          0         92   __printf_flags_ss_wp.o
        14          0          0          0          0         68   __printf_wp.o
         0          0          0          0          0          0   __rtentry.o
        12          0          0          0          0          0   __rtentry2.o
         6          0          0          0          0          0   __rtentry4.o
        52          8          0          0          0          0   __scatter.o
        28          0          0          0          0          0   __scatter_zi.o
         6          0          0          0          0          0   _printf_c.o
        44          0          0          0          0        108   _printf_char.o
        48          6          0          0          0         96   _printf_char_common.o
        36          4          0          0          0         80   _printf_char_file.o
         6          0          0          0          0          0   _printf_d.o
       120         16          0          0          0         92   _printf_dec.o
       148          4         40          0          0        160   _printf_hex_int_ll_ptr.o
       178          0          0          0          0         88   _printf_intcommon.o
        78          0          0          0          0        108   _printf_pad.o
         0          0          0          0          0          0   _printf_percent.o
         4          0          0          0          0          0   _printf_percent_end.o
         6          0          0          0          0          0   _printf_s.o
        82          0          0          0          0         80   _printf_str.o
         6          0          0          0          0          0   _printf_u.o
         6          0          0          0          0          0   _printf_x.o
        22          0          0          0          0        100   _rserrno.o
        10          0          0          0          0         68   _sputc.o
        12          0          0          0          0         72   exit.o
         8          0          0          0          0         68   ferror.o
         6          0          0          0          0        152   heapauxi.o
         2          0          0          0          0          0   libinit.o
         6          0          0          0          0          0   libinit2.o
         2          0          0          0          0          0   libshutdown.o
         2          0          0          0          0          0   libshutdown2.o
         8          4          0          0         96         68   libspace.o
         8          4          0          0          0         68   rt_errno_addr_intlibspace.o
       138          0          0          0          0         68   rt_memcpy_v6.o
       100          0          0          0          0         80   rt_memcpy_w.o
         2          0          0          0          0          0   rtexit.o
        10          0          0          0          0          0   rtexit2.o
       128          0          0          0          0         68   strcmpv7m.o
        62          0          0          0          0         76   strlen.o
        36          0          0          0          0         80   strstr.o
        74          0          0          0          0         80   sys_stackheap_outer.o
         2          0          0          0          0         68   use_no_semi.o
         2          0          0          0          0         68   use_no_semi_2.o
       826         16          0          0          0        492   daddsub_clz.o
        24          0          0          0          0        116   dcmpi.o
        90          4          0          0          0        140   dfixu.o
        38          0          0          0          0        116   dflt_clz.o
       120          4          0          0          0        140   dleqf.o
       340         12          0          0          0        152   dmul.o
       156          4          0          0          0        140   dnaninf.o
        12          0          0          0          0        116   dretinf.o
       108          0          0          0          0        128   drleqf.o
       408         56          0          0          0        168   dsqrt_umaal.o
        86          4          0          0          0        132   f2d.o
       140          4          0          0          0        132   fnaninf.o
        10          0          0          0          0        116   fpinit.o
         0          0          0          0          0          0   usenofp.o
       122          0          0          0          0        148   sqrt.o

    ----------------------------------------------------------------------
      4568        164         60          0        100       4628   Library Totals
        10          0          3          0          4          0   (incl. Padding)

    ----------------------------------------------------------------------

      Code (inc. data)   RO Data    RW Data    ZI Data      Debug   Library Name

      2078         60         57          0         96       2392   c_w.l
      2358        104          0          0          0       2088   fz_wm.l
       122          0          0          0          0        148   m_wm.l

    ----------------------------------------------------------------------
      4568        164         60          0        100       4628   Library Totals

    ----------------------------------------------------------------------

==============================================================================


      Code (inc. data)   RO Data    RW Data    ZI Data      Debug   

     50928       4386       7472        956    1226860     519784   Grand Totals
     50928       4386       7472        288    1226860     519784   ELF Image Totals (compressed)
     50928       4386       7472        288          0          0   ROM Totals

==============================================================================

    Total RO  Size (Code + RO Data)                58400 (  57.03kB)
    Total RW  Size (RW Data + ZI Data)           1227816 (1199.04kB)
    Total ROM Size (Code + RO Data + RW Data)      58688 (  57.31kB)

==============================================================================

