Component: ARM Compiler 5.05 update 1 (build 106) Tool: armlink [4d0efa]

==============================================================================

Section Cross References

    main.o(i.AS608_get_keynum) refers to main.o(i.AS608_key_staset) for AS608_key_staset
    main.o(i.AS608_get_keynum) refers to touch.o(.data) for tp_dev
    main.o(i.AS608_get_keynum) refers to main.o(.data) for .data
    main.o(i.AS608_key_staset) refers to lcd.o(i.LCD_Fill) for LCD_Fill
    main.o(i.AS608_key_staset) refers to text.o(i.Show_Str_Mid) for Show_Str_Mid
    main.o(i.AS608_key_staset) refers to main.o(.data) for .data
    main.o(i.AS608_load_keyboard) refers to lcd.o(i.LCD_Fill) for LCD_Fill
    main.o(i.AS608_load_keyboard) refers to lcd.o(i.LCD_DrawRectangle) for LCD_DrawRectangle
    main.o(i.AS608_load_keyboard) refers to text.o(i.Show_Str_Mid) for Show_Str_Mid
    main.o(i.AS608_load_keyboard) refers to text.o(i.Show_Str) for Show_Str
    main.o(i.AS608_load_keyboard) refers to lcd.o(.data) for POINT_COLOR
    main.o(i.AS608_load_keyboard) refers to main.o(.data) for .data
    main.o(i.Add_FR) refers to lcd.o(i.LCD_Fill) for LCD_Fill
    main.o(i.Add_FR) refers to text.o(i.Show_Str_Mid) for Show_Str_Mid
    main.o(i.Add_FR) refers to as608.o(i.PS_GetImage) for PS_GetImage
    main.o(i.Add_FR) refers to as608.o(i.PS_GenChar) for PS_GenChar
    main.o(i.Add_FR) refers to delay.o(i.delay_ms) for delay_ms
    main.o(i.Add_FR) refers to main.o(i.ShowErrMessage) for ShowErrMessage
    main.o(i.Add_FR) refers to as608.o(i.PS_Match) for PS_Match
    main.o(i.Add_FR) refers to as608.o(i.PS_RegModel) for PS_RegModel
    main.o(i.Add_FR) refers to main.o(i.GET_NUM) for GET_NUM
    main.o(i.Add_FR) refers to as608.o(i.PS_StoreChar) for PS_StoreChar
    main.o(i.Add_FR) refers to as608.o(i.PS_ValidTempleteNum) for PS_ValidTempleteNum
    main.o(i.Add_FR) refers to lcd.o(i.LCD_ShowNum) for LCD_ShowNum
    main.o(i.Add_FR) refers to lcd.o(.bss) for lcddev
    main.o(i.Add_FR) refers to main.o(.bss) for .bss
    main.o(i.Add_FR) refers to main.o(.data) for .data
    main.o(i.Del_FR) refers to lcd.o(i.LCD_Fill) for LCD_Fill
    main.o(i.Del_FR) refers to text.o(i.Show_Str_Mid) for Show_Str_Mid
    main.o(i.Del_FR) refers to delay.o(i.delay_ms) for delay_ms
    main.o(i.Del_FR) refers to main.o(i.AS608_load_keyboard) for AS608_load_keyboard
    main.o(i.Del_FR) refers to main.o(i.GET_NUM) for GET_NUM
    main.o(i.Del_FR) refers to as608.o(i.PS_DeletChar) for PS_DeletChar
    main.o(i.Del_FR) refers to main.o(i.ShowErrMessage) for ShowErrMessage
    main.o(i.Del_FR) refers to as608.o(i.PS_ValidTempleteNum) for PS_ValidTempleteNum
    main.o(i.Del_FR) refers to lcd.o(i.LCD_ShowNum) for LCD_ShowNum
    main.o(i.Del_FR) refers to as608.o(i.PS_Empty) for PS_Empty
    main.o(i.Del_FR) refers to lcd.o(.bss) for lcddev
    main.o(i.Del_FR) refers to main.o(.data) for .data
    main.o(i.Del_FR) refers to main.o(.bss) for .bss
    main.o(i.GET_NUM) refers to main.o(i.AS608_get_keynum) for AS608_get_keynum
    main.o(i.GET_NUM) refers to lcd.o(i.LCD_ShowNum) for LCD_ShowNum
    main.o(i.ShowErrMessage) refers to lcd.o(i.LCD_Fill) for LCD_Fill
    main.o(i.ShowErrMessage) refers to as608.o(i.EnsureMessage) for EnsureMessage
    main.o(i.ShowErrMessage) refers to text.o(i.Show_Str_Mid) for Show_Str_Mid
    main.o(i.ShowErrMessage) refers to lcd.o(.bss) for lcddev
    main.o(i.main) refers to _printf_percent.o(.ARM.Collect$$_printf_percent$$00000000) for _printf_percent
    main.o(i.main) refers to _printf_d.o(.ARM.Collect$$_printf_percent$$00000009) for _printf_d
    main.o(i.main) refers to _printf_x.o(.ARM.Collect$$_printf_percent$$0000000C) for _printf_x
    main.o(i.main) refers to _printf_dec.o(.text) for _printf_int_dec
    main.o(i.main) refers to _printf_hex_int_ll_ptr.o(.text) for _printf_longlong_hex
    main.o(i.main) refers to misc.o(i.NVIC_PriorityGroupConfig) for NVIC_PriorityGroupConfig
    main.o(i.main) refers to delay.o(i.delay_init) for delay_init
    main.o(i.main) refers to usart.o(i.uart_init) for uart_init
    main.o(i.main) refers to usart2.o(i.usart2_init) for usart2_init
    main.o(i.main) refers to as608.o(i.PS_StaGPIO_Init) for PS_StaGPIO_Init
    main.o(i.main) refers to beep.o(i.BEEP_Init) for BEEP_Init
    main.o(i.main) refers to key.o(i.KEY_Init) for KEY_Init
    main.o(i.main) refers to lcd.o(i.LCD_Init) for LCD_Init
    main.o(i.main) refers to w25qxx.o(i.W25QXX_Init) for W25QXX_Init
    main.o(i.main) refers to malloc.o(i.my_mem_init) for my_mem_init
    main.o(i.main) refers to exfuns.o(i.exfuns_init) for exfuns_init
    main.o(i.main) refers to ff.o(i.f_mount) for f_mount
    main.o(i.main) refers to lcd.o(i.LCD_ShowString) for LCD_ShowString
    main.o(i.main) refers to delay.o(i.delay_ms) for delay_ms
    main.o(i.main) refers to lcd.o(i.LCD_Fill) for LCD_Fill
    main.o(i.main) refers to fontupd.o(i.font_init) for font_init
    main.o(i.main) refers to text.o(i.Show_Str_Mid) for Show_Str_Mid
[...]
    FLASH_IRQHandler                         0x080002b3   Thumb Code     0  startup_stm32f40_41xxx.o(.text)
    FPU_IRQHandler                           0x080002b3   Thumb Code     0  startup_stm32f40_41xxx.o(.text)
    FSMC_IRQHandler                          0x080002b3   Thumb Code     0  startup_stm32f40_41xxx.o(.text)
    HASH_RNG_IRQHandler                      0x080002b3   Thumb Code     0  startup_stm32f40_41xxx.o(.text)
    I2C1_ER_IRQHandler                       0x080002b3   Thumb Code     0  startup_stm32f40_41xxx.o(.text)
    I2C1_EV_IRQHandler                       0x080002b3   Thumb Code     0  startup_stm32f40_41xxx.o(.text)
    I2C2_ER_IRQHandler                       0x080002b3   Thumb Code     0  startup_stm32f40_41xxx.o(.text)
    I2C2_EV_IRQHandler                       0x080002b3   Thumb Code     0  startup_stm32f40_41xxx.o(.text)
    I2C3_ER_IRQHandler                       0x080002b3   Thumb Code     0  startup_stm32f40_41xxx.o(.text)
    I2C3_EV_IRQHandler                       0x080002b3   Thumb Code     0  startup_stm32f40_41xxx.o(.text)
    OTG_FS_IRQHandler                        0x080002b3   Thumb Code     0  startup_stm32f40_41xxx.o(.text)
    OTG_FS_WKUP_IRQHandler                   0x080002b3   Thumb Code     0  startup_stm32f40_41xxx.o(.text)
    OTG_HS_EP1_IN_IRQHandler                 0x080002b3   Thumb Code     0  startup_stm32f40_41xxx.o(.text)
    OTG_HS_EP1_OUT_IRQHandler                0x080002b3   Thumb Code     0  startup_stm32f40_41xxx.o(.text)
    OTG_HS_IRQHandler                        0x080002b3   Thumb Code     0  startup_stm32f40_41xxx.o(.text)
    OTG_HS_WKUP_IRQHandler                   0x080002b3   Thumb Code     0  startup_stm32f40_41xxx.o(.text)
    PVD_IRQHandler                           0x080002b3   Thumb Code     0  startup_stm32f40_41xxx.o(.text)
    RCC_IRQHandler                           0x080002b3   Thumb Code     0  startup_stm32f40_41xxx.o(.text)
    RTC_Alarm_IRQHandler                     0x080002b3   Thumb Code     0  startup_stm32f40_41xxx.o(.text)
    RTC_WKUP_IRQHandler                      0x080002b3   Thumb Code     0  startup_stm32f40_41xxx.o(.text)
    SPI1_IRQHandler                          0x080002b3   Thumb Code     0  startup_stm32f40_41xxx.o(.text)
    SPI2_IRQHandler                          0x080002b3   Thumb Code     0  startup_stm32f40_41xxx.o(.text)
    SPI3_IRQHandler                          0x080002b3   Thumb Code     0  startup_stm32f40_41xxx.o(.text)
    TAMP_STAMP_IRQHandler                    0x080002b3   Thumb Code     0  startup_stm32f40_41xxx.o(.text)
    TIM1_BRK_TIM9_IRQHandler                 0x080002b3   Thumb Code     0  startup_stm32f40_41xxx.o(.text)
    TIM1_CC_IRQHandler                       0x080002b3   Thumb Code     0  startup_stm32f40_41xxx.o(.text)
    TIM1_TRG_COM_TIM11_IRQHandler            0x080002b3   Thumb Code     0  startup_stm32f40_41xxx.o(.text)
    TIM1_UP_TIM10_IRQHandler                 0x080002b3   Thumb Code     0  startup_stm32f40_41xxx.o(.text)
    TIM2_IRQHandler                          0x080002b3   Thumb Code     0  startup_stm32f40_41xxx.o(.text)
    TIM3_IRQHandler                          0x080002b3   Thumb Code     0  startup_stm32f40_41xxx.o(.text)
    TIM5_IRQHandler                          0x080002b3   Thumb Code     0  startup_stm32f40_41xxx.o(.text)
    TIM6_DAC_IRQHandler                      0x080002b3   Thumb Code     0  startup_stm32f40_41xxx.o(.text)
    TIM8_BRK_TIM12_IRQHandler                0x080002b3   Thumb Code     0  startup_stm32f40_41xxx.o(.text)
    TIM8_CC_IRQHandler                       0x080002b3   Thumb Code     0  startup_stm32f40_41xxx.o(.text)
    TIM8_TRG_COM_TIM14_IRQHandler            0x080002b3   Thumb Code     0  startup_stm32f40_41xxx.o(.text)
    TIM8_UP_TIM13_IRQHandler                 0x080002b3   Thumb Code     0  startup_stm32f40_41xxx.o(.text)
    UART4_IRQHandler                         0x080002b3   Thumb Code     0  startup_stm32f40_41xxx.o(.text)
    UART5_IRQHandler                         0x080002b3   Thumb Code     0  startup_stm32f40_41xxx.o(.text)
    USART3_IRQHandler                        0x080002b3   Thumb Code     0  startup_stm32f40_41xxx.o(.text)
    USART6_IRQHandler                        0x080002b3   Thumb Code     0  startup_stm32f40_41xxx.o(.text)
    WWDG_IRQHandler                          0x080002b3   Thumb Code     0  startup_stm32f40_41xxx.o(.text)
    __user_initial_stackheap                 0x080002b5   Thumb Code     0  startup_stm32f40_41xxx.o(.text)
    __use_no_semihosting                     0x080002d9   Thumb Code     2  use_no_semi_2.o(.text)
    __2printf                                0x080002dd   Thumb Code    20  __2printf.o(.text)
    __2sprintf                               0x080002f5   Thumb Code    38  __2sprintf.o(.text)
    _printf_pre_padding                      0x08000321   Thumb Code    44  _printf_pad.o(.text)
    _printf_post_padding                     0x0800034d   Thumb Code    34  _printf_pad.o(.text)
    _printf_str                              0x0800036f   Thumb Code    82  _printf_str.o(.text)
    _printf_int_dec                          0x080003c1   Thumb Code   104  _printf_dec.o(.text)
    _printf_longlong_hex                     0x08000439   Thumb Code    86  _printf_hex_int_ll_ptr.o(.text)
    _printf_int_hex                          0x0800048f   Thumb Code    28  _printf_hex_int_ll_ptr.o(.text)
    _printf_ll_hex                           0x080004ab   Thumb Code    12  _printf_hex_int_ll_ptr.o(.text)
    _printf_hex_ptr                          0x080004b7   Thumb Code    18  _printf_hex_int_ll_ptr.o(.text)
    __printf                                 0x080004cd   Thumb Code   388  __printf_flags_ss_wp.o(.text)
    strstr                                   0x08000655   Thumb Code    36  strstr.o(.text)
    strlen                                   0x08000679   Thumb Code    62  strlen.o(.text)
    __aeabi_memcpy                           0x080006b7   Thumb Code     0  rt_memcpy_v6.o(.text)
    __rt_memcpy                              0x080006b7   Thumb Code   138  rt_memcpy_v6.o(.text)
    _memcpy_lastbytes                        0x0800071d   Thumb Code     0  rt_memcpy_v6.o(.text)
    strcmp                                   0x08000741   Thumb Code   128  strcmpv7m.o(.text)
    __use_two_region_memory                  0x080007c1   Thumb Code     2  heapauxi.o(.text)
    __rt_heap_escrow$2region                 0x080007c3   Thumb Code     2  heapauxi.o(.text)
    __rt_heap_expand$2region                 0x080007c5   Thumb Code     2  heapauxi.o(.text)
    __I$use$semihosting                      0x080007c7   Thumb Code     0  use_no_semi.o(.text)
    __use_no_semihosting_swi                 0x080007c7   Thumb Code     2  use_no_semi.o(.text)
    __read_errno                             0x080007c9   Thumb Code    10  _rserrno.o(.text)
    __set_errno                              0x080007d3   Thumb Code    12  _rserrno.o(.text)
    _printf_int_common                       0x080007df   Thumb Code   178  _printf_intcommon.o(.text)
    _printf_char_common                      0x0800089b   Thumb Code    32  _printf_char_common.o(.text)
    _sputc                                   0x080008c1   Thumb Code    10  _sputc.o(.text)
    _printf_cs_common                        0x080008cb   Thumb Code    20  _printf_char.o(.text)
    _printf_char                             0x080008df   Thumb Code    16  _printf_char.o(.text)
    _printf_string                           0x080008ef   Thumb Code     8  _printf_char.o(.text)
    _printf_char_file                        0x080008f9   Thumb Code    32  _printf_char_file.o(.text)
    __aeabi_memcpy4                          0x0800091d   Thumb Code     0  rt_memcpy_w.o(.text)
    __aeabi_memcpy8                          0x0800091d   Thumb Code     0  rt_memcpy_w.o(.text)
    __rt_memcpy_w                            0x0800091d   Thumb Code   100  rt_memcpy_w.o(.text)
    _memcpy_lastbytes_aligned                0x08000965   Thumb Code     0  rt_memcpy_w.o(.text)
    __aeabi_errno_addr                       0x08000981   Thumb Code     8  rt_errno_addr_intlibspace.o(.text)
    __errno$intlibspace                      0x08000981   Thumb Code     0  rt_errno_addr_intlibspace.o(.text)
    __rt_errno_addr$intlibspace              0x08000981   Thumb Code     0  rt_errno_addr_intlibspace.o(.text)
    ferror                                   0x08000989   Thumb Code     8  ferror.o(.text)
    __user_libspace                          0x08000991   Thumb Code     8  libspace.o(.text)
    __user_perproc_libspace                  0x08000991   Thumb Code     0  libspace.o(.text)
    __user_perthread_libspace                0x08000991   Thumb Code     0  libspace.o(.text)
    __user_setup_stackheap                   0x08000999   Thumb Code    74  sys_stackheap_outer.o(.text)
    exit                                     0x080009e3   Thumb Code    12  exit.o(.text)
    AS608_get_keynum                         0x080009f1   Thumb Code   194  main.o(i.AS608_get_keynum)
    AS608_key_staset                         0x08000abd   Thumb Code   176  main.o(i.AS608_key_staset)
    AS608_load_keyboard                      0x08000b71   Thumb Code   276  main.o(i.AS608_load_keyboard)
    AT24CXX_Init                             0x08000c8d   Thumb Code     4  24cxx.o(i.AT24CXX_Init)
    AT24CXX_ReadLenByte                      0x08000c91   Thumb Code    42  24cxx.o(i.AT24CXX_ReadLenByte)
    AT24CXX_ReadOneByte                      0x08000cbb   Thumb Code    66  24cxx.o(i.AT24CXX_ReadOneByte)
    AT24CXX_WriteLenByte                     0x08000cfd   Thumb Code    42  24cxx.o(i.AT24CXX_WriteLenByte)
    AT24CXX_WriteOneByte                     0x08000d27   Thumb Code    62  24cxx.o(i.AT24CXX_WriteOneByte)
    Add_FR                                   0x08000d65   Thumb Code   666  main.o(i.Add_FR)
    BEEP_Init                                0x080010e1   Thumb Code    60  beep.o(i.BEEP_Init)
    BusFault_Handler                         0x08001121   Thumb Code     2  stm32f4xx_it.o(i.BusFault_Handler)
    CT_IIC_Ack                               0x08001125   Thumb Code    64  ctiic.o(i.CT_IIC_Ack)
    CT_IIC_Init                              0x08001171   Thumb Code    54  ctiic.o(i.CT_IIC_Init)
    CT_IIC_NAck                              0x080011b1   Thumb Code    64  ctiic.o(i.CT_IIC_NAck)
    CT_IIC_Read_Byte                         0x080011fd   Thumb Code   108  ctiic.o(i.CT_IIC_Read_Byte)
    CT_IIC_Send_Byte                         0x08001275   Thumb Code    90  ctiic.o(i.CT_IIC_Send_Byte)
    CT_IIC_Start                             0x080012dd   Thumb Code    62  ctiic.o(i.CT_IIC_Start)
    CT_IIC_Stop                              0x08001329   Thumb Code    56  ctiic.o(i.CT_IIC_Stop)
    CT_IIC_Wait_Ack                          0x0800136d   Thumb Code    70  ctiic.o(i.CT_IIC_Wait_Ack)
    CmdError                                 0x080013c1   Thumb Code    42  sdio_sdcard.o(i.CmdError)
    CmdResp1Error                            0x080013ed   Thumb Code    84  sdio_sdcard.o(i.CmdResp1Error)
    CmdResp2Error                            0x08001445   Thumb Code    66  sdio_sdcard.o(i.CmdResp2Error)
    CmdResp3Error                            0x0800148d   Thumb Code    42  sdio_sdcard.o(i.CmdResp3Error)
    CmdResp6Error                            0x080014bd   Thumb Code   118  sdio_sdcard.o(i.CmdResp6Error)
    CmdResp7Error                            0x08001539   Thumb Code    54  sdio_sdcard.o(i.CmdResp7Error)
    DMA_Cmd                                  0x08001575   Thumb Code    20  stm32f4xx_dma.o(i.DMA_Cmd)
    DMA_DeInit                               0x08001589   Thumb Code   272  stm32f4xx_dma.o(i.DMA_DeInit)
    DMA_FlowControllerConfig                 0x080016ad   Thumb Code    20  stm32f4xx_dma.o(i.DMA_FlowControllerConfig)
    DMA_GetCmdStatus                         0x080016c1   Thumb Code    14  stm32f4xx_dma.o(i.DMA_GetCmdStatus)
    DMA_Init                                 0x080016d1   Thumb Code    80  stm32f4xx_dma.o(i.DMA_Init)
    DebugMon_Handler                         0x08001725   Thumb Code     2  stm32f4xx_it.o(i.DebugMon_Handler)
    Del_FR                                   0x08001729   Thumb Code   222  main.o(i.Del_FR)
    EnsureMessage                            0x08001859   Thumb Code   130  as608.o(i.EnsureMessage)
    FSMC_NORSRAMCmd                          0x08001a9d   Thumb Code    26  stm32f4xx_fsmc.o(i.FSMC_NORSRAMCmd)
    FSMC_NORSRAMInit                         0x08001abd   Thumb Code   200  stm32f4xx_fsmc.o(i.FSMC_NORSRAMInit)
    FT5206_Init                              0x08001b85   Thumb Code   188  ft5206.o(i.FT5206_Init)
    FT5206_RD_Reg                            0x08001c59   Thumb Code    86  ft5206.o(i.FT5206_RD_Reg)
    FT5206_Scan                              0x08001cb1   Thumb Code   308  ft5206.o(i.FT5206_Scan)
    FT5206_WR_Reg                            0x08001df1   Thumb Code    72  ft5206.o(i.FT5206_WR_Reg)
    FindSCR                                  0x08001e39   Thumb Code   304  sdio_sdcard.o(i.FindSCR)
    GET_NUM                                  0x08001f75   Thumb Code   114  main.o(i.GET_NUM)
    GPIO_Init                                0x08001fe7   Thumb Code   162  stm32f4xx_gpio.o(i.GPIO_Init)
    GPIO_PinAFConfig                         0x08002089   Thumb Code    32  stm32f4xx_gpio.o(i.GPIO_PinAFConfig)
    GPIO_ReadInputDataBit                    0x080020a9   Thumb Code    14  stm32f4xx_gpio.o(i.GPIO_ReadInputDataBit)
    GPIO_ResetBits                           0x080020b7   Thumb Code     4  stm32f4xx_gpio.o(i.GPIO_ResetBits)
    GPIO_SetBits                             0x080020bb   Thumb Code     4  stm32f4xx_gpio.o(i.GPIO_SetBits)
    GT9147_Init                              0x080020c1   Thumb Code   228  gt9147.o(i.GT9147_Init)
    GT9147_RD_Reg                            0x080021d9   Thumb Code    96  gt9147.o(i.GT9147_RD_Reg)
    GT9147_Scan                              0x08002239   Thumb Code   348  gt9147.o(i.GT9147_Scan)
    GT9147_Send_Cfg                          0x080023a5   Thumb Code    74  gt9147.o(i.GT9147_Send_Cfg)
    GT9147_WR_Reg                            0x080023f5   Thumb Code    82  gt9147.o(i.GT9147_WR_Reg)
    Get_HzMat                                0x08002449   Thumb Code   138  text.o(i.Get_HzMat)
    HardFault_Handler                        0x080024d9   Thumb Code     2  stm32f4xx_it.o(i.HardFault_Handler)
    IIC_Ack                                  0x080024dd   Thumb Code    56  myiic.o(i.IIC_Ack)
    IIC_Init                                 0x0800251d   Thumb Code    58  myiic.o(i.IIC_Init)
    IIC_NAck                                 0x08002561   Thumb Code    56  myiic.o(i.IIC_NAck)
    IIC_Read_Byte                            0x080025a1   Thumb Code    96  myiic.o(i.IIC_Read_Byte)
    IIC_Send_Byte                            0x08002609   Thumb Code    86  myiic.o(i.IIC_Send_Byte)
    IIC_Start                                0x08002669   Thumb Code    56  myiic.o(i.IIC_Start)
    IIC_Stop                                 0x080026a9   Thumb Code    58  myiic.o(i.IIC_Stop)
    IIC_Wait_Ack                             0x080026ed   Thumb Code    74  myiic.o(i.IIC_Wait_Ack)
    IsCardProgramming                        0x08002741   Thumb Code   126  sdio_sdcard.o(i.IsCardProgramming)
    KEY_Init                                 0x0800283d   Thumb Code    58  key.o(i.KEY_Init)
    KEY_Scan                                 0x08002881   Thumb Code   190  key.o(i.KEY_Scan)
    LCD_Clear                                0x0800294d   Thumb Code    98  lcd.o(i.LCD_Clear)
    LCD_Display_Dir                          0x080029b5   Thumb Code   304  lcd.o(i.LCD_Display_Dir)
    LCD_DrawLine                             0x08002ae9   Thumb Code   154  lcd.o(i.LCD_DrawLine)
    LCD_DrawPoint                            0x08002b85   Thumb Code    24  lcd.o(i.LCD_DrawPoint)
    LCD_DrawRectangle                        0x08002ba1   Thumb Code    56  lcd.o(i.LCD_DrawRectangle)
    LCD_Draw_Circle                          0x08002bd9   Thumb Code   176  lcd.o(i.LCD_Draw_Circle)
    LCD_Fast_DrawPoint                       0x08002c89   Thumb Code   276  lcd.o(i.LCD_Fast_DrawPoint)
    LCD_Fill                                 0x08002da1   Thumb Code   134  lcd.o(i.LCD_Fill)
    LCD_Init                                 0x08002e2d   Thumb Code 14094  lcd.o(i.LCD_Init)
    LCD_Pow                                  0x0800653b   Thumb Code    16  lcd.o(i.LCD_Pow)
    LCD_RD_DATA                              0x0800654b   Thumb Code    20  lcd.o(i.LCD_RD_DATA)
    LCD_ReadReg                              0x0800655f   Thumb Code    20  lcd.o(i.LCD_ReadReg)
    LCD_SSD_BackLightSet                     0x08006575   Thumb Code    72  lcd.o(i.LCD_SSD_BackLightSet)
    LCD_Scan_Dir                             0x080065c5   Thumb Code   510  lcd.o(i.LCD_Scan_Dir)
    LCD_SetCursor                            0x080067c9   Thumb Code   344  lcd.o(i.LCD_SetCursor)
    LCD_ShowChar                             0x08006925   Thumb Code   190  lcd.o(i.LCD_ShowChar)
    LCD_ShowNum                              0x080069f9   Thumb Code   118  lcd.o(i.LCD_ShowNum)
    LCD_ShowString                           0x08006a6f   Thumb Code    84  lcd.o(i.LCD_ShowString)
    LCD_WR_DATA                              0x08006ac3   Thumb Code    24  lcd.o(i.LCD_WR_DATA)
    LCD_WR_REG                               0x08006adb   Thumb Code    24  lcd.o(i.LCD_WR_REG)
    LCD_WriteRAM_Prepare                     0x08006af5   Thumb Code    14  lcd.o(i.LCD_WriteRAM_Prepare)
    LCD_WriteReg                             0x08006b09   Thumb Code    12  lcd.o(i.LCD_WriteReg)
    MemManage_Handler                        0x08006b29   Thumb Code     2  stm32f4xx_it.o(i.MemManage_Handler)
    NMI_Handler                              0x08006b2b   Thumb Code     2  stm32f4xx_it.o(i.NMI_Handler)
    NVIC_Init                                0x08006b2d   Thumb Code    96  misc.o(i.NVIC_Init)
    NVIC_PriorityGroupConfig                 0x08006b91   Thumb Code    10  misc.o(i.NVIC_PriorityGroupConfig)
    OTT2001A_Init                            0x08006ba5   Thumb Code   136  ott2001a.o(i.OTT2001A_Init)
    OTT2001A_RD_Reg                          0x08006c45   Thumb Code    96  ott2001a.o(i.OTT2001A_RD_Reg)
    OTT2001A_Scan                            0x08006ca5   Thumb Code   350  ott2001a.o(i.OTT2001A_Scan)
    OTT2001A_SensorControl                   0x08006e29   Thumb Code    30  ott2001a.o(i.OTT2001A_SensorControl)
    OTT2001A_WR_Reg                          0x08006e47   Thumb Code    82  ott2001a.o(i.OTT2001A_WR_Reg)
    PS_DeletChar                             0x08006e99   Thumb Code    94  as608.o(i.PS_DeletChar)
    PS_Empty                                 0x08006ef7   Thumb Code    52  as608.o(i.PS_Empty)
    PS_GenChar                               0x08006f2b   Thumb Code    60  as608.o(i.PS_GenChar)
    PS_GetImage                              0x08006f67   Thumb Code    52  as608.o(i.PS_GetImage)
    PS_HandShake                             0x08006f9d   Thumb Code   100  as608.o(i.PS_HandShake)
    PS_HighSpeedSearch                       0x08007009   Thumb Code   132  as608.o(i.PS_HighSpeedSearch)
    PS_Match                                 0x0800708d   Thumb Code    52  as608.o(i.PS_Match)
    PS_ReadSysPara                           0x080070c1   Thumb Code   156  as608.o(i.PS_ReadSysPara)
    PS_RegModel                              0x080071a5   Thumb Code    52  as608.o(i.PS_RegModel)
    PS_SetAddr                               0x080071d9   Thumb Code   130  as608.o(i.PS_SetAddr)
    PS_StaGPIO_Init                          0x0800727d   Thumb Code    42  as608.o(i.PS_StaGPIO_Init)
    PS_StoreChar                             0x080072ad   Thumb Code    82  as608.o(i.PS_StoreChar)
    PS_ValidTempleteNum                      0x08007301   Thumb Code    96  as608.o(i.PS_ValidTempleteNum)
    PS_WriteReg                              0x0800737d   Thumb Code    96  as608.o(i.PS_WriteReg)
    PendSV_Handler                           0x080073f9   Thumb Code     2  stm32f4xx_it.o(i.PendSV_Handler)
    RCC_AHB1PeriphClockCmd                   0x080073fd   Thumb Code    18  stm32f4xx_rcc.o(i.RCC_AHB1PeriphClockCmd)
    RCC_AHB3PeriphClockCmd                   0x08007415   Thumb Code    18  stm32f4xx_rcc.o(i.RCC_AHB3PeriphClockCmd)
    RCC_APB1PeriphClockCmd                   0x0800742d   Thumb Code    18  stm32f4xx_rcc.o(i.RCC_APB1PeriphClockCmd)
    RCC_APB1PeriphResetCmd                   0x08007445   Thumb Code    18  stm32f4xx_rcc.o(i.RCC_APB1PeriphResetCmd)
    RCC_APB2PeriphClockCmd                   0x0800745d   Thumb Code    18  stm32f4xx_rcc.o(i.RCC_APB2PeriphClockCmd)
    RCC_APB2PeriphResetCmd                   0x08007475   Thumb Code    18  stm32f4xx_rcc.o(i.RCC_APB2PeriphResetCmd)
    RCC_GetClocksFreq                        0x0800748d   Thumb Code   132  stm32f4xx_rcc.o(i.RCC_GetClocksFreq)
    SDEnWideBus                              0x0800751d   Thumb Code   126  sdio_sdcard.o(i.SDEnWideBus)
    SDIO_ClearFlag                           0x080075a9   Thumb Code     6  stm32f4xx_sdio.o(i.SDIO_ClearFlag)
    SDIO_Clock_Set                           0x080075b5   Thumb Code    14  sdio_sdcard.o(i.SDIO_Clock_Set)
    SDIO_DataConfig                          0x080075c9   Thumb Code    42  stm32f4xx_sdio.o(i.SDIO_DataConfig)
    SDIO_GetFlagStatus                       0x080075f9   Thumb Code    16  stm32f4xx_sdio.o(i.SDIO_GetFlagStatus)
    SDIO_GetPowerState                       0x0800760d   Thumb Code    10  stm32f4xx_sdio.o(i.SDIO_GetPowerState)
    SDIO_IRQHandler                          0x0800761d   Thumb Code     4  sdio_sdcard.o(i.SDIO_IRQHandler)
    SDIO_Init                                0x08007621   Thumb Code    40  stm32f4xx_sdio.o(i.SDIO_Init)
    SDIO_Register_Deinit                     0x0800764d   Thumb Code    46  sdio_sdcard.o(i.SDIO_Register_Deinit)
    SDIO_SendCommand                         0x08007685   Thumb Code    36  stm32f4xx_sdio.o(i.SDIO_SendCommand)
    SDIO_SetPowerState                       0x080076ad   Thumb Code     6  stm32f4xx_sdio.o(i.SDIO_SetPowerState)
    SD_DMA_Config                            0x080076b9   Thumb Code   112  sdio_sdcard.o(i.SD_DMA_Config)
    SD_EnableWideBusOperation                0x08007731   Thumb Code    66  sdio_sdcard.o(i.SD_EnableWideBusOperation)
    SD_GetCardInfo                           0x0800777d   Thumb Code   520  sdio_sdcard.o(i.SD_GetCardInfo)
    SD_Init                                  0x0800798d   Thumb Code   262  sdio_sdcard.o(i.SD_Init)
    SD_InitializeCards                       0x08007aa9   Thumb Code   270  sdio_sdcard.o(i.SD_InitializeCards)
    SD_PowerON                               0x08007bc5   Thumb Code   368  sdio_sdcard.o(i.SD_PowerON)
    SD_ProcessIRQSrc                         0x08007d49   Thumb Code   228  sdio_sdcard.o(i.SD_ProcessIRQSrc)
    SD_ReadBlock                             0x08007e39   Thumb Code   498  sdio_sdcard.o(i.SD_ReadBlock)
    SD_ReadDisk                              0x08008041   Thumb Code   114  sdio_sdcard.o(i.SD_ReadDisk)
    SD_ReadMultiBlocks                       0x080080b9   Thumb Code   598  sdio_sdcard.o(i.SD_ReadMultiBlocks)
    SD_SelectDeselect                        0x08008325   Thumb Code    40  sdio_sdcard.o(i.SD_SelectDeselect)
    SD_SetDeviceMode                         0x08008351   Thumb Code    20  sdio_sdcard.o(i.SD_SetDeviceMode)
    SD_WriteBlock                            0x08008369   Thumb Code   720  sdio_sdcard.o(i.SD_WriteBlock)
    SD_WriteDisk                             0x08008649   Thumb Code   108  sdio_sdcard.o(i.SD_WriteDisk)
    SD_WriteMultiBlocks                      0x080086b9   Thumb Code   762  sdio_sdcard.o(i.SD_WriteMultiBlocks)
    SPI1_Init                                0x080089c5   Thumb Code   186  spi.o(i.SPI1_Init)
    SPI1_ReadWriteByte                       0x08008a89   Thumb Code    48  spi.o(i.SPI1_ReadWriteByte)
    SPI1_SetSpeed                            0x08008abd   Thumb Code    24  spi.o(i.SPI1_SetSpeed)
    SPI_Cmd                                  0x08008ad9   Thumb Code    20  stm32f4xx_spi.o(i.SPI_Cmd)
    SPI_I2S_GetFlagStatus                    0x08008aed   Thumb Code    14  stm32f4xx_spi.o(i.SPI_I2S_GetFlagStatus)
    SPI_I2S_ReceiveData                      0x08008afb   Thumb Code     4  stm32f4xx_spi.o(i.SPI_I2S_ReceiveData)
    SPI_I2S_SendData                         0x08008aff   Thumb Code     4  stm32f4xx_spi.o(i.SPI_I2S_SendData)
    SPI_Init                                 0x08008b03   Thumb Code    56  stm32f4xx_spi.o(i.SPI_Init)
    SVC_Handler                              0x08008b3b   Thumb Code     2  stm32f4xx_it.o(i.SVC_Handler)
    ShowErrMessage                           0x08008c5d   Thumb Code    48  main.o(i.ShowErrMessage)
    Show_Font                                0x08008c91   Thumb Code   154  text.o(i.Show_Font)
    Show_Str                                 0x08008d35   Thumb Code   146  text.o(i.Show_Str)
    Show_Str_Mid                             0x08008dc9   Thumb Code    82  text.o(i.Show_Str_Mid)
    SysTick_CLKSourceConfig                  0x08008e21   Thumb Code    24  misc.o(i.SysTick_CLKSourceConfig)
    SysTick_Handler                          0x08008e39   Thumb Code     2  stm32f4xx_it.o(i.SysTick_Handler)
    SystemInit                               0x08008e3d   Thumb Code    74  system_stm32f4xx.o(i.SystemInit)
    TIM4_IRQHandler                          0x08008e99   Thumb Code    50  usmart.o(i.TIM4_IRQHandler)
    TIM7_IRQHandler                          0x08008ed5   Thumb Code    48  timer.o(i.TIM7_IRQHandler)
    TIM7_Int_Init                            0x08008f0d   Thumb Code    78  timer.o(i.TIM7_Int_Init)
    TIM_ClearFlag                            0x08008f61   Thumb Code     6  stm32f4xx_tim.o(i.TIM_ClearFlag)
    TIM_ClearITPendingBit                    0x08008f67   Thumb Code     6  stm32f4xx_tim.o(i.TIM_ClearITPendingBit)
    TIM_Cmd                                  0x08008f6d   Thumb Code    20  stm32f4xx_tim.o(i.TIM_Cmd)
    TIM_GetCounter                           0x08008f81   Thumb Code     4  stm32f4xx_tim.o(i.TIM_GetCounter)
    TIM_GetFlagStatus                        0x08008f85   Thumb Code    14  stm32f4xx_tim.o(i.TIM_GetFlagStatus)
    TIM_GetITStatus                          0x08008f93   Thumb Code    24  stm32f4xx_tim.o(i.TIM_GetITStatus)
    TIM_ITConfig                             0x08008fab   Thumb Code    16  stm32f4xx_tim.o(i.TIM_ITConfig)
    TIM_SetAutoreload                        0x08008fbb   Thumb Code     4  stm32f4xx_tim.o(i.TIM_SetAutoreload)
    TIM_SetCounter                           0x08008fbf   Thumb Code     4  stm32f4xx_tim.o(i.TIM_SetCounter)
    TIM_TimeBaseInit                         0x08008fc5   Thumb Code    96  stm32f4xx_tim.o(i.TIM_TimeBaseInit)
    TP_Adj_Info_Show                         0x08009041   Thumb Code   326  touch.o(i.TP_Adj_Info_Show)
    TP_Adjust                                0x080091b9   Thumb Code  1426  touch.o(i.TP_Adjust)
    TP_Drow_Touch_Point                      0x0800977d   Thumb Code   106  touch.o(i.TP_Drow_Touch_Point)
    TP_Get_Adjdata                           0x080097ed   Thumb Code   130  touch.o(i.TP_Get_Adjdata)
    TP_Init                                  0x08009879   Thumb Code   232  touch.o(i.TP_Init)
    TP_Read_AD                               0x08009981   Thumb Code   126  touch.o(i.TP_Read_AD)
    TP_Read_XOY                              0x08009a0d   Thumb Code   100  touch.o(i.TP_Read_XOY)
    TP_Read_XY                               0x08009a71   Thumb Code    34  touch.o(i.TP_Read_XY)
    TP_Read_XY2                              0x08009a99   Thumb Code   122  touch.o(i.TP_Read_XY2)
    TP_Save_Adjdata                          0x08009b15   Thumb Code   110  touch.o(i.TP_Save_Adjdata)
    TP_Scan                                  0x08009b8d   Thumb Code   182  touch.o(i.TP_Scan)
    TP_Write_Byte                            0x08009c4d   Thumb Code    64  touch.o(i.TP_Write_Byte)
    Timer4_Init                              0x08009c95   Thumb Code    90  usmart.o(i.Timer4_Init)
    USART1_IRQHandler                        0x08009cf5   Thumb Code    88  usart.o(i.USART1_IRQHandler)
    USART2_IRQHandler                        0x08009d59   Thumb Code    80  usart2.o(i.USART2_IRQHandler)
    USART_Cmd                                0x08009db9   Thumb Code    20  stm32f4xx_usart.o(i.USART_Cmd)
    USART_DeInit                             0x08009dcd   Thumb Code   138  stm32f4xx_usart.o(i.USART_DeInit)
    USART_GetITStatus                        0x08009e79   Thumb Code    62  stm32f4xx_usart.o(i.USART_GetITStatus)
    USART_ITConfig                           0x08009eb7   Thumb Code    48  stm32f4xx_usart.o(i.USART_ITConfig)
    USART_Init                               0x08009ee9   Thumb Code   164  stm32f4xx_usart.o(i.USART_Init)
    USART_ReceiveData                        0x08009f95   Thumb Code     8  stm32f4xx_usart.o(i.USART_ReceiveData)
    UsageFault_Handler                       0x08009f9d   Thumb Code     2  stm32f4xx_it.o(i.UsageFault_Handler)
    W25QXX_Erase_Sector                      0x08009fa1   Thumb Code    74  w25qxx.o(i.W25QXX_Erase_Sector)
    W25QXX_Init                              0x08009ff9   Thumb Code   102  w25qxx.o(i.W25QXX_Init)
    W25QXX_Read                              0x0800a071   Thumb Code    76  w25qxx.o(i.W25QXX_Read)
    W25QXX_ReadID                            0x0800a0c1   Thumb Code    62  w25qxx.o(i.W25QXX_ReadID)
    W25QXX_ReadSR                            0x0800a105   Thumb Code    32  w25qxx.o(i.W25QXX_ReadSR)
    W25QXX_Wait_Busy                         0x0800a129   Thumb Code    14  w25qxx.o(i.W25QXX_Wait_Busy)
    W25QXX_Write                             0x0800a139   Thumb Code   152  w25qxx.o(i.W25QXX_Write)
    W25QXX_Write_Enable                      0x0800a1d5   Thumb Code    26  w25qxx.o(i.W25QXX_Write_Enable)
    W25QXX_Write_NoCheck                     0x0800a1f5   Thumb Code    62  w25qxx.o(i.W25QXX_Write_NoCheck)
    W25QXX_Write_Page                        0x0800a235   Thumb Code    82  w25qxx.o(i.W25QXX_Write_Page)
    __hardfp_sqrt                            0x0800a28d   Thumb Code   122  sqrt.o(i.__hardfp_sqrt)
    _is_digit                                0x0800a307   Thumb Code    14  __printf_wp.o(i._is_digit)
    _sys_exit                                0x0800a315   Thumb Code     2  usart.o(i._sys_exit)
    convert_from_bytes_to_power_of_two       0x0800a375   Thumb Code    18  sdio_sdcard.o(i.convert_from_bytes_to_power_of_two)
    delay_init                               0x0800a389   Thumb Code    38  delay.o(i.delay_init)
    delay_ms                                 0x0800a3b5   Thumb Code    52  delay.o(i.delay_ms)
    delay_us                                 0x0800a3e9   Thumb Code    46  delay.o(i.delay_us)
    delay_xms                                0x0800a41d   Thumb Code    46  delay.o(i.delay_xms)
    disk_initialize                          0x0800a451   Thumb Code    36  diskio.o(i.disk_initialize)
    disk_read                                0x0800a479   Thumb Code    72  diskio.o(i.disk_read)
    disk_status                              0x0800a4c1   Thumb Code     4  diskio.o(i.disk_status)
    disk_write                               0x0800a4c5   Thumb Code    72  diskio.o(i.disk_write)
    exfuns_init                              0x0800a50d   Thumb Code    94  exfuns.o(i.exfuns_init)
    f_mount                                  0x0800a571   Thumb Code    72  ff.o(i.f_mount)
    font_init                                0x0800a7f5   Thumb Code    58  fontupd.o(i.font_init)
    fputc                                    0x0800a835   Thumb Code    14  usart.o(i.fputc)
    main                                     0x0800a885   Thumb Code   600  main.o(i.main)
    my_mem_free                              0x0800ac05   Thumb Code    80  malloc.o(i.my_mem_free)
    my_mem_init                              0x0800ac5d   Thumb Code    52  malloc.o(i.my_mem_init)
    my_mem_malloc                            0x0800ac99   Thumb Code   136  malloc.o(i.my_mem_malloc)
    my_mem_perused                           0x0800ad29   Thumb Code    48  malloc.o(i.my_mem_perused)
    myfree                                   0x0800ad61   Thumb Code    20  malloc.o(i.myfree)
    mymalloc                                 0x0800ad79   Thumb Code    28  malloc.o(i.mymalloc)
    mymemset                                 0x0800ad99   Thumb Code    14  malloc.o(i.mymemset)
    press_FR                                 0x0800ada9   Thumb Code   174  main.o(i.press_FR)
    read_addr                                0x0800ae8d   Thumb Code     4  usmart.o(i.read_addr)
    uart_init                                0x0800aee1   Thumb Code   168  usart.o(i.uart_init)
    usart2_init                              0x0800af91   Thumb Code   196  usart2.o(i.usart2_init)
    usmart_cmd_rec                           0x0800b065   Thumb Code   144  usmart.o(i.usmart_cmd_rec)
    usmart_exe                               0x0800b0f9   Thumb Code   514  usmart.o(i.usmart_exe)
    usmart_get_aparm                         0x0800b35d   Thumb Code   158  usmart_str.o(i.usmart_get_aparm)
    usmart_get_cmdname                       0x0800b3fb   Thumb Code    46  usmart_str.o(i.usmart_get_cmdname)
    usmart_get_fname                         0x0800b429   Thumb Code   358  usmart_str.o(i.usmart_get_fname)
    usmart_get_fparam                        0x0800b599   Thumb Code   208  usmart_str.o(i.usmart_get_fparam)
    usmart_get_parmpos                       0x0800b66d   Thumb Code    30  usmart_str.o(i.usmart_get_parmpos)
    usmart_get_runtime                       0x0800b691   Thumb Code    48  usmart.o(i.usmart_get_runtime)
    usmart_init                              0x0800b6c9   Thumb Code    36  usmart.o(i.usmart_init)
    usmart_pow                               0x0800b6f1   Thumb Code    16  usmart_str.o(i.usmart_pow)
    usmart_reset_runtime                     0x0800b701   Thumb Code    40  usmart.o(i.usmart_reset_runtime)
    usmart_scan                              0x0800b731   Thumb Code    94  usmart.o(i.usmart_scan)
    usmart_search_nextc                      0x0800b7d5   Thumb Code    16  usmart_str.o(i.usmart_search_nextc)
    usmart_str2num                           0x0800b7e5   Thumb Code   166  usmart_str.o(i.usmart_str2num)
    usmart_strcmp                            0x0800b88b   Thumb Code    24  usmart_str.o(i.usmart_strcmp)
    usmart_strcopy                           0x0800b8a3   Thumb Code    18  usmart_str.o(i.usmart_strcopy)
    usmart_strlen                            0x0800b8b5   Thumb Code    18  usmart_str.o(i.usmart_strlen)
    usmart_sys_cmd_exe                       0x0800b8c9   Thumb Code  1442  usmart.o(i.usmart_sys_cmd_exe)
    write_addr                               0x0800bf39   Thumb Code     4  usmart.o(i.write_addr)
    __aeabi_dadd                             0x0800bf3d   Thumb Code     0  daddsub_clz.o(x$fpl$dadd)
    _dadd                                    0x0800bf3d   Thumb Code   332  daddsub_clz.o(x$fpl$dadd)
    __fpl_dcmp_Inf                           0x0800c08d   Thumb Code    24  dcmpi.o(x$fpl$dcmpinf)
    __aeabi_d2uiz                            0x0800c0a5   Thumb Code     0  dfixu.o(x$fpl$dfixu)
    _dfixu                                   0x0800c0a5   Thumb Code    90  dfixu.o(x$fpl$dfixu)
    __aeabi_ui2d                             0x0800c0ff   Thumb Code     0  dflt_clz.o(x$fpl$dfltu)
    _dfltu                                   0x0800c0ff   Thumb Code    38  dflt_clz.o(x$fpl$dfltu)
    __aeabi_cdcmple                          0x0800c125   Thumb Code     0  dleqf.o(x$fpl$dleqf)
    _dcmple                                  0x0800c125   Thumb Code   120  dleqf.o(x$fpl$dleqf)
    __fpl_dcmple_InfNaN                      0x0800c187   Thumb Code     0  dleqf.o(x$fpl$dleqf)
    __aeabi_dmul                             0x0800c19d   Thumb Code     0  dmul.o(x$fpl$dmul)
    _dmul                                    0x0800c19d   Thumb Code   332  dmul.o(x$fpl$dmul)
    __fpl_dnaninf                            0x0800c2f1   Thumb Code   156  dnaninf.o(x$fpl$dnaninf)
    __fpl_dretinf                            0x0800c38d   Thumb Code    12  dretinf.o(x$fpl$dretinf)
    __aeabi_cdrcmple                         0x0800c399   Thumb Code     0  drleqf.o(x$fpl$drleqf)
    _drcmple                                 0x0800c399   Thumb Code   108  drleqf.o(x$fpl$drleqf)
    __aeabi_drsub                            0x0800c405   Thumb Code     0  daddsub_clz.o(x$fpl$drsb)
    _drsb                                    0x0800c405   Thumb Code    22  daddsub_clz.o(x$fpl$drsb)
    _dsqrt                                   0x0800c41d   Thumb Code   404  dsqrt_umaal.o(x$fpl$dsqrt)
    __aeabi_dsub                             0x0800c5b5   Thumb Code     0  daddsub_clz.o(x$fpl$dsub)
    _dsub                                    0x0800c5b5   Thumb Code   464  daddsub_clz.o(x$fpl$dsub)
    __aeabi_f2d                              0x0800c789   Thumb Code     0  f2d.o(x$fpl$f2d)
    _f2d                                     0x0800c789   Thumb Code    86  f2d.o(x$fpl$f2d)
    __fpl_fnaninf                            0x0800c7df   Thumb Code   140  fnaninf.o(x$fpl$fnaninf)
    _fp_init                                 0x0800c86b   Thumb Code    10  fpinit.o(x$fpl$fpinit)
    __fplib_config_fpu_vfp                   0x0800c873   Thumb Code     0  fpinit.o(x$fpl$fpinit)
    __fplib_config_pureend_doubles           0x0800c873   Thumb Code     0  fpinit.o(x$fpl$fpinit)
    __I$use$fp                               0x0800c874   Number         0  usenofp.o(x$fpl$usenofp)
    asc2_1206                                0x0800c874   Data        1140  lcd.o(.constdata)
    asc2_1608                                0x0800cce8   Data        1520  lcd.o(.constdata)
    asc2_2412                                0x0800d2d8   Data        3420  lcd.o(.constdata)
    FT5206_TPX_TBL                           0x0800e034   Data          10  ft5206.o(.constdata)
    GT9147_CFG_TBL                           0x0800e03e   Data         184  gt9147.o(.constdata)
    GT9147_TPX_TBL                           0x0800e0f6   Data          10  gt9147.o(.constdata)
    OTT_TPX_TBL                              0x0800e100   Data          10  ott2001a.o(.constdata)
    TP_REMIND_MSG_TBL                        0x0800e10c   Data           4  touch.o(.constdata)
    memtblsize                               0x0800e110   Data          12  malloc.o(.constdata)
    memblksize                               0x0800e11c   Data          12  malloc.o(.constdata)
    memsize                                  0x0800e128   Data          12  malloc.o(.constdata)
    Region$$Table$$Base                      0x0800e3fc   Number         0  anon$$obj.o(Region$$Table)
    Region$$Table$$Limit                     0x0800e41c   Number         0  anon$$obj.o(Region$$Table)
    mem3base                                 0x10000000   Data       61440  malloc.o(.ARM.__AT_0x10000000)
    mem3mapbase                              0x1000f000   Data        3840  malloc.o(.ARM.__AT_0x1000F000)
    ValidN                                   0x20000002   Data           2  main.o(.data)
    kbd_tbl                                  0x20000004   Data           4  main.o(.data)
    kbd_menu                                 0x20000008   Data          60  main.o(.data)
    kbd_delFR                                0x20000044   Data          60  main.o(.data)
    USART_RX_STA                             0x20000084   Data           2  usart.o(.data)
    __stdout                                 0x20000088   Data           4  usart.o(.data)
    POINT_COLOR                              0x2000008c   Data           2  lcd.o(.data)
    BACK_COLOR                               0x2000008e   Data           2  lcd.o(.data)
    W25QXX_TYPE                              0x20000090   Data           2  w25qxx.o(.data)
    TransferError                            0x20000097   Data           1  sdio_sdcard.o(.data)
    TransferEnd                              0x20000098   Data           1  sdio_sdcard.o(.data)
    tempbuff                                 0x200000a0   Data           4  sdio_sdcard.o(.data)
    CMD_RDX                                  0x200000a8   Data           1  touch.o(.data)
    CMD_RDY                                  0x200000a9   Data           1  touch.o(.data)
    tp_dev                                   0x200000ac   Data          52  touch.o(.data)
    USART2_RX_STA                            0x200000e2   Data           2  usart2.o(.data)
    AS608Addr                                0x200000e4   Data           4  as608.o(.data)
    mallco_dev                               0x200000e8   Data          36  malloc.o(.data)
    sys_cmd_tab                              0x2000010c   Data          28  usmart.o(.data)
    usmart_nametab                           0x20000128   Data          48  usmart_config.o(.data)
    usmart_dev                               0x20000158   Data         244  usmart_config.o(.data)
    file                                     0x2000024c   Data           4  exfuns.o(.data)
    ftemp                                    0x20000250   Data           4  exfuns.o(.data)
    fatbuf                                   0x20000254   Data           4  exfuns.o(.data)
    fs                                       0x20000258   Data           8  exfuns.o(.data)
    FILE_TYPE_TBL                            0x20000260   Data         312  exfuns.o(.data)
    FLASH_SECTOR_COUNT                       0x20000398   Data           2  diskio.o(.data)
    AS608Para                                0x200003b8   Data          12  main.o(.bss)
    USART_RX_BUF                             0x200003c4   Data         200  usart.o(.bss)
    lcddev                                   0x2000048c   Data          14  lcd.o(.bss)
    W25QXX_BUFFER                            0x2000049a   Data        4096  w25qxx.o(.bss)
    SDIO_InitStructure                       0x200014a0   Data          24  sdio_sdcard.o(.bss)
    SDIO_CmdInitStructure                    0x200014b8   Data          20  sdio_sdcard.o(.bss)
    SDIO_DataInitStructure                   0x200014cc   Data          24  sdio_sdcard.o(.bss)
    SDCardInfo                               0x20001508   Data          88  sdio_sdcard.o(.bss)
    SDIO_DATA_BUFFER                         0x20001560   Data         512  sdio_sdcard.o(.bss)
    USART2_TX_BUF                            0x20001760   Data         400  usart2.o(.bss)
    USART2_RX_BUF                            0x200018f0   Data         400  usart2.o(.bss)
    mem1base                                 0x20001a80   Data       102400  malloc.o(.bss)
    mem1mapbase                              0x2001aa80   Data        6400  malloc.o(.bss)
    ftinfo                                   0x2001c380   Data          33  fontupd.o(.bss)
    __libspace_start                         0x2001c3a4   Data          96  libspace.o(.bss)
    __temporary_stack_top$libspace           0x2001c404   Data           0  libspace.o(.bss)
    mem2base                                 0x68000000   Data       983040  malloc.o(.ARM.__AT_0x68000000)
    mem2mapbase                              0x680f0000   Data       61440  malloc.o(.ARM.__AT_0x680F0000)



==============================================================================

Memory Map of the image

  Image Entry point : 0x08000189

  Load Region LR_IROM1 (Base: 0x08000000, Size: 0x0000e7d4, Max: 0x00100000, ABSOLUTE, COMPRESSED[0x0000e540])

    Execution Region ER_IROM1 (Base: 0x08000000, Size: 0x0000e41c, Max: 0x00100000, ABSOLUTE)

    Base Addr    Size         Type   Attr      Idx    E Section Name        Object

    0x08000000   0x00000188   Data   RO         4654    RESET               startup_stm32f40_41xxx.o
    0x08000188   0x00000008   Code   RO         4744  * !!!main             c_w.l(__main.o)
    0x08000190   0x00000034   Code   RO         5071    !!!scatter          c_w.l(__scatter.o)
    0x080001c4   0x0000005a   Code   RO         5069    !!dczerorl2         c_w.l(__dczerorl2.o)
    0x0800021e   0x00000002   PAD
    0x08000220   0x0000001c   Code   RO         5073    !!handler_zi        c_w.l(__scatter_zi.o)
    0x0800023c   0x00000000   Code   RO         4729    .ARM.Collect$$_printf_percent$$00000000  c_w.l(_printf_percent.o)
    0x0800023c   0x00000006   Code   RO         4727    .ARM.Collect$$_printf_percent$$00000009  c_w.l(_printf_d.o)
    0x08000242   0x00000006   Code   RO         4728    .ARM.Collect$$_printf_percent$$0000000A  c_w.l(_printf_u.o)
    0x08000248   0x00000006   Code   RO         4726    .ARM.Collect$$_printf_percent$$0000000C  c_w.l(_printf_x.o)
    0x0800024e   0x00000006   Code   RO         4724    .ARM.Collect$$_printf_percent$$00000013  c_w.l(_printf_c.o)
    0x08000254   0x00000006   Code   RO         4725    .ARM.Collect$$_printf_percent$$00000014  c_w.l(_printf_s.o)
    0x0800025a   0x00000004   Code   RO         4822    .ARM.Collect$$_printf_percent$$00000017  c_w.l(_printf_percent_end.o)
    0x0800025e   0x00000002   Code   RO         4936    .ARM.Collect$$libinit$$00000000  c_w.l(libinit.o)
    0x08000260   0x00000004   Code   RO         4950    .ARM.Collect$$libinit$$00000001  c_w.l(libinit2.o)
    0x08000264   0x00000000   Code   RO         4953    .ARM.Collect$$libinit$$00000004  c_w.l(libinit2.o)
    0x08000264   0x00000000   Code   RO         4956    .ARM.Collect$$libinit$$0000000A  c_w.l(libinit2.o)
    0x08000264   0x00000000   Code   RO         4958    .ARM.Collect$$libinit$$0000000C  c_w.l(libinit2.o)
    0x08000264   0x00000000   Code   RO         4960    .ARM.Collect$$libinit$$0000000E  c_w.l(libinit2.o)
    0x08000264   0x00000000   Code   RO         4963    .ARM.Collect$$libinit$$00000011  c_w.l(libinit2.o)
    0x08000264   0x00000000   Code   RO         4965    .ARM.Collect$$libinit$$00000013  c_w.l(libinit2.o)
    0x08000264   0x00000000   Code   RO         4967    .ARM.Collect$$libinit$$00000015  c_w.l(libinit2.o)
    0x08000264   0x00000000   Code   RO         4969    .ARM.Collect$$libinit$$00000017  c_w.l(libinit2.o)
    0x08000264   0x00000000   Code   RO         4971    .ARM.Collect$$libinit$$00000019  c_w.l(libinit2.o)
    0x08000264   0x00000000   Code   RO         4973    .ARM.Collect$$libinit$$0000001B  c_w.l(libinit2.o)
    0x08000264   0x00000000   Code   RO         4975    .ARM.Collect$$libinit$$0000001D  c_w.l(libinit2.o)
    0x08000264   0x00000000   Code   RO         4977    .ARM.Collect$$libinit$$0000001F  c_w.l(libinit2.o)
    0x08000264   0x00000000   Code   RO         4979    .ARM.Collect$$libinit$$00000021  c_w.l(libinit2.o)
    0x08000264   0x00000000   Code   RO         4981    .ARM.Collect$$libinit$$00000023  c_w.l(libinit2.o)
    0x08000264   0x00000000   Code   RO         4983    .ARM.Collect$$libinit$$00000025  c_w.l(libinit2.o)
    0x08000264   0x00000000   Code   RO         4987    .ARM.Collect$$libinit$$0000002C  c_w.l(libinit2.o)
    0x08000264   0x00000000   Code   RO         4989    .ARM.Collect$$libinit$$0000002E  c_w.l(libinit2.o)
    0x08000264   0x00000000   Code   RO         4991    .ARM.Collect$$libinit$$00000030  c_w.l(libinit2.o)
    0x08000264   0x00000000   Code   RO         4993    .ARM.Collect$$libinit$$00000032  c_w.l(libinit2.o)
    0x08000264   0x00000002   Code   RO         4994    .ARM.Collect$$libinit$$00000033  c_w.l(libinit2.o)
    0x08000266   0x00000002   Code   RO         5022    .ARM.Collect$$libshutdown$$00000000  c_w.l(libshutdown.o)
    0x08000268   0x00000000   Code   RO         5037    .ARM.Collect$$libshutdown$$00000003  c_w.l(libshutdown2.o)
    0x08000268   0x00000000   Code   RO         5040    .ARM.Collect$$libshutdown$$00000006  c_w.l(libshutdown2.o)
    0x08000268   0x00000000   Code   RO         5043    .ARM.Collect$$libshutdown$$00000009  c_w.l(libshutdown2.o)
    0x08000268   0x00000000   Code   RO         5045    .ARM.Collect$$libshutdown$$0000000B  c_w.l(libshutdown2.o)
    0x08000268   0x00000000   Code   RO         5048    .ARM.Collect$$libshutdown$$0000000E  c_w.l(libshutdown2.o)
    0x08000268   0x00000002   Code   RO         5049    .ARM.Collect$$libshutdown$$0000000F  c_w.l(libshutdown2.o)
    0x0800026a   0x00000000   Code   RO         4784    .ARM.Collect$$rtentry$$00000000  c_w.l(__rtentry.o)
    0x0800026a   0x00000000   Code   RO         4848    .ARM.Collect$$rtentry$$00000002  c_w.l(__rtentry2.o)
    0x0800026a   0x00000006   Code   RO         4860    .ARM.Collect$$rtentry$$00000004  c_w.l(__rtentry4.o)
    0x08000270   0x00000000   Code   RO         4850    .ARM.Collect$$rtentry$$00000009  c_w.l(__rtentry2.o)
    0x08000270   0x00000004   Code   RO         4851    .ARM.Collect$$rtentry$$0000000A  c_w.l(__rtentry2.o)
    0x08000274   0x00000000   Code   RO         4853    .ARM.Collect$$rtentry$$0000000C  c_w.l(__rtentry2.o)
    0x08000274   0x00000008   Code   RO         4854    .ARM.Collect$$rtentry$$0000000D  c_w.l(__rtentry2.o)
    0x0800027c   0x00000002   Code   RO         4941    .ARM.Collect$$rtexit$$00000000  c_w.l(rtexit.o)
    0x0800027e   0x00000000   Code   RO         4996    .ARM.Collect$$rtexit$$00000002  c_w.l(rtexit2.o)
    0x0800027e   0x00000004   Code   RO         4997    .ARM.Collect$$rtexit$$00000003  c_w.l(rtexit2.o)
    0x08000282   0x00000006   Code   RO         4998    .ARM.Collect$$rtexit$$00000004  c_w.l(rtexit2.o)
    0x08000288   0x00000010   Code   RO          447    .emb_text           sys.o
    0x08000298   0x00000040   Code   RO         4655    .text               startup_stm32f40_41xxx.o
    0x080002d8   0x00000002   Code   RO         4661    .text               c_w.l(use_no_semi_2.o)
    0x080002da   0x00000002   PAD
    0x080002dc   0x00000018   Code   RO         4667    .text               c_w.l(__2printf.o)
    0x080002f4   0x0000002c   Code   RO         4669    .text               c_w.l(__2sprintf.o)
    0x08000320   0x0000004e   Code   RO         4677    .text               c_w.l(_printf_pad.o)
    0x0800036e   0x00000052   Code   RO         4679    .text               c_w.l(_printf_str.o)
    0x080003c0   0x00000078   Code   RO         4681    .text               c_w.l(_printf_dec.o)
    0x08000438   0x00000094   Code   RO         4701    .text               c_w.l(_printf_hex_int_ll_ptr.o)
    0x080004cc   0x00000188   Code   RO         4721    .text               c_w.l(__printf_flags_ss_wp.o)
    0x08000654   0x00000024   Code   RO         4730    .text               c_w.l(strstr.o)
    0x08000678   0x0000003e   Code   RO         4734    .text               c_w.l(strlen.o)
    0x080006b6   0x0000008a   Code   RO         4738    .text               c_w.l(rt_memcpy_v6.o)
    0x08000740   0x00000080   Code   RO         4740    .text               c_w.l(strcmpv7m.o)
    0x080007c0   0x00000006   Code   RO         4742    .text               c_w.l(heapauxi.o)
    0x080007c6   0x00000002   Code   RO         4782    .text               c_w.l(use_no_semi.o)
    0x080007c8   0x00000016   Code   RO         4787    .text               c_w.l(_rserrno.o)
    0x080007de   0x000000b2   Code   RO         4791    .text               c_w.l(_printf_intcommon.o)
    0x08000890   0x00000030   Code   RO         4795    .text               c_w.l(_printf_char_common.o)
    0x080008c0   0x0000000a   Code   RO         4797    .text               c_w.l(_sputc.o)
    0x080008ca   0x0000002c   Code   RO         4799    .text               c_w.l(_printf_char.o)
    0x080008f6   0x00000002   PAD
    0x080008f8   0x00000024   Code   RO         4801    .text               c_w.l(_printf_char_file.o)
    0x0800091c   0x00000064   Code   RO         4832    .text               c_w.l(rt_memcpy_w.o)
    0x08000980   0x00000008   Code   RO         4869    .text               c_w.l(rt_errno_addr_intlibspace.o)
    0x08000988   0x00000008   Code   RO         4879    .text               c_w.l(ferror.o)
    0x08000990   0x00000008   Code   RO         4885    .text               c_w.l(libspace.o)
    0x08000998   0x0000004a   Code   RO         4888    .text               c_w.l(sys_stackheap_outer.o)
    0x080009e2   0x0000000c   Code   RO         4929    .text               c_w.l(exit.o)
    0x080009ee   0x00000002   PAD
    0x080009f0   0x000000cc   Code   RO            3    i.AS608_get_keynum  main.o
    0x08000abc   0x000000b4   Code   RO            4    i.AS608_key_staset  main.o
    0x08000b70   0x0000011c   Code   RO            5    i.AS608_load_keyboard  main.o
    0x08000c8c   0x00000004   Code   RO         1420    i.AT24CXX_Init      24cxx.o
    0x08000c90   0x0000002a   Code   RO         1422    i.AT24CXX_ReadLenByte  24cxx.o
    0x08000cba   0x00000042   Code   RO         1423    i.AT24CXX_ReadOneByte  24cxx.o
    0x08000cfc   0x0000002a   Code   RO         1425    i.AT24CXX_WriteLenByte  24cxx.o
    0x08000d26   0x0000003e   Code   RO         1426    i.AT24CXX_WriteOneByte  24cxx.o
    0x08000d64   0x0000037c   Code   RO            6    i.Add_FR            main.o
    0x080010e0   0x00000040   Code   RO          724    i.BEEP_Init         beep.o
    0x08001120   0x00000002   Code   RO          273    i.BusFault_Handler  stm32f4xx_it.o
    0x08001122   0x00000002   PAD
    0x08001124   0x0000004c   Code   RO         1098    i.CT_IIC_Ack        ctiic.o
    0x08001170   0x00000040   Code   RO         1099    i.CT_IIC_Init       ctiic.o
    0x080011b0   0x0000004c   Code   RO         1100    i.CT_IIC_NAck       ctiic.o
    0x080011fc   0x00000078   Code   RO         1101    i.CT_IIC_Read_Byte  ctiic.o
    0x08001274   0x00000068   Code   RO         1102    i.CT_IIC_Send_Byte  ctiic.o
    0x080012dc   0x0000004c   Code   RO         1103    i.CT_IIC_Start      ctiic.o
    0x08001328   0x00000044   Code   RO         1104    i.CT_IIC_Stop       ctiic.o
    0x0800136c   0x00000054   Code   RO         1105    i.CT_IIC_Wait_Ack   ctiic.o
    0x080013c0   0x0000002a   Code   RO          887    i.CmdError          sdio_sdcard.o
    0x080013ea   0x00000002   PAD
    0x080013ec   0x00000058   Code   RO          888    i.CmdResp1Error     sdio_sdcard.o
    0x08001444   0x00000048   Code   RO          889    i.CmdResp2Error     sdio_sdcard.o
    0x0800148c   0x00000030   Code   RO          890    i.CmdResp3Error     sdio_sdcard.o
    0x080014bc   0x0000007c   Code   RO          891    i.CmdResp6Error     sdio_sdcard.o
    0x08001538   0x0000003c   Code   RO          892    i.CmdResp7Error     sdio_sdcard.o
    0x08001574   0x00000014   Code   RO         4528    i.DMA_Cmd           stm32f4xx_dma.o
    0x08001588   0x00000124   Code   RO         4529    i.DMA_DeInit        stm32f4xx_dma.o
    0x080016ac   0x00000014   Code   RO         4532    i.DMA_FlowControllerConfig  stm32f4xx_dma.o
    0x080016c0   0x0000000e   Code   RO         4533    i.DMA_GetCmdStatus  stm32f4xx_dma.o
    0x080016ce   0x00000002   PAD
    0x080016d0   0x00000054   Code   RO         4540    i.DMA_Init          stm32f4xx_dma.o
    0x08001724   0x00000002   Code   RO          274    i.DebugMon_Handler  stm32f4xx_it.o
    0x08001726   0x00000002   PAD
    0x08001728   0x00000130   Code   RO            7    i.Del_FR            main.o
    0x08001858   0x00000244   Code   RO         1643    i.EnsureMessage     as608.o
    0x08001a9c   0x00000020   Code   RO         2923    i.FSMC_NORSRAMCmd   stm32f4xx_fsmc.o
    0x08001abc   0x000000c8   Code   RO         2925    i.FSMC_NORSRAMInit  stm32f4xx_fsmc.o
    0x08001b84   0x000000d4   Code   RO         1168    i.FT5206_Init       ft5206.o
    0x08001c58   0x00000056   Code   RO         1169    i.FT5206_RD_Reg     ft5206.o
    0x08001cae   0x00000002   PAD
    0x08001cb0   0x00000140   Code   RO         1170    i.FT5206_Scan       ft5206.o
    0x08001df0   0x00000048   Code   RO         1171    i.FT5206_WR_Reg     ft5206.o
    0x08001e38   0x0000013c   Code   RO          893    i.FindSCR           sdio_sdcard.o
    0x08001f74   0x00000072   Code   RO            8    i.GET_NUM           main.o
    0x08001fe6   0x000000a2   Code   RO         2815    i.GPIO_Init         stm32f4xx_gpio.o
    0x08002088   0x00000020   Code   RO         2816    i.GPIO_PinAFConfig  stm32f4xx_gpio.o
    0x080020a8   0x0000000e   Code   RO         2819    i.GPIO_ReadInputDataBit  stm32f4xx_gpio.o
    0x080020b6   0x00000004   Code   RO         2822    i.GPIO_ResetBits    stm32f4xx_gpio.o
    0x080020ba   0x00000004   Code   RO         2823    i.GPIO_SetBits      stm32f4xx_gpio.o
    0x080020be   0x00000002   PAD
    0x080020c0   0x00000118   Code   RO         1213    i.GT9147_Init       gt9147.o
    0x080021d8   0x00000060   Code   RO         1214    i.GT9147_RD_Reg     gt9147.o
    0x08002238   0x0000016c   Code   RO         1215    i.GT9147_Scan       gt9147.o
    0x080023a4   0x00000050   Code   RO         1216    i.GT9147_Send_Cfg   gt9147.o
    0x080023f4   0x00000052   Code   RO         1217    i.GT9147_WR_Reg     gt9147.o
    0x08002446   0x00000002   PAD
    0x08002448   0x00000090   Code   RO         2732    i.Get_HzMat         text.o
    0x080024d8   0x00000002   Code   RO          275    i.HardFault_Handler  stm32f4xx_it.o
    0x080024da   0x00000002   PAD
    0x080024dc   0x00000040   Code   RO         1481    i.IIC_Ack           myiic.o
    0x0800251c   0x00000044   Code   RO         1482    i.IIC_Init          myiic.o
    0x08002560   0x00000040   Code   RO         1483    i.IIC_NAck          myiic.o
    0x080025a0   0x00000068   Code   RO         1484    i.IIC_Read_Byte     myiic.o
    0x08002608   0x00000060   Code   RO         1485    i.IIC_Send_Byte     myiic.o
    0x08002668   0x00000040   Code   RO         1486    i.IIC_Start         myiic.o
    0x080026a8   0x00000044   Code   RO         1487    i.IIC_Stop          myiic.o
    0x080026ec   0x00000054   Code   RO         1488    i.IIC_Wait_Ack      myiic.o
    0x08002740   0x0000008c   Code   RO          894    i.IsCardProgramming  sdio_sdcard.o
    0x080027cc   0x00000070   Code   RO         1644    i.JudgeStr          as608.o
    0x0800283c   0x00000044   Code   RO         1570    i.KEY_Init          key.o
    0x08002880   0x000000cc   Code   RO         1571    i.KEY_Scan          key.o
    0x0800294c   0x00000068   Code   RO          516    i.LCD_Clear         lcd.o
    0x080029b4   0x00000134   Code   RO          520    i.LCD_Display_Dir   lcd.o
    0x08002ae8   0x0000009a   Code   RO          521    i.LCD_DrawLine      lcd.o
    0x08002b82   0x00000002   PAD
    0x08002b84   0x0000001c   Code   RO          522    i.LCD_DrawPoint     lcd.o
    0x08002ba0   0x00000038   Code   RO          523    i.LCD_DrawRectangle  lcd.o
    0x08002bd8   0x000000b0   Code   RO          524    i.LCD_Draw_Circle   lcd.o
    0x08002c88   0x00000118   Code   RO          525    i.LCD_Fast_DrawPoint  lcd.o
    0x08002da0   0x0000008c   Code   RO          526    i.LCD_Fill          lcd.o
    0x08002e2c   0x0000370e   Code   RO          527    i.LCD_Init          lcd.o
    0x0800653a   0x00000010   Code   RO          528    i.LCD_Pow           lcd.o
    0x0800654a   0x00000014   Code   RO          529    i.LCD_RD_DATA       lcd.o
    0x0800655e   0x00000014   Code   RO          531    i.LCD_ReadReg       lcd.o
    0x08006572   0x00000002   PAD
    0x08006574   0x00000050   Code   RO          532    i.LCD_SSD_BackLightSet  lcd.o
    0x080065c4   0x00000204   Code   RO          533    i.LCD_Scan_Dir      lcd.o
    0x080067c8   0x0000015c   Code   RO          534    i.LCD_SetCursor     lcd.o
    0x08006924   0x000000d4   Code   RO          536    i.LCD_ShowChar      lcd.o
    0x080069f8   0x00000076   Code   RO          537    i.LCD_ShowNum       lcd.o
    0x08006a6e   0x00000054   Code   RO          538    i.LCD_ShowString    lcd.o
    0x08006ac2   0x00000018   Code   RO          540    i.LCD_WR_DATA       lcd.o
    0x08006ada   0x00000018   Code   RO          541    i.LCD_WR_REG        lcd.o
    0x08006af2   0x00000002   PAD
    0x08006af4   0x00000014   Code   RO          543    i.LCD_WriteRAM_Prepare  lcd.o
    0x08006b08   0x0000000c   Code   RO          544    i.LCD_WriteReg      lcd.o
    0x08006b14   0x00000014   Code   RO         1645    i.MYUSART_SendData  as608.o
    0x08006b28   0x00000002   Code   RO          276    i.MemManage_Handler  stm32f4xx_it.o
    0x08006b2a   0x00000002   Code   RO          277    i.NMI_Handler       stm32f4xx_it.o
    0x08006b2c   0x00000064   Code   RO         2770    i.NVIC_Init         misc.o
    0x08006b90   0x00000014   Code   RO         2771    i.NVIC_PriorityGroupConfig  misc.o
    0x08006ba4   0x000000a0   Code   RO         1261    i.OTT2001A_Init     ott2001a.o
    0x08006c44   0x00000060   Code   RO         1262    i.OTT2001A_RD_Reg   ott2001a.o
    0x08006ca4   0x00000184   Code   RO         1263    i.OTT2001A_Scan     ott2001a.o
    0x08006e28   0x0000001e   Code   RO         1264    i.OTT2001A_SensorControl  ott2001a.o
    0x08006e46   0x00000052   Code   RO         1265    i.OTT2001A_WR_Reg   ott2001a.o
    0x08006e98   0x0000005e   Code   RO         1646    i.PS_DeletChar      as608.o
    0x08006ef6   0x00000034   Code   RO         1647    i.PS_Empty          as608.o
    0x08006f2a   0x0000003c   Code   RO         1648    i.PS_GenChar        as608.o
    0x08006f66   0x00000034   Code   RO         1649    i.PS_GetImage       as608.o
    0x08006f9a   0x00000002   PAD
    0x08006f9c   0x0000006c   Code   RO         1650    i.PS_HandShake      as608.o
    0x08007008   0x00000084   Code   RO         1651    i.PS_HighSpeedSearch  as608.o
    0x0800708c   0x00000034   Code   RO         1652    i.PS_Match          as608.o
    0x080070c0   0x000000e4   Code   RO         1654    i.PS_ReadSysPara    as608.o
    0x080071a4   0x00000034   Code   RO         1655    i.PS_RegModel       as608.o
    0x080071d8   0x000000a4   Code   RO         1657    i.PS_SetAddr        as608.o
    0x0800727c   0x00000030   Code   RO         1658    i.PS_StaGPIO_Init   as608.o
    0x080072ac   0x00000052   Code   RO         1659    i.PS_StoreChar      as608.o
    0x080072fe   0x00000002   PAD
    0x08007300   0x0000007c   Code   RO         1660    i.PS_ValidTempleteNum  as608.o
    0x0800737c   0x0000007c   Code   RO         1662    i.PS_WriteReg       as608.o
    0x080073f8   0x00000002   Code   RO          278    i.PendSV_Handler    stm32f4xx_it.o
    0x080073fa   0x00000002   PAD
    0x080073fc   0x00000018   Code   RO         3043    i.RCC_AHB1PeriphClockCmd  stm32f4xx_rcc.o
    0x08007414   0x00000018   Code   RO         3049    i.RCC_AHB3PeriphClockCmd  stm32f4xx_rcc.o
    0x0800742c   0x00000018   Code   RO         3052    i.RCC_APB1PeriphClockCmd  stm32f4xx_rcc.o
    0x08007444   0x00000018   Code   RO         3054    i.RCC_APB1PeriphResetCmd  stm32f4xx_rcc.o
    0x0800745c   0x00000018   Code   RO         3055    i.RCC_APB2PeriphClockCmd  stm32f4xx_rcc.o
    0x08007474   0x00000018   Code   RO         3057    i.RCC_APB2PeriphResetCmd  stm32f4xx_rcc.o
    0x0800748c   0x00000090   Code   RO         3064    i.RCC_GetClocksFreq  stm32f4xx_rcc.o
    0x0800751c   0x0000008c   Code   RO          895    i.SDEnWideBus       sdio_sdcard.o
    0x080075a8   0x0000000c   Code   RO         4333    i.SDIO_ClearFlag    stm32f4xx_sdio.o
    0x080075b4   0x00000014   Code   RO          896    i.SDIO_Clock_Set    sdio_sdcard.o
    0x080075c8   0x00000030   Code   RO         4339    i.SDIO_DataConfig   stm32f4xx_sdio.o
    0x080075f8   0x00000014   Code   RO         4345    i.SDIO_GetFlagStatus  stm32f4xx_sdio.o
    0x0800760c   0x00000010   Code   RO         4347    i.SDIO_GetPowerState  stm32f4xx_sdio.o
    0x0800761c   0x00000004   Code   RO          897    i.SDIO_IRQHandler   sdio_sdcard.o
    0x08007620   0x0000002c   Code   RO         4350    i.SDIO_Init         stm32f4xx_sdio.o
    0x0800764c   0x00000038   Code   RO          898    i.SDIO_Register_Deinit  sdio_sdcard.o
    0x08007684   0x00000028   Code   RO         4353    i.SDIO_SendCommand  stm32f4xx_sdio.o
    0x080076ac   0x0000000c   Code   RO         4355    i.SDIO_SetPowerState  stm32f4xx_sdio.o
    0x080076b8   0x00000078   Code   RO          899    i.SD_DMA_Config     sdio_sdcard.o
    0x08007730   0x0000004c   Code   RO          900    i.SD_EnableWideBusOperation  sdio_sdcard.o
    0x0800777c   0x00000210   Code   RO          901    i.SD_GetCardInfo    sdio_sdcard.o
    0x0800798c   0x0000011c   Code   RO          903    i.SD_Init           sdio_sdcard.o
    0x08007aa8   0x0000011c   Code   RO          904    i.SD_InitializeCards  sdio_sdcard.o
    0x08007bc4   0x00000184   Code   RO          906    i.SD_PowerON        sdio_sdcard.o
    0x08007d48   0x000000f0   Code   RO          907    i.SD_ProcessIRQSrc  sdio_sdcard.o
    0x08007e38   0x00000208   Code   RO          908    i.SD_ReadBlock      sdio_sdcard.o
    0x08008040   0x00000078   Code   RO          909    i.SD_ReadDisk       sdio_sdcard.o
    0x080080b8   0x0000026c   Code   RO          910    i.SD_ReadMultiBlocks  sdio_sdcard.o
    0x08008324   0x0000002c   Code   RO          911    i.SD_SelectDeselect  sdio_sdcard.o
    0x08008350   0x00000018   Code   RO          913    i.SD_SetDeviceMode  sdio_sdcard.o
    0x08008368   0x000002e0   Code   RO          914    i.SD_WriteBlock     sdio_sdcard.o
    0x08008648   0x00000070   Code   RO          915    i.SD_WriteDisk      sdio_sdcard.o
    0x080086b8   0x0000030c   Code   RO          916    i.SD_WriteMultiBlocks  sdio_sdcard.o
    0x080089c4   0x000000c4   Code   RO          744    i.SPI1_Init         spi.o
    0x08008a88   0x00000034   Code   RO          745    i.SPI1_ReadWriteByte  spi.o
    0x08008abc   0x0000001c   Code   RO          746    i.SPI1_SetSpeed     spi.o
    0x08008ad8   0x00000014   Code   RO         4174    i.SPI_Cmd           stm32f4xx_spi.o
    0x08008aec   0x0000000e   Code   RO         4182    i.SPI_I2S_GetFlagStatus  stm32f4xx_spi.o
    0x08008afa   0x00000004   Code   RO         4185    i.SPI_I2S_ReceiveData  stm32f4xx_spi.o
    0x08008afe   0x00000004   Code   RO         4186    i.SPI_I2S_SendData  stm32f4xx_spi.o
    0x08008b02   0x00000038   Code   RO         4187    i.SPI_Init          stm32f4xx_spi.o
    0x08008b3a   0x00000002   Code   RO          279    i.SVC_Handler       stm32f4xx_it.o
    0x08008b3c   0x00000030   Code   RO         1663    i.SendAddr          as608.o
    0x08008b6c   0x00000014   Code   RO         1664    i.SendCheck         as608.o
    0x08008b80   0x00000012   Code   RO         1665    i.SendHead          as608.o
    0x08008b92   0x00000016   Code   RO         1666    i.SendLength        as608.o
    0x08008ba8   0x000000b4   Code   RO          370    i.SetSysClock       system_stm32f4xx.o
    0x08008c5c   0x00000034   Code   RO            9    i.ShowErrMessage    main.o
    0x08008c90   0x000000a4   Code   RO         2733    i.Show_Font         text.o
    0x08008d34   0x00000092   Code   RO         2734    i.Show_Str          text.o
    0x08008dc6   0x00000002   PAD
    0x08008dc8   0x00000058   Code   RO         2735    i.Show_Str_Mid      text.o
    0x08008e20   0x00000018   Code   RO         2774    i.SysTick_CLKSourceConfig  misc.o
    0x08008e38   0x00000002   Code   RO          280    i.SysTick_Handler   stm32f4xx_it.o
    0x08008e3a   0x00000002   PAD
    0x08008e3c   0x0000005c   Code   RO          372    i.SystemInit        system_stm32f4xx.o
    0x08008e98   0x0000003c   Code   RO         1880    i.TIM4_IRQHandler   usmart.o
    0x08008ed4   0x00000038   Code   RO         1543    i.TIM7_IRQHandler   timer.o
    0x08008f0c   0x00000054   Code   RO         1544    i.TIM7_Int_Init     timer.o
    0x08008f60   0x00000006   Code   RO         3573    i.TIM_ClearFlag     stm32f4xx_tim.o
    0x08008f66   0x00000006   Code   RO         3574    i.TIM_ClearITPendingBit  stm32f4xx_tim.o
    0x08008f6c   0x00000014   Code   RO         3579    i.TIM_Cmd           stm32f4xx_tim.o
    0x08008f80   0x00000004   Code   RO         3598    i.TIM_GetCounter    stm32f4xx_tim.o
    0x08008f84   0x0000000e   Code   RO         3599    i.TIM_GetFlagStatus  stm32f4xx_tim.o
    0x08008f92   0x00000018   Code   RO         3600    i.TIM_GetITStatus   stm32f4xx_tim.o
    0x08008faa   0x00000010   Code   RO         3604    i.TIM_ITConfig      stm32f4xx_tim.o
    0x08008fba   0x00000004   Code   RO         3639    i.TIM_SetAutoreload  stm32f4xx_tim.o
    0x08008fbe   0x00000004   Code   RO         3645    i.TIM_SetCounter    stm32f4xx_tim.o
    0x08008fc2   0x00000002   PAD
    0x08008fc4   0x0000007c   Code   RO         3651    i.TIM_TimeBaseInit  stm32f4xx_tim.o
    0x08009040   0x00000178   Code   RO         1309    i.TP_Adj_Info_Show  touch.o
    0x080091b8   0x000005c4   Code   RO         1310    i.TP_Adjust         touch.o
    0x0800977c   0x00000070   Code   RO         1312    i.TP_Drow_Touch_Point  touch.o
    0x080097ec   0x0000008c   Code   RO         1313    i.TP_Get_Adjdata    touch.o
    0x08009878   0x00000108   Code   RO         1314    i.TP_Init           touch.o
    0x08009980   0x0000008c   Code   RO         1315    i.TP_Read_AD        touch.o
    0x08009a0c   0x00000064   Code   RO         1316    i.TP_Read_XOY       touch.o
    0x08009a70   0x00000028   Code   RO         1317    i.TP_Read_XY        touch.o
    0x08009a98   0x0000007a   Code   RO         1318    i.TP_Read_XY2       touch.o
    0x08009b12   0x00000002   PAD
    0x08009b14   0x00000078   Code   RO         1319    i.TP_Save_Adjdata   touch.o
    0x08009b8c   0x000000c0   Code   RO         1320    i.TP_Scan           touch.o
    0x08009c4c   0x00000048   Code   RO         1321    i.TP_Write_Byte     touch.o
    0x08009c94   0x00000060   Code   RO         1881    i.Timer4_Init       usmart.o
    0x08009cf4   0x00000064   Code   RO          465    i.USART1_IRQHandler  usart.o
    0x08009d58   0x00000060   Code   RO         1597    i.USART2_IRQHandler  usart2.o
    0x08009db8   0x00000014   Code   RO         3381    i.USART_Cmd         stm32f4xx_usart.o
    0x08009dcc   0x000000ac   Code   RO         3383    i.USART_DeInit      stm32f4xx_usart.o
    0x08009e78   0x0000003e   Code   RO         3385    i.USART_GetITStatus  stm32f4xx_usart.o
    0x08009eb6   0x00000030   Code   RO         3387    i.USART_ITConfig    stm32f4xx_usart.o
    0x08009ee6   0x00000002   PAD
    0x08009ee8   0x000000ac   Code   RO         3388    i.USART_Init        stm32f4xx_usart.o
    0x08009f94   0x00000008   Code   RO         3395    i.USART_ReceiveData  stm32f4xx_usart.o
    0x08009f9c   0x00000002   Code   RO          281    i.UsageFault_Handler  stm32f4xx_it.o
    0x08009f9e   0x00000002   PAD
    0x08009fa0   0x00000058   Code   RO          780    i.W25QXX_Erase_Sector  w25qxx.o
    0x08009ff8   0x00000078   Code   RO          781    i.W25QXX_Init       w25qxx.o
    0x0800a070   0x00000050   Code   RO          783    i.W25QXX_Read       w25qxx.o
    0x0800a0c0   0x00000044   Code   RO          784    i.W25QXX_ReadID     w25qxx.o
    0x0800a104   0x00000024   Code   RO          785    i.W25QXX_ReadSR     w25qxx.o
    0x0800a128   0x0000000e   Code   RO          787    i.W25QXX_Wait_Busy  w25qxx.o
    0x0800a136   0x00000002   PAD
    0x0800a138   0x0000009c   Code   RO          788    i.W25QXX_Write      w25qxx.o
    0x0800a1d4   0x00000020   Code   RO          790    i.W25QXX_Write_Enable  w25qxx.o
    0x0800a1f4   0x0000003e   Code   RO          791    i.W25QXX_Write_NoCheck  w25qxx.o
    0x0800a232   0x00000002   PAD
    0x0800a234   0x00000058   Code   RO          792    i.W25QXX_Write_Page  w25qxx.o
    0x0800a28c   0x0000007a   Code   RO         4770    i.__hardfp_sqrt     m_wm.l(sqrt.o)
    0x0800a306   0x0000000e   Code   RO         4714    i._is_digit         c_w.l(__printf_wp.o)
    0x0800a314   0x00000002   Code   RO          466    i._sys_exit         usart.o
    0x0800a316   0x00000002   PAD
    0x0800a318   0x0000005c   Code   RO         2186    i.check_fs          ff.o
    0x0800a374   0x00000012   Code   RO          917    i.convert_from_bytes_to_power_of_two  sdio_sdcard.o
    0x0800a386   0x00000002   PAD
    0x0800a388   0x0000002c   Code   RO          407    i.delay_init        delay.o
    0x0800a3b4   0x00000034   Code   RO          408    i.delay_ms          delay.o
    0x0800a3e8   0x00000034   Code   RO          409    i.delay_us          delay.o
    0x0800a41c   0x00000034   Code   RO          410    i.delay_xms         delay.o
    0x0800a450   0x00000028   Code   RO         2120    i.disk_initialize   diskio.o
    0x0800a478   0x00000048   Code   RO         2122    i.disk_read         diskio.o
    0x0800a4c0   0x00000004   Code   RO         2123    i.disk_status       diskio.o
    0x0800a4c4   0x00000048   Code   RO         2124    i.disk_write        diskio.o
    0x0800a50c   0x00000064   Code   RO         2067    i.exfuns_init       exfuns.o
    0x0800a570   0x0000004c   Code   RO         2208    i.f_mount           ff.o
    0x0800a5bc   0x00000238   Code   RO         2224    i.find_volume       ff.o
    0x0800a7f4   0x00000040   Code   RO         2682    i.font_init         fontupd.o
    0x0800a834   0x00000014   Code   RO          467    i.fputc             usart.o
    0x0800a848   0x0000003c   Code   RO         2229    i.get_ldnumber      ff.o
    0x0800a884   0x00000350   Code   RO           10    i.main              main.o
    0x0800abd4   0x0000002e   Code   RO         2233    i.move_window       ff.o
    0x0800ac02   0x00000002   PAD
    0x0800ac04   0x00000058   Code   RO         1801    i.my_mem_free       malloc.o
    0x0800ac5c   0x0000003c   Code   RO         1802    i.my_mem_init       malloc.o
    0x0800ac98   0x00000090   Code   RO         1803    i.my_mem_malloc     malloc.o
    0x0800ad28   0x00000038   Code   RO         1804    i.my_mem_perused    malloc.o
    0x0800ad60   0x00000018   Code   RO         1805    i.myfree            malloc.o
    0x0800ad78   0x00000020   Code   RO         1806    i.mymalloc          malloc.o
    0x0800ad98   0x0000000e   Code   RO         1808    i.mymemset          malloc.o
    0x0800ada6   0x00000002   PAD
    0x0800ada8   0x000000e4   Code   RO           11    i.press_FR          main.o
    0x0800ae8c   0x00000004   Code   RO         1882    i.read_addr         usmart.o
    0x0800ae90   0x00000050   Code   RO         2240    i.sync_window       ff.o
    0x0800aee0   0x000000b0   Code   RO          468    i.uart_init         usart.o
    0x0800af90   0x000000d4   Code   RO         1599    i.usart2_init       usart2.o
    0x0800b064   0x00000094   Code   RO         1883    i.usmart_cmd_rec    usmart.o
    0x0800b0f8   0x00000264   Code   RO         1884    i.usmart_exe        usmart.o
    0x0800b35c   0x0000009e   Code   RO         1990    i.usmart_get_aparm  usmart_str.o
    0x0800b3fa   0x0000002e   Code   RO         1991    i.usmart_get_cmdname  usmart_str.o
    0x0800b428   0x00000170   Code   RO         1992    i.usmart_get_fname  usmart_str.o
    0x0800b598   0x000000d4   Code   RO         1993    i.usmart_get_fparam  usmart_str.o
    0x0800b66c   0x00000024   Code   RO         1994    i.usmart_get_parmpos  usmart_str.o
    0x0800b690   0x00000038   Code   RO         1885    i.usmart_get_runtime  usmart.o
    0x0800b6c8   0x00000028   Code   RO         1886    i.usmart_init       usmart.o
    0x0800b6f0   0x00000010   Code   RO         1995    i.usmart_pow        usmart_str.o
    0x0800b700   0x00000030   Code   RO         1887    i.usmart_reset_runtime  usmart.o
    0x0800b730   0x000000a4   Code   RO         1888    i.usmart_scan       usmart.o
    0x0800b7d4   0x00000010   Code   RO         1996    i.usmart_search_nextc  usmart_str.o
    0x0800b7e4   0x000000a6   Code   RO         1997    i.usmart_str2num    usmart_str.o
    0x0800b88a   0x00000018   Code   RO         1998    i.usmart_strcmp     usmart_str.o
    0x0800b8a2   0x00000012   Code   RO         1999    i.usmart_strcopy    usmart_str.o
    0x0800b8b4   0x00000012   Code   RO         2000    i.usmart_strlen     usmart_str.o
    0x0800b8c6   0x00000002   PAD
    0x0800b8c8   0x00000670   Code   RO         1889    i.usmart_sys_cmd_exe  usmart.o
    0x0800bf38   0x00000004   Code   RO         1890    i.write_addr        usmart.o
    0x0800bf3c   0x00000150   Code   RO         4746    x$fpl$dadd          fz_wm.l(daddsub_clz.o)
    0x0800c08c   0x00000018   Code   RO         4834    x$fpl$dcmpinf       fz_wm.l(dcmpi.o)
    0x0800c0a4   0x0000005a   Code   RO         4752    x$fpl$dfixu         fz_wm.l(dfixu.o)
    0x0800c0fe   0x00000026   Code   RO         4756    x$fpl$dfltu         fz_wm.l(dflt_clz.o)
    0x0800c124   0x00000078   Code   RO         4762    x$fpl$dleqf         fz_wm.l(dleqf.o)
    0x0800c19c   0x00000154   Code   RO         4764    x$fpl$dmul          fz_wm.l(dmul.o)
    0x0800c2f0   0x0000009c   Code   RO         4836    x$fpl$dnaninf       fz_wm.l(dnaninf.o)
    0x0800c38c   0x0000000c   Code   RO         4838    x$fpl$dretinf       fz_wm.l(dretinf.o)
    0x0800c398   0x0000006c   Code   RO         4766    x$fpl$drleqf        fz_wm.l(drleqf.o)
    0x0800c404   0x00000016   Code   RO         4747    x$fpl$drsb          fz_wm.l(daddsub_clz.o)
    0x0800c41a   0x00000002   PAD
    0x0800c41c   0x00000198   Code   RO         4840    x$fpl$dsqrt         fz_wm.l(dsqrt_umaal.o)
    0x0800c5b4   0x000001d4   Code   RO         4748    x$fpl$dsub          fz_wm.l(daddsub_clz.o)
    0x0800c788   0x00000056   Code   RO         4768    x$fpl$f2d           fz_wm.l(f2d.o)
    0x0800c7de   0x0000008c   Code   RO         4842    x$fpl$fnaninf       fz_wm.l(fnaninf.o)
    0x0800c86a   0x0000000a   Code   RO         5010    x$fpl$fpinit        fz_wm.l(fpinit.o)
    0x0800c874   0x00000000   Code   RO         4846    x$fpl$usenofp       fz_wm.l(usenofp.o)
    0x0800c874   0x000017c0   Data   RO          547    .constdata          lcd.o
    0x0800e034   0x0000000a   Data   RO         1172    .constdata          ft5206.o
    0x0800e03e   0x000000c2   Data   RO         1218    .constdata          gt9147.o
    0x0800e100   0x0000000a   Data   RO         1266    .constdata          ott2001a.o
    0x0800e10a   0x00000002   PAD
    0x0800e10c   0x00000004   Data   RO         1322    .constdata          touch.o
    0x0800e110   0x00000024   Data   RO         1816    .constdata          malloc.o
    0x0800e134   0x00000028   Data   RO         4702    .constdata          c_w.l(_printf_hex_int_ll_ptr.o)
    0x0800e15c   0x00000011   Data   RO         4722    .constdata          c_w.l(__printf_flags_ss_wp.o)
    0x0800e16d   0x00000003   PAD
    0x0800e170   0x00000059   Data   RO           13    .conststring        main.o
    0x0800e1c9   0x00000003   PAD
    0x0800e1cc   0x00000079   Data   RO         1323    .conststring        touch.o
    0x0800e245   0x00000003   PAD
    0x0800e248   0x00000028   Data   RO         1891    .conststring        usmart.o
    0x0800e270   0x00000127   Data   RO         1964    .conststring        usmart_config.o
    0x0800e397   0x00000001   PAD
    0x0800e398   0x00000064   Data   RO         2071    .conststring        exfuns.o
    0x0800e3fc   0x00000020   Data   RO         5067    Region$$Table       anon$$obj.o


    Execution Region RW_IRAM1 (Base: 0x20000000, Size: 0x0001ca08, Max: 0x00020000, ABSOLUTE, COMPRESSED[0x00000124])

    Base Addr    Size         Type   Attr      Idx    E Section Name        Object

    0x20000000   0x00000080   Data   RW           14    .data               main.o
    0x20000080   0x00000004   Data   RW          411    .data               delay.o
    0x20000084   0x00000002   Data   RW          470    .data               usart.o
    0x20000086   0x00000002   PAD
    0x20000088   0x00000004   Data   RW          471    .data               usart.o
    0x2000008c   0x00000004   Data   RW          548    .data               lcd.o
    0x20000090   0x00000002   Data   RW          795    .data               w25qxx.o
    0x20000092   0x00000002   PAD
    0x20000094   0x00000010   Data   RW          919    .data               sdio_sdcard.o
    0x200000a4   0x00000001   Data   RW         1173    .data               ft5206.o
    0x200000a5   0x00000001   Data   RW         1219    .data               gt9147.o
    0x200000a6   0x00000001   Data   RW         1267    .data               ott2001a.o
    0x200000a7   0x00000001   PAD
    0x200000a8   0x00000038   Data   RW         1324    .data               touch.o
    0x200000e0   0x00000001   Data   RW         1572    .data               key.o
    0x200000e1   0x00000001   PAD
    0x200000e2   0x00000002   Data   RW         1601    .data               usart2.o
    0x200000e4   0x00000004   Data   RW         1667    .data               as608.o
    0x200000e8   0x00000024   Data   RW         1817    .data               malloc.o
    0x2000010c   0x0000001c   Data   RW         1892    .data               usmart.o
    0x20000128   0x00000030   Data   RW         1965    .data               usmart_config.o
    0x20000158   0x000000f4   Data   RW         1966    .data               usmart_config.o
    0x2000024c   0x0000014c   Data   RW         2072    .data               exfuns.o
    0x20000398   0x00000002   Data   RW         2128    .data               diskio.o
    0x2000039a   0x00000002   PAD
    0x2000039c   0x0000000c   Data   RW         2243    .data               ff.o
    0x200003a8   0x00000010   Data   RW         3096    .data               stm32f4xx_rcc.o
    0x200003b8   0x0000000c   Zero   RW           12    .bss                main.o
    0x200003c4   0x000000c8   Zero   RW          469    .bss                usart.o
    0x2000048c   0x0000000e   Zero   RW          546    .bss                lcd.o
    0x2000049a   0x00001000   Zero   RW          794    .bss                w25qxx.o
    0x2000149a   0x00000006   PAD
    0x200014a0   0x000002c0   Zero   RW          918    .bss                sdio_sdcard.o
    0x20001760   0x00000320   Zero   RW         1600    .bss                usart2.o
    0x20001a80   0x00019000   Zero   RW         1814    .bss                malloc.o
    0x2001aa80   0x00001900   Zero   RW         1815    .bss                malloc.o
    0x2001c380   0x00000021   Zero   RW         2686    .bss                fontupd.o
    0x2001c3a1   0x00000003   PAD
    0x2001c3a4   0x00000060   Zero   RW         4886    .bss                c_w.l(libspace.o)
    0x2001c404   0x00000004   PAD
    0x2001c408   0x00000200   Zero   RW         4653    HEAP                startup_stm32f40_41xxx.o
    0x2001c608   0x00000400   Zero   RW         4652    STACK               startup_stm32f40_41xxx.o



  Load Region LR$$.ARM.__AT_0x10000000 (Base: 0x10000000, Size: 0x00000000, Max: 0x0000f000, ABSOLUTE)

    Execution Region ER$$.ARM.__AT_0x10000000 (Base: 0x10000000, Size: 0x0000f000, Max: 0x0000f000, ABSOLUTE, UNINIT)

    Base Addr    Size         Type   Attr      Idx    E Section Name        Object

    0x10000000   0x0000f000   Zero   RW         1810    .ARM.__AT_0x10000000  malloc.o



  Load Region LR$$.ARM.__AT_0x1000F000 (Base: 0x1000f000, Size: 0x00000000, Max: 0x00000f00, ABSOLUTE)

    Execution Region ER$$.ARM.__AT_0x1000F000 (Base: 0x1000f000, Size: 0x00000f00, Max: 0x00000f00, ABSOLUTE, UNINIT)

    Base Addr    Size         Type   Attr      Idx    E Section Name        Object

    0x1000f000   0x00000f00   Zero   RW         1811    .ARM.__AT_0x1000F000  malloc.o



  Load Region LR$$.ARM.__AT_0x68000000 (Base: 0x68000000, Size: 0x00000000, Max: 0x000f0000, ABSOLUTE)

    Execution Region ER$$.ARM.__AT_0x68000000 (Base: 0x68000000, Size: 0x000f0000, Max: 0x000f0000, ABSOLUTE, UNINIT)

    Base Addr    Size         Type   Attr      Idx    E Section Name        Object

    0x68000000   0x000f0000   Zero   RW         1812    .ARM.__AT_0x68000000  malloc.o



  Load Region LR$$.ARM.__AT_0x680F0000 (Base: 0x680f0000, Size: 0x00000000, Max: 0x0000f000, ABSOLUTE)

    Execution Region ER$$.ARM.__AT_0x680F0000 (Base: 0x680f0000, Size: 0x0000f000, Max: 0x0000f000, ABSOLUTE, UNINIT)

    Base Addr    Size         Type   Attr      Idx    E Section Name        Object

    0x680f0000   0x0000f000   Zero   RW         1813    .ARM.__AT_0x680F0000  malloc.o


==============================================================================

Image component sizes


      Code (inc. data)   RO Data    RW Data    ZI Data      Debug   Object Name

       216          0          0          0          0       4045   24cxx.o
      2192        684          0          4          0      20669   as608.o
        64          4          0          0          0        776   beep.o
       668        100          0          0          0       7385   ctiic.o
       200         18          0          4          0       3487   delay.o
       188          4          0          2          0       5486   diskio.o
       100          6        100        332          0       5067   exfuns.o
       922         24          0         12          0       9883   ff.o
        64          6          0          0         33       2949   fontupd.o
       690         36         10          1          0       4957   ft5206.o
       902         74        194          1          0       6006   gt9147.o
       272         24          0          1          0       1742   key.o
     16834        142       6080          4         14      31163   lcd.o
      3106        642         89        128         12     333045   main.o
       418         40         36         36    1218560       8297   malloc.o
       144         14          0          0          0       2873   misc.o
       612         72          0          0          0       6342   myiic.o
       756         62         10          1          0       5787   ott2001a.o
      6004        274          0         16        704      39825   sdio_sdcard.o
       276         18          0          0          0       2441   spi.o
        64         26        392          0       1536        996   startup_stm32f40_41xxx.o
       430         24          0          0          0       5676   stm32f4xx_dma.o
       232          6          0          0          0       2485   stm32f4xx_fsmc.o
       216          0          0          0          0       4559   stm32f4xx_gpio.o
        18          0          0          0          0       6070   stm32f4xx_it.o
       288         48          0         16          0       8202   stm32f4xx_rcc.o
       192         36          0          0          0       7373   stm32f4xx_sdio.o
        98          0          0          0          0       4630   stm32f4xx_spi.o
       222         28          0          0          0       9499   stm32f4xx_tim.o
       482         42          0          0          0       6153   stm32f4xx_usart.o
        16          0          0          0          0        648   sys.o
       272         36          0          0          0       2165   system_stm32f4xx.o
       542         22          0          0          0       4526   text.o
       140         14          0          0          0       1630   timer.o
      3154        244        125         56          0      13777   touch.o
       298         26          0          6        200       5552   usart.o
       308         32          0          2        800       3054   usart2.o
      2880       1332         40         28          0      10666   usmart.o
         0          0        295        292          0       2172   usmart_config.o
      1078         20          0          0          0      10711   usmart_str.o
       744         62          0          2       4096       9499   w25qxx.o

    ----------------------------------------------------------------------
     46356       4242       7412        952    1225964     622268   Object Totals
         0          0         32          0          0          0   (incl. Generated)
        54          0          9          8          9          0   (incl. Padding)

    ----------------------------------------------------------------------

      Code (inc. data)   RO Data    RW Data    ZI Data      Debug   Library Member Name

        24          4          0          0          0         84   __2printf.o
        44          6          0          0          0         84   __2sprintf.o
        90          0          0          0          0          0   __dczerorl2.o
         8          0          0          0          0         68   __main.o
       392          4         17          0          0         92   __printf_flags_ss_wp.o
        14          0          0          0          0         68   __printf_wp.o
         0          0          0          0          0          0   __rtentry.o
        12          0          0          0          0          0   __rtentry2.o
         6          0          0          0          0          0   __rtentry4.o
        52          8          0          0          0          0   __scatter.o
        28          0          0          0          0          0   __scatter_zi.o
         6          0          0          0          0          0   _printf_c.o
        44          0          0          0          0        108   _printf_char.o
        48          6          0          0          0         96   _printf_char_common.o
        36          4          0          0          0         80   _printf_char_file.o
         6          0          0          0          0          0   _printf_d.o
       120         16          0          0          0         92   _printf_dec.o
       148          4         40          0          0        160   _printf_hex_int_ll_ptr.o
       178          0          0          0          0         88   _printf_intcommon.o
        78          0          0          0          0        108   _printf_pad.o
         0          0          0          0          0          0   _printf_percent.o
         4          0          0          0          0          0   _printf_percent_end.o
         6          0          0          0          0          0   _printf_s.o
        82          0          0          0          0         80   _printf_str.o
         6          0          0          0          0          0   _printf_u.o
         6          0          0          0          0          0   _printf_x.o
        22          0          0          0          0        100   _rserrno.o
        10          0          0          0          0         68   _sputc.o
        12          0          0          0          0         72   exit.o
         8          0          0          0          0         68   ferror.o
         6          0          0          0          0        152   heapauxi.o
         2          0          0          0          0          0   libinit.o
         6          0          0          0          0          0   libinit2.o
         2          0          0          0          0          0   libshutdown.o
         2          0          0          0          0          0   libshutdown2.o
         8          4          0          0         96         68   libspace.o
         8          4          0          0          0         68   rt_errno_addr_intlibspace.o
       138          0          0          0          0         68   rt_memcpy_v6.o
       100          0          0          0          0         80   rt_memcpy_w.o
         2          0          0          0          0          0   rtexit.o
        10          0          0          0          0          0   rtexit2.o
       128          0          0          0          0         68   strcmpv7m.o
        62          0          0          0          0         76   strlen.o
        36          0          0          0          0         80   strstr.o
        74          0          0          0          0         80   sys_stackheap_outer.o
         2          0          0          0          0         68   use_no_semi.o
         2          0          0          0          0         68   use_no_semi_2.o
       826         16          0          0          0        492   daddsub_clz.o
        24          0          0          0          0        116   dcmpi.o
        90          4          0          0          0        140   dfixu.o
        38          0          0          0          0        116   dflt_clz.o
       120          4          0          0          0        140   dleqf.o
       340         12          0          0          0        152   dmul.o
       156          4          0          0          0        140   dnaninf.o
        12          0          0          0          0        116   dretinf.o
       108          0          0          0          0        128   drleqf.o
       408         56          0          0          0        168   dsqrt_umaal.o
        86          4          0          0          0        132   f2d.o
       140          4          0          0          0        132   fnaninf.o
        10          0          0          0          0        116   fpinit.o
         0          0          0          0          0          0   usenofp.o
       122          0          0          0          0        148   sqrt.o

    ----------------------------------------------------------------------
      4568        164         60          0        100       4628   Library Totals
        10          0          3          0          4          0   (incl. Padding)

    ----------------------------------------------------------------------

      Code (inc. data)   RO Data    RW Data    ZI Data      Debug   Library Name

      2078         60         57          0         96       2392   c_w.l
      2358        104          0          0          0       2088   fz_wm.l
       122          0          0          0          0        148   m_wm.l

    ----------------------------------------------------------------------
      4568        164         60          0        100       4628   Library Totals

    ----------------------------------------------------------------------

==============================================================================


      Code (inc. data)   RO Data    RW Data    ZI Data      Debug   

     50924       4406       7472        952    1226064     598848   Grand Totals
     50924       4406       7472        292    1226064     598848   ELF Image Totals (compressed)
     50924       4406       7472        292          0          0   ROM Totals

==============================================================================

    Total RO  Size (Code + RO Data)                58396 (  57.03kB)
    Total RW  Size (RW Data + ZI Data)           1227016 (1198.26kB)
    Total ROM Size (Code + RO Data + RW Data)      58688 (  57.31kB)

==============================================================================

