<html>
<body>
<pre>
<h1>礦ision Build Log</h1>
<h2>Tool Versions:</h2>
IDE-Version: μVision V5.14.0.0
Copyright (C) 2015 ARM Ltd and ARM Germany GmbH. All rights reserved.
License Information: q z, h, LIC=KRMW3-AE36L-LQJ0Q-NQCI3-4RU7U-4GX4W
 
Tool Versions:
Toolchain:       MDK-ARM Standard  Version: 5.14.0.0
Toolchain Path:  C:\Keil_v5\ARM\ARMCC\Bin
C Compiler:      Armcc.exe V5.05 update 1 (build 106)
Assembler:       Armasm.exe V5.05 update 1 (build 106)
Linker/Locator:  ArmLink.exe V5.05 update 1 (build 106)
Library Manager: ArmAr.exe V5.05 update 1 (build 106)
Hex Converter:   FromElf.exe V5.05 update 1 (build 106)
CPU DLL:         SARMCM3.DLL V5.14.0.0
Dialog DLL:      DCM.DLL V1.13.1.0
Target DLL:      STLink\ST-LINKIII-KEIL_SWO.dll V2.0.14.0_KEIL
Dialog DLL:      TCM.DLL V1.14.4.0
 
<h2>Project:</h2>
E:\GraduateLearning\arm\fingerprint\AAAAAAAtest_main\主控\实验28 触摸屏代码修改\USER\TOUCH.uvprojx
Project File Date:  10/13/2021

<h2>Output:</h2>
Rebuild target 'TOUCH'
compiling main.c...
main.c(757): warning:  #111-D: statement is unreachable
        myfree(SRAMIN,p);               //释放内存
main.c(438): warning:  #550-D: variable "fontok" was set but never used
    u8 fontok=0; 
main.c(445): warning:  #177-D: variable "res" was declared but never referenced
        u8 res=0;
main.c: 3 warnings, 0 errors
compiling stm32f4xx_it.c...
compiling system_stm32f4xx.c...
compiling led.c...
compiling lcd.c...
compiling key.c...
compiling myiic.c...
compiling 24cxx.c...
compiling ctiic.c...
compiling gt9147.c...
compiling ott2001a.c...
compiling ft5206.c...
compiling touch.c...
compiling beep.c...
compiling sdio_sdcard.c...
compiling spi.c...
compiling sram.c...
compiling timer.c...
compiling usart3.c...
compiling w25qxx.c...
compiling delay.c...
compiling sys.c...
compiling usart.c...
assembling startup_stm32f40_41xxx.s...
compiling misc.c...
compiling stm32f4xx_gpio.c...
compiling stm32f4xx_fsmc.c...
compiling stm32f4xx_rcc.c...
compiling stm32f4xx_syscfg.c...
compiling stm32f4xx_usart.c...
compiling stm32f4xx_dma.c...
compiling stm32f4xx_exti.c...
compiling stm32f4xx_rtc.c...
compiling stm32f4xx_sdio.c...
compiling stm32f4xx_spi.c...
compiling stm32f4xx_tim.c...
compiling malloc.c...
compiling exfuns.c...
compiling fattester.c...
compiling mycc936.c...
compiling diskio.c...
compiling ff.c...
compiling fontupd.c...
compiling text.c...
compiling common.c...
..\ATK-ESP8266\common.c(430): warning:  #177-D: variable "key" was declared but never referenced
        u8 key=0;
..\ATK-ESP8266\common.c(431): warning:  #177-D: variable "timex" was declared but never referenced
        u8 timex=0;  
..\ATK-ESP8266\common.c(432): warning:  #177-D: variable "iplen" was declared but never referenced
        u8 iplen=0;                     //IP长度 
..\ATK-ESP8266\common.c: 3 warnings, 0 errors
compiling wifiap.c...
compiling wifista.c...
..\ATK-ESP8266\wifista.c(119): warning:  #111-D: statement is unreachable
        myfree(SRAMIN,p);               //释放内存 
..\ATK-ESP8266\wifista.c: 1 warning, 0 errors
compiling usmart.c...
compiling usmart_config.c...
compiling usmart_str.c...
linking...
Program Size: Code=94992 RO-data=9064 RW-data=972 ZI-data=1226076  
FromELF: creating hex file...
"..\OBJ\TOUCH.axf" - 0 Error(s), 7 Warning(s).

<h2>Collection of Component include folders:</h2>
  E:\GraduateLearning\arm\fingerprint\AAAAAAAtest_main\主控\实验28 触摸屏代码修改\USER\RTE
  C:\Keil_v5\ARM\PACK\Keil\STM32F4xx_DFP\2.15.0

<h2>Collection of Component Files used:</h2>
</pre>
</body>
</html>
